Archive member included to satisfy reference by file (symbol)

c:/st/stm32cubeide_1.10.0/stm32cubeide/plugins/com.st.stm32cube.ide.mcu.externaltools.gnu-tools-for-stm32.10.3-2021.10.win32_1.0.0.202111181127/tools/bin/../lib/gcc/arm-none-eabi/10.3.1/../../../../arm-none-eabi/lib/thumb/v7e-m+fp/hard\libc_nano.a(lib_a-errno.o)
                              ./Core/Src/syscalls.o (__errno)
c:/st/stm32cubeide_1.10.0/stm32cubeide/plugins/com.st.stm32cube.ide.mcu.externaltools.gnu-tools-for-stm32.10.3-2021.10.win32_1.0.0.202111181127/tools/bin/../lib/gcc/arm-none-eabi/10.3.1/../../../../arm-none-eabi/lib/thumb/v7e-m+fp/hard\libc_nano.a(lib_a-exit.o)
                              c:/st/stm32cubeide_1.10.0/stm32cubeide/plugins/com.st.stm32cube.ide.mcu.externaltools.gnu-tools-for-stm32.10.3-2021.10.win32_1.0.0.202111181127/tools/bin/../lib/gcc/arm-none-eabi/10.3.1/../../../../arm-none-eabi/lib/thumb/v7e-m+fp/hard/crt0.o (exit)
c:/st/stm32cubeide_1.10.0/stm32cubeide/plugins/com.st.stm32cube.ide.mcu.externaltools.gnu-tools-for-stm32.10.3-2021.10.win32_1.0.0.202111181127/tools/bin/../lib/gcc/arm-none-eabi/10.3.1/../../../../arm-none-eabi/lib/thumb/v7e-m+fp/hard\libc_nano.a(lib_a-impure.o)
                              c:/st/stm32cubeide_1.10.0/stm32cubeide/plugins/com.st.stm32cube.ide.mcu.externaltools.gnu-tools-for-stm32.10.3-2021.10.win32_1.0.0.202111181127/tools/bin/../lib/gcc/arm-none-eabi/10.3.1/../../../../arm-none-eabi/lib/thumb/v7e-m+fp/hard\libc_nano.a(lib_a-exit.o) (_global_impure_ptr)
c:/st/stm32cubeide_1.10.0/stm32cubeide/plugins/com.st.stm32cube.ide.mcu.externaltools.gnu-tools-for-stm32.10.3-2021.10.win32_1.0.0.202111181127/tools/bin/../lib/gcc/arm-none-eabi/10.3.1/../../../../arm-none-eabi/lib/thumb/v7e-m+fp/hard\libc_nano.a(lib_a-init.o)
                              c:/st/stm32cubeide_1.10.0/stm32cubeide/plugins/com.st.stm32cube.ide.mcu.externaltools.gnu-tools-for-stm32.10.3-2021.10.win32_1.0.0.202111181127/tools/bin/../lib/gcc/arm-none-eabi/10.3.1/../../../../arm-none-eabi/lib/thumb/v7e-m+fp/hard/crt0.o (__libc_init_array)
c:/st/stm32cubeide_1.10.0/stm32cubeide/plugins/com.st.stm32cube.ide.mcu.externaltools.gnu-tools-for-stm32.10.3-2021.10.win32_1.0.0.202111181127/tools/bin/../lib/gcc/arm-none-eabi/10.3.1/../../../../arm-none-eabi/lib/thumb/v7e-m+fp/hard\libc_nano.a(lib_a-memcpy-stub.o)
                              ./Middlewares/Third_Party/FreeRTOS/Source/CMSIS_RTOS_V2/cmsis_os2.o (memcpy)
c:/st/stm32cubeide_1.10.0/stm32cubeide/plugins/com.st.stm32cube.ide.mcu.externaltools.gnu-tools-for-stm32.10.3-2021.10.win32_1.0.0.202111181127/tools/bin/../lib/gcc/arm-none-eabi/10.3.1/../../../../arm-none-eabi/lib/thumb/v7e-m+fp/hard\libc_nano.a(lib_a-memset.o)
                              c:/st/stm32cubeide_1.10.0/stm32cubeide/plugins/com.st.stm32cube.ide.mcu.externaltools.gnu-tools-for-stm32.10.3-2021.10.win32_1.0.0.202111181127/tools/bin/../lib/gcc/arm-none-eabi/10.3.1/../../../../arm-none-eabi/lib/thumb/v7e-m+fp/hard/crt0.o (memset)
c:/st/stm32cubeide_1.10.0/stm32cubeide/plugins/com.st.stm32cube.ide.mcu.externaltools.gnu-tools-for-stm32.10.3-2021.10.win32_1.0.0.202111181127/tools/bin/../lib/gcc/arm-none-eabi/10.3.1/thumb/v7e-m+fp/hard\libgcc.a(_aeabi_uldivmod.o)
                              ./Drivers/STM32F4xx_HAL_Driver/Src/stm32f4xx_hal_rcc.o (__aeabi_uldivmod)
c:/st/stm32cubeide_1.10.0/stm32cubeide/plugins/com.st.stm32cube.ide.mcu.externaltools.gnu-tools-for-stm32.10.3-2021.10.win32_1.0.0.202111181127/tools/bin/../lib/gcc/arm-none-eabi/10.3.1/thumb/v7e-m+fp/hard\libgcc.a(_udivmoddi4.o)
                              c:/st/stm32cubeide_1.10.0/stm32cubeide/plugins/com.st.stm32cube.ide.mcu.externaltools.gnu-tools-for-stm32.10.3-2021.10.win32_1.0.0.202111181127/tools/bin/../lib/gcc/arm-none-eabi/10.3.1/thumb/v7e-m+fp/hard\libgcc.a(_aeabi_uldivmod.o) (__udivmoddi4)
c:/st/stm32cubeide_1.10.0/stm32cubeide/plugins/com.st.stm32cube.ide.mcu.externaltools.gnu-tools-for-stm32.10.3-2021.10.win32_1.0.0.202111181127/tools/bin/../lib/gcc/arm-none-eabi/10.3.1/thumb/v7e-m+fp/hard\libgcc.a(_dvmd_tls.o)
                              c:/st/stm32cubeide_1.10.0/stm32cubeide/plugins/com.st.stm32cube.ide.mcu.externaltools.gnu-tools-for-stm32.10.3-2021.10.win32_1.0.0.202111181127/tools/bin/../lib/gcc/arm-none-eabi/10.3.1/thumb/v7e-m+fp/hard\libgcc.a(_aeabi_uldivmod.o) (__aeabi_ldiv0)

Discarded input sections

 .text          0x0000000000000000        0x0 c:/st/stm32cubeide_1.10.0/stm32cubeide/plugins/com.st.stm32cube.ide.mcu.externaltools.gnu-tools-for-stm32.10.3-2021.10.win32_1.0.0.202111181127/tools/bin/../lib/gcc/arm-none-eabi/10.3.1/thumb/v7e-m+fp/hard/crti.o
 .data          0x0000000000000000        0x0 c:/st/stm32cubeide_1.10.0/stm32cubeide/plugins/com.st.stm32cube.ide.mcu.externaltools.gnu-tools-for-stm32.10.3-2021.10.win32_1.0.0.202111181127/tools/bin/../lib/gcc/arm-none-eabi/10.3.1/thumb/v7e-m+fp/hard/crti.o
[...]
Memory Configuration

Name             Origin             Length             Attributes
CCMRAM           0x0000000010000000 0x0000000000010000 xrw
RAM              0x0000000020000000 0x0000000000020000 xrw
FLASH            0x0000000008000000 0x0000000000100000 xr
*default*        0x0000000000000000 0xffffffffffffffff

Linker script and memory map

LOAD c:/st/stm32cubeide_1.10.0/stm32cubeide/plugins/com.st.stm32cube.ide.mcu.externaltools.gnu-tools-for-stm32.10.3-2021.10.win32_1.0.0.202111181127/tools/bin/../lib/gcc/arm-none-eabi/10.3.1/thumb/v7e-m+fp/hard/crti.o
LOAD c:/st/stm32cubeide_1.10.0/stm32cubeide/plugins/com.st.stm32cube.ide.mcu.externaltools.gnu-tools-for-stm32.10.3-2021.10.win32_1.0.0.202111181127/tools/bin/../lib/gcc/arm-none-eabi/10.3.1/thumb/v7e-m+fp/hard/crtbegin.o
LOAD c:/st/stm32cubeide_1.10.0/stm32cubeide/plugins/com.st.stm32cube.ide.mcu.externaltools.gnu-tools-for-stm32.10.3-2021.10.win32_1.0.0.202111181127/tools/bin/../lib/gcc/arm-none-eabi/10.3.1/../../../../arm-none-eabi/lib/thumb/v7e-m+fp/hard/crt0.o
LOAD ./Core/Src/freertos.o
LOAD ./Core/Src/main.o
LOAD ./Core/Src/stm32f4xx_hal_msp.o
LOAD ./Core/Src/stm32f4xx_it.o
LOAD ./Core/Src/syscalls.o
LOAD ./Core/Src/sysmem.o
LOAD ./Core/Src/system_stm32f4xx.o
LOAD ./Core/Startup/startup_stm32f407vgtx.o
LOAD ./Drivers/STM32F4xx_HAL_Driver/Src/stm32f4xx_hal.o
LOAD ./Drivers/STM32F4xx_HAL_Driver/Src/stm32f4xx_hal_cortex.o
LOAD ./Drivers/STM32F4xx_HAL_Driver/Src/stm32f4xx_hal_dma.o
LOAD ./Drivers/STM32F4xx_HAL_Driver/Src/stm32f4xx_hal_dma_ex.o
LOAD ./Drivers/STM32F4xx_HAL_Driver/Src/stm32f4xx_hal_exti.o
LOAD ./Drivers/STM32F4xx_HAL_Driver/Src/stm32f4xx_hal_flash.o
LOAD ./Drivers/STM32F4xx_HAL_Driver/Src/stm32f4xx_hal_flash_ex.o
LOAD ./Drivers/STM32F4xx_HAL_Driver/Src/stm32f4xx_hal_flash_ramfunc.o
LOAD ./Drivers/STM32F4xx_HAL_Driver/Src/stm32f4xx_hal_gpio.o
LOAD ./Drivers/STM32F4xx_HAL_Driver/Src/stm32f4xx_hal_pcd.o
LOAD ./Drivers/STM32F4xx_HAL_Driver/Src/stm32f4xx_hal_pcd_ex.o
LOAD ./Drivers/STM32F4xx_HAL_Driver/Src/stm32f4xx_hal_pwr.o
LOAD ./Drivers/STM32F4xx_HAL_Driver/Src/stm32f4xx_hal_pwr_ex.o
LOAD ./Drivers/STM32F4xx_HAL_Driver/Src/stm32f4xx_hal_rcc.o
LOAD ./Drivers/STM32F4xx_HAL_Driver/Src/stm32f4xx_hal_rcc_ex.o
LOAD ./Drivers/STM32F4xx_HAL_Driver/Src/stm32f4xx_hal_tim.o
LOAD ./Drivers/STM32F4xx_HAL_Driver/Src/stm32f4xx_hal_tim_ex.o
LOAD ./Drivers/STM32F4xx_HAL_Driver/Src/stm32f4xx_ll_usb.o
LOAD ./Middlewares/ST/STM32_USB_Device_Library/Class/CustomHID/Src/usbd_customhid.o
LOAD ./Middlewares/ST/STM32_USB_Device_Library/Core/Src/usbd_core.o
LOAD ./Middlewares/ST/STM32_USB_Device_Library/Core/Src/usbd_ctlreq.o
LOAD ./Middlewares/ST/STM32_USB_Device_Library/Core/Src/usbd_ioreq.o
LOAD ./Middlewares/Third_Party/FreeRTOS/Source/CMSIS_RTOS_V2/cmsis_os2.o
LOAD ./Middlewares/Third_Party/FreeRTOS/Source/croutine.o
LOAD ./Middlewares/Third_Party/FreeRTOS/Source/event_groups.o
LOAD ./Middlewares/Third_Party/FreeRTOS/Source/list.o
LOAD ./Middlewares/Third_Party/FreeRTOS/Source/queue.o
LOAD ./Middlewares/Third_Party/FreeRTOS/Source/stream_buffer.o
LOAD ./Middlewares/Third_Party/FreeRTOS/Source/tasks.o
LOAD ./Middlewares/Third_Party/FreeRTOS/Source/timers.o
LOAD ./Middlewares/Third_Party/FreeRTOS/Source/portable/GCC/ARM_CM4F/port.o
LOAD ./Middlewares/Third_Party/FreeRTOS/Source/portable/MemMang/heap_4.o
LOAD ./USB_DEVICE/App/usb_device.o
LOAD ./USB_DEVICE/App/usbd_custom_hid_if.o
LOAD ./USB_DEVICE/App/usbd_desc.o
LOAD ./USB_DEVICE/Target/usbd_conf.o
START GROUP
LOAD c:/st/stm32cubeide_1.10.0/stm32cubeide/plugins/com.st.stm32cube.ide.mcu.externaltools.gnu-tools-for-stm32.10.3-2021.10.win32_1.0.0.202111181127/tools/bin/../lib/gcc/arm-none-eabi/10.3.1/../../../../arm-none-eabi/lib/thumb/v7e-m+fp/hard\libc_nano.a
LOAD c:/st/stm32cubeide_1.10.0/stm32cubeide/plugins/com.st.stm32cube.ide.mcu.externaltools.gnu-tools-for-stm32.10.3-2021.10.win32_1.0.0.202111181127/tools/bin/../lib/gcc/arm-none-eabi/10.3.1/../../../../arm-none-eabi/lib/thumb/v7e-m+fp/hard\libm.a
END GROUP
START GROUP
LOAD c:/st/stm32cubeide_1.10.0/stm32cubeide/plugins/com.st.stm32cube.ide.mcu.externaltools.gnu-tools-for-stm32.10.3-2021.10.win32_1.0.0.202111181127/tools/bin/../lib/gcc/arm-none-eabi/10.3.1/thumb/v7e-m+fp/hard\libgcc.a
LOAD c:/st/stm32cubeide_1.10.0/stm32cubeide/plugins/com.st.stm32cube.ide.mcu.externaltools.gnu-tools-for-stm32.10.3-2021.10.win32_1.0.0.202111181127/tools/bin/../lib/gcc/arm-none-eabi/10.3.1/../../../../arm-none-eabi/lib/thumb/v7e-m+fp/hard\libc_nano.a
END GROUP
START GROUP
LOAD c:/st/stm32cubeide_1.10.0/stm32cubeide/plugins/com.st.stm32cube.ide.mcu.externaltools.gnu-tools-for-stm32.10.3-2021.10.win32_1.0.0.202111181127/tools/bin/../lib/gcc/arm-none-eabi/10.3.1/thumb/v7e-m+fp/hard\libgcc.a
LOAD c:/st/stm32cubeide_1.10.0/stm32cubeide/plugins/com.st.stm32cube.ide.mcu.externaltools.gnu-tools-for-stm32.10.3-2021.10.win32_1.0.0.202111181127/tools/bin/../lib/gcc/arm-none-eabi/10.3.1/../../../../arm-none-eabi/lib/thumb/v7e-m+fp/hard\libc_nano.a
LOAD c:/st/stm32cubeide_1.10.0/stm32cubeide/plugins/com.st.stm32cube.ide.mcu.externaltools.gnu-tools-for-stm32.10.3-2021.10.win32_1.0.0.202111181127/tools/bin/../lib/gcc/arm-none-eabi/10.3.1/../../../../arm-none-eabi/lib/thumb/v7e-m+fp/hard\libnosys.a
END GROUP
START GROUP
LOAD c:/st/stm32cubeide_1.10.0/stm32cubeide/plugins/com.st.stm32cube.ide.mcu.externaltools.gnu-tools-for-stm32.10.3-2021.10.win32_1.0.0.202111181127/tools/bin/../lib/gcc/arm-none-eabi/10.3.1/thumb/v7e-m+fp/hard\libgcc.a
LOAD c:/st/stm32cubeide_1.10.0/stm32cubeide/plugins/com.st.stm32cube.ide.mcu.externaltools.gnu-tools-for-stm32.10.3-2021.10.win32_1.0.0.202111181127/tools/bin/../lib/gcc/arm-none-eabi/10.3.1/../../../../arm-none-eabi/lib/thumb/v7e-m+fp/hard\libc_nano.a
LOAD c:/st/stm32cubeide_1.10.0/stm32cubeide/plugins/com.st.stm32cube.ide.mcu.externaltools.gnu-tools-for-stm32.10.3-2021.10.win32_1.0.0.202111181127/tools/bin/../lib/gcc/arm-none-eabi/10.3.1/../../../../arm-none-eabi/lib/thumb/v7e-m+fp/hard\libnosys.a
END GROUP
LOAD c:/st/stm32cubeide_1.10.0/stm32cubeide/plugins/com.st.stm32cube.ide.mcu.externaltools.gnu-tools-for-stm32.10.3-2021.10.win32_1.0.0.202111181127/tools/bin/../lib/gcc/arm-none-eabi/10.3.1/thumb/v7e-m+fp/hard/crtend.o
LOAD c:/st/stm32cubeide_1.10.0/stm32cubeide/plugins/com.st.stm32cube.ide.mcu.externaltools.gnu-tools-for-stm32.10.3-2021.10.win32_1.0.0.202111181127/tools/bin/../lib/gcc/arm-none-eabi/10.3.1/thumb/v7e-m+fp/hard/crtn.o
                0x0000000020020000                _estack = (ORIGIN (RAM) + LENGTH (RAM))
                0x0000000000000200                _Min_Heap_Size = 0x200
                0x0000000000000400                _Min_Stack_Size = 0x400

.isr_vector     0x0000000008000000      0x188
                0x0000000008000000                . = ALIGN (0x4)
 *(.isr_vector)
 .isr_vector    0x0000000008000000      0x188 ./Core/Startup/startup_stm32f407vgtx.o
                0x0000000008000000                g_pfnVectors
                0x0000000008000188                . = ALIGN (0x4)

.text           0x0000000008000190     0x96c8
                0x0000000008000190                . = ALIGN (0x4)
 *(.text)
 .text          0x0000000008000190       0x40 c:/st/stm32cubeide_1.10.0/stm32cubeide/plugins/com.st.stm32cube.ide.mcu.externaltools.gnu-tools-for-stm32.10.3-2021.10.win32_1.0.0.202111181127/tools/bin/../lib/gcc/arm-none-eabi/10.3.1/thumb/v7e-m+fp/hard/crtbegin.o
 .text          0x00000000080001d0       0x30 c:/st/stm32cubeide_1.10.0/stm32cubeide/plugins/com.st.stm32cube.ide.mcu.externaltools.gnu-tools-for-stm32.10.3-2021.10.win32_1.0.0.202111181127/tools/bin/../lib/gcc/arm-none-eabi/10.3.1/thumb/v7e-m+fp/hard\libgcc.a(_aeabi_uldivmod.o)
                0x00000000080001d0                __aeabi_uldivmod
 .text          0x0000000008000200      0x2d0 c:/st/stm32cubeide_1.10.0/stm32cubeide/plugins/com.st.stm32cube.ide.mcu.externaltools.gnu-tools-for-stm32.10.3-2021.10.win32_1.0.0.202111181127/tools/bin/../lib/gcc/arm-none-eabi/10.3.1/thumb/v7e-m+fp/hard\libgcc.a(_udivmoddi4.o)
                0x0000000008000200                __udivmoddi4
 .text          0x00000000080004d0        0x4 c:/st/stm32cubeide_1.10.0/stm32cubeide/plugins/com.st.stm32cube.ide.mcu.externaltools.gnu-tools-for-stm32.10.3-2021.10.win32_1.0.0.202111181127/tools/bin/../lib/gcc/arm-none-eabi/10.3.1/thumb/v7e-m+fp/hard\libgcc.a(_dvmd_tls.o)
                0x00000000080004d0                __aeabi_idiv0
                0x00000000080004d0                __aeabi_ldiv0
 *(.text*)
 .text.main     0x00000000080004d4       0x88 ./Core/Src/main.o
                0x00000000080004d4                main
 .text.SystemClock_Config
                0x000000000800055c       0xd4 ./Core/Src/main.o
                0x000000000800055c                SystemClock_Config
 .text.MX_GPIO_Init
                0x0000000008000630       0xc0 ./Core/Src/main.o
 .text.StartDefaultTask
                0x00000000080006f0       0x14 ./Core/Src/main.o
                0x00000000080006f0                StartDefaultTask
 .text.StartLEDTask
                0x0000000008000704       0xf4 ./Core/Src/main.o
                0x0000000008000704                StartLEDTask
 .text.Error_Handler
                0x00000000080007f8        0xa ./Core/Src/main.o
                0x00000000080007f8                Error_Handler
 *fill*         0x0000000008000802        0x2 
 .text.HAL_MspInit
                0x0000000008000804       0x58 ./Core/Src/stm32f4xx_hal_msp.o
                0x0000000008000804                HAL_MspInit
 .text.NMI_Handler
                0x000000000800085c        0x6 ./Core/Src/stm32f4xx_it.o
                0x000000000800085c                NMI_Handler
 .text.HardFault_Handler
                0x0000000008000862        0x6 ./Core/Src/stm32f4xx_it.o
                0x0000000008000862                HardFault_Handler
 .text.MemManage_Handler
                0x0000000008000868        0x6 ./Core/Src/stm32f4xx_it.o
                0x0000000008000868                MemManage_Handler
 .text.BusFault_Handler
                0x000000000800086e        0x6 ./Core/Src/stm32f4xx_it.o
                0x000000000800086e                BusFault_Handler
 .text.UsageFault_Handler
                0x0000000008000874        0x6 ./Core/Src/stm32f4xx_it.o
                0x0000000008000874                UsageFault_Handler
 .text.DebugMon_Handler
                0x000000000800087a        0xe ./Core/Src/stm32f4xx_it.o
                0x000000000800087a                DebugMon_Handler
 .text.SysTick_Handler
                0x0000000008000888       0x1a ./Core/Src/stm32f4xx_it.o
                0x0000000008000888                SysTick_Handler
 *fill*         0x00000000080008a2        0x2 
 .text.OTG_FS_IRQHandler
                0x00000000080008a4       0x14 ./Core/Src/stm32f4xx_it.o
                0x00000000080008a4                OTG_FS_IRQHandler
 .text.SystemInit
                0x00000000080008b8       0x24 ./Core/Src/system_stm32f4xx.o
                0x00000000080008b8                SystemInit
 .text.Reset_Handler
                0x00000000080008dc       0x50 ./Core/Startup/startup_stm32f407vgtx.o
                0x00000000080008dc                Reset_Handler
 .text.Default_Handler
                0x000000000800092c        0x2 ./Core/Startup/startup_stm32f407vgtx.o
                0x000000000800092c                RTC_Alarm_IRQHandler
                0x000000000800092c                HASH_RNG_IRQHandler
                0x000000000800092c                EXTI2_IRQHandler
                0x000000000800092c                TIM8_CC_IRQHandler
                0x000000000800092c                TIM1_CC_IRQHandler
                0x000000000800092c                DMA2_Stream5_IRQHandler
                0x000000000800092c                DMA1_Stream5_IRQHandler
                0x000000000800092c                PVD_IRQHandler
                0x000000000800092c                SDIO_IRQHandler
                0x000000000800092c                TAMP_STAMP_IRQHandler
                0x000000000800092c                CAN2_RX1_IRQHandler
                0x000000000800092c                EXTI3_IRQHandler
                0x000000000800092c                TIM8_TRG_COM_TIM14_IRQHandler
                0x000000000800092c                TIM1_UP_TIM10_IRQHandler
                0x000000000800092c                TIM8_UP_TIM13_IRQHandler
                0x000000000800092c                I2C3_ER_IRQHandler
                0x000000000800092c                EXTI0_IRQHandler
                0x000000000800092c                I2C2_EV_IRQHandler
                0x000000000800092c                DMA1_Stream2_IRQHandler
                0x000000000800092c                CAN1_RX0_IRQHandler
                0x000000000800092c                FPU_IRQHandler
                0x000000000800092c                OTG_HS_WKUP_IRQHandler
                0x000000000800092c                CAN2_SCE_IRQHandler
                0x000000000800092c                DMA2_Stream2_IRQHandler
                0x000000000800092c                SPI1_IRQHandler
                0x000000000800092c                TIM6_DAC_IRQHandler
                0x000000000800092c                TIM1_BRK_TIM9_IRQHandler
                0x000000000800092c                DCMI_IRQHandler
                0x000000000800092c                CAN2_RX0_IRQHandler
                0x000000000800092c                DMA2_Stream3_IRQHandler
                0x000000000800092c                USART6_IRQHandler
                0x000000000800092c                USART3_IRQHandler
                0x000000000800092c                CAN1_RX1_IRQHandler
                0x000000000800092c                UART5_IRQHandler
                0x000000000800092c                DMA2_Stream0_IRQHandler
                0x000000000800092c                TIM4_IRQHandler
                0x000000000800092c                I2C1_EV_IRQHandler
                0x000000000800092c                DMA1_Stream6_IRQHandler
                0x000000000800092c                DMA1_Stream1_IRQHandler
                0x000000000800092c                UART4_IRQHandler
                0x000000000800092c                TIM3_IRQHandler
                0x000000000800092c                RCC_IRQHandler
                0x000000000800092c                TIM8_BRK_TIM12_IRQHandler
                0x000000000800092c                Default_Handler
                0x000000000800092c                EXTI15_10_IRQHandler
                0x000000000800092c                ADC_IRQHandler
                0x000000000800092c                DMA1_Stream7_IRQHandler
                0x000000000800092c                TIM7_IRQHandler
                0x000000000800092c                CAN2_TX_IRQHandler
                0x000000000800092c                TIM5_IRQHandler
                0x000000000800092c                DMA2_Stream7_IRQHandler
                0x000000000800092c                I2C3_EV_IRQHandler
                0x000000000800092c                EXTI9_5_IRQHandler
                0x000000000800092c                RTC_WKUP_IRQHandler
                0x000000000800092c                ETH_WKUP_IRQHandler
                0x000000000800092c                SPI2_IRQHandler
                0x000000000800092c                OTG_HS_EP1_IN_IRQHandler
                0x000000000800092c                DMA1_Stream0_IRQHandler
                0x000000000800092c                CAN1_TX_IRQHandler
                0x000000000800092c                EXTI4_IRQHandler
                0x000000000800092c                FSMC_IRQHandler
                0x000000000800092c                ETH_IRQHandler
                0x000000000800092c                OTG_HS_EP1_OUT_IRQHandler
                0x000000000800092c                WWDG_IRQHandler
                0x000000000800092c                TIM2_IRQHandler
                0x000000000800092c                OTG_FS_WKUP_IRQHandler
                0x000000000800092c                TIM1_TRG_COM_TIM11_IRQHandler
                0x000000000800092c                OTG_HS_IRQHandler
                0x000000000800092c                EXTI1_IRQHandler
                0x000000000800092c                USART2_IRQHandler
                0x000000000800092c                I2C2_ER_IRQHandler
                0x000000000800092c                DMA2_Stream1_IRQHandler
                0x000000000800092c                CAN1_SCE_IRQHandler
                0x000000000800092c                FLASH_IRQHandler
                0x000000000800092c                DMA2_Stream4_IRQHandler
                0x000000000800092c                USART1_IRQHandler
                0x000000000800092c                SPI3_IRQHandler
                0x000000000800092c                DMA1_Stream4_IRQHandler
                0x000000000800092c                I2C1_ER_IRQHandler
                0x000000000800092c                DMA2_Stream6_IRQHandler
                0x000000000800092c                DMA1_Stream3_IRQHandler
 *fill*         0x000000000800092e        0x2 
 .text.HAL_Init
                0x0000000008000930       0x44 ./Drivers/STM32F4xx_HAL_Driver/Src/stm32f4xx_hal.o
                0x0000000008000930                HAL_Init
 .text.HAL_InitTick
                0x0000000008000974       0x60 ./Drivers/STM32F4xx_HAL_Driver/Src/stm32f4xx_hal.o
                0x0000000008000974                HAL_InitTick
 .text.HAL_IncTick
                0x00000000080009d4       0x28 ./Drivers/STM32F4xx_HAL_Driver/Src/stm32f4xx_hal.o
                0x00000000080009d4                HAL_IncTick
 .text.HAL_GetTick
                0x00000000080009fc       0x18 ./Drivers/STM32F4xx_HAL_Driver/Src/stm32f4xx_hal.o
                0x00000000080009fc                HAL_GetTick
 .text.HAL_Delay
                0x0000000008000a14       0x48 ./Drivers/STM32F4xx_HAL_Driver/Src/stm32f4xx_hal.o
                0x0000000008000a14                HAL_Delay
 .text.__NVIC_SetPriorityGrouping
                0x0000000008000a5c       0x48 ./Drivers/STM32F4xx_HAL_Driver/Src/stm32f4xx_hal_cortex.o
 .text.__NVIC_GetPriorityGrouping
                0x0000000008000aa4       0x1c ./Drivers/STM32F4xx_HAL_Driver/Src/stm32f4xx_hal_cortex.o
 .text.__NVIC_EnableIRQ
                0x0000000008000ac0       0x3c ./Drivers/STM32F4xx_HAL_Driver/Src/stm32f4xx_hal_cortex.o
 .text.__NVIC_SetPriority
                0x0000000008000afc       0x54 ./Drivers/STM32F4xx_HAL_Driver/Src/stm32f4xx_hal_cortex.o
 .text.NVIC_EncodePriority
                0x0000000008000b50       0x66 ./Drivers/STM32F4xx_HAL_Driver/Src/stm32f4xx_hal_cortex.o
 *fill*         0x0000000008000bb6        0x2 
 .text.SysTick_Config
                0x0000000008000bb8       0x44 ./Drivers/STM32F4xx_HAL_Driver/Src/stm32f4xx_hal_cortex.o
 .text.HAL_NVIC_SetPriorityGrouping
                0x0000000008000bfc       0x16 ./Drivers/STM32F4xx_HAL_Driver/Src/stm32f4xx_hal_cortex.o
                0x0000000008000bfc                HAL_NVIC_SetPriorityGrouping
 .text.HAL_NVIC_SetPriority
                0x0000000008000c12       0x38 ./Drivers/STM32F4xx_HAL_Driver/Src/stm32f4xx_hal_cortex.o
                0x0000000008000c12                HAL_NVIC_SetPriority
 .text.HAL_NVIC_EnableIRQ
                0x0000000008000c4a       0x1c ./Drivers/STM32F4xx_HAL_Driver/Src/stm32f4xx_hal_cortex.o
                0x0000000008000c4a                HAL_NVIC_EnableIRQ
 .text.HAL_SYSTICK_Config
                0x0000000008000c66       0x18 ./Drivers/STM32F4xx_HAL_Driver/Src/stm32f4xx_hal_cortex.o
                0x0000000008000c66                HAL_SYSTICK_Config
 *fill*         0x0000000008000c7e        0x2 
 .text.HAL_GPIO_Init
                0x0000000008000c80      0x338 ./Drivers/STM32F4xx_HAL_Driver/Src/stm32f4xx_hal_gpio.o
                0x0000000008000c80                HAL_GPIO_Init
 .text.HAL_GPIO_WritePin
                0x0000000008000fb8       0x32 ./Drivers/STM32F4xx_HAL_Driver/Src/stm32f4xx_hal_gpio.o
                0x0000000008000fb8                HAL_GPIO_WritePin
 .text.HAL_PCD_Init
                0x0000000008000fea      0x23a ./Drivers/STM32F4xx_HAL_Driver/Src/stm32f4xx_hal_pcd.o
                0x0000000008000fea                HAL_PCD_Init
 .text.HAL_PCD_Start
                0x0000000008001224       0x66 ./Drivers/STM32F4xx_HAL_Driver/Src/stm32f4xx_hal_pcd.o
                0x0000000008001224                HAL_PCD_Start
 .text.HAL_PCD_IRQHandler
                0x000000000800128a      0x93e ./Drivers/STM32F4xx_HAL_Driver/Src/stm32f4xx_hal_pcd.o
                0x000000000800128a                HAL_PCD_IRQHandler
 .text.HAL_PCD_SetAddress
                0x0000000008001bc8       0x4a ./Drivers/STM32F4xx_HAL_Driver/Src/stm32f4xx_hal_pcd.o
                0x0000000008001bc8                HAL_PCD_SetAddress
 .text.HAL_PCD_EP_Open
                0x0000000008001c12       0xd0 ./Drivers/STM32F4xx_HAL_Driver/Src/stm32f4xx_hal_pcd.o
                0x0000000008001c12                HAL_PCD_EP_Open
 .text.HAL_PCD_EP_Close
                0x0000000008001ce2       0x94 ./Drivers/STM32F4xx_HAL_Driver/Src/stm32f4xx_hal_pcd.o
                0x0000000008001ce2                HAL_PCD_EP_Close
 .text.HAL_PCD_EP_Receive
                0x0000000008001d76       0x96 ./Drivers/STM32F4xx_HAL_Driver/Src/stm32f4xx_hal_pcd.o
                0x0000000008001d76                HAL_PCD_EP_Receive
 .text.HAL_PCD_EP_Transmit
                0x0000000008001e0c       0x94 ./Drivers/STM32F4xx_HAL_Driver/Src/stm32f4xx_hal_pcd.o
                0x0000000008001e0c                HAL_PCD_EP_Transmit
 .text.HAL_PCD_EP_SetStall
                0x0000000008001ea0       0xc8 ./Drivers/STM32F4xx_HAL_Driver/Src/stm32f4xx_hal_pcd.o
                0x0000000008001ea0                HAL_PCD_EP_SetStall
 .text.HAL_PCD_EP_ClrStall
                0x0000000008001f68       0xac ./Drivers/STM32F4xx_HAL_Driver/Src/stm32f4xx_hal_pcd.o
                0x0000000008001f68                HAL_PCD_EP_ClrStall
 .text.HAL_PCD_EP_Abort
                0x0000000008002014       0x62 ./Drivers/STM32F4xx_HAL_Driver/Src/stm32f4xx_hal_pcd.o
                0x0000000008002014                HAL_PCD_EP_Abort
 .text.PCD_WriteEmptyTxFifo
                0x0000000008002076      0x11a ./Drivers/STM32F4xx_HAL_Driver/Src/stm32f4xx_hal_pcd.o
 .text.PCD_EP_OutXfrComplete_int
                0x0000000008002190      0x1d0 ./Drivers/STM32F4xx_HAL_Driver/Src/stm32f4xx_hal_pcd.o
 .text.PCD_EP_OutSetupPacket_int
                0x0000000008002360       0x8c ./Drivers/STM32F4xx_HAL_Driver/Src/stm32f4xx_hal_pcd.o
 .text.HAL_PCDEx_SetTxFiFo
                0x00000000080023ec       0x8e ./Drivers/STM32F4xx_HAL_Driver/Src/stm32f4xx_hal_pcd_ex.o
                0x00000000080023ec                HAL_PCDEx_SetTxFiFo
 .text.HAL_PCDEx_SetRxFiFo
                0x000000000800247a       0x22 ./Drivers/STM32F4xx_HAL_Driver/Src/stm32f4xx_hal_pcd_ex.o
                0x000000000800247a                HAL_PCDEx_SetRxFiFo
 .text.HAL_PCDEx_LPM_Callback
                0x000000000800249c       0x18 ./Drivers/STM32F4xx_HAL_Driver/Src/stm32f4xx_hal_pcd_ex.o
                0x000000000800249c                HAL_PCDEx_LPM_Callback
 .text.HAL_RCC_OscConfig
                0x00000000080024b4      0x4f0 ./Drivers/STM32F4xx_HAL_Driver/Src/stm32f4xx_hal_rcc.o
                0x00000000080024b4                HAL_RCC_OscConfig
 .text.HAL_RCC_ClockConfig
                0x00000000080029a4      0x1cc ./Drivers/STM32F4xx_HAL_Driver/Src/stm32f4xx_hal_rcc.o
                0x00000000080029a4                HAL_RCC_ClockConfig
 .text.HAL_RCC_GetSysClockFreq
                0x0000000008002b70      0x20c ./Drivers/STM32F4xx_HAL_Driver/Src/stm32f4xx_hal_rcc.o
                0x0000000008002b70                HAL_RCC_GetSysClockFreq
 .text.HAL_RCC_GetHCLKFreq
                0x0000000008002d7c       0x18 ./Drivers/STM32F4xx_HAL_Driver/Src/stm32f4xx_hal_rcc.o
                0x0000000008002d7c                HAL_RCC_GetHCLKFreq
 .text.USB_CoreInit
                0x0000000008002d94       0xc2 ./Drivers/STM32F4xx_HAL_Driver/Src/stm32f4xx_ll_usb.o
                0x0000000008002d94                USB_CoreInit
 *fill*         0x0000000008002e56        0x2 
 .text.USB_SetTurnaroundTime
                0x0000000008002e58      0x144 ./Drivers/STM32F4xx_HAL_Driver/Src/stm32f4xx_ll_usb.o
                0x0000000008002e58                USB_SetTurnaroundTime
 .text.USB_EnableGlobalInt
                0x0000000008002f9c       0x22 ./Drivers/STM32F4xx_HAL_Driver/Src/stm32f4xx_ll_usb.o
                0x0000000008002f9c                USB_EnableGlobalInt
 .text.USB_DisableGlobalInt
                0x0000000008002fbe       0x22 ./Drivers/STM32F4xx_HAL_Driver/Src/stm32f4xx_ll_usb.o
                0x0000000008002fbe                USB_DisableGlobalInt
 .text.USB_SetCurrentMode
                0x0000000008002fe0       0x98 ./Drivers/STM32F4xx_HAL_Driver/Src/stm32f4xx_ll_usb.o
                0x0000000008002fe0                USB_SetCurrentMode
 .text.USB_DevInit
                0x0000000008003078      0x2c8 ./Drivers/STM32F4xx_HAL_Driver/Src/stm32f4xx_ll_usb.o
                0x0000000008003078                USB_DevInit
 .text.USB_FlushTxFifo
                0x0000000008003340       0x68 ./Drivers/STM32F4xx_HAL_Driver/Src/stm32f4xx_ll_usb.o
                0x0000000008003340                USB_FlushTxFifo
 .text.USB_FlushRxFifo
                0x00000000080033a8       0x60 ./Drivers/STM32F4xx_HAL_Driver/Src/stm32f4xx_ll_usb.o
                0x00000000080033a8                USB_FlushRxFifo
 .text.USB_SetDevSpeed
                0x0000000008003408       0x32 ./Drivers/STM32F4xx_HAL_Driver/Src/stm32f4xx_ll_usb.o
                0x0000000008003408                USB_SetDevSpeed
 .text.USB_GetDevSpeed
                0x000000000800343a       0x4a ./Drivers/STM32F4xx_HAL_Driver/Src/stm32f4xx_ll_usb.o
                0x000000000800343a                USB_GetDevSpeed
 .text.USB_ActivateEndpoint
                0x0000000008003484      0x10e ./Drivers/STM32F4xx_HAL_Driver/Src/stm32f4xx_ll_usb.o
                0x0000000008003484                USB_ActivateEndpoint
 *fill*         0x0000000008003592        0x2 
 .text.USB_DeactivateEndpoint
                0x0000000008003594      0x1b8 ./Drivers/STM32F4xx_HAL_Driver/Src/stm32f4xx_ll_usb.o
                0x0000000008003594                USB_DeactivateEndpoint
 .text.USB_EPStartXfer
                0x000000000800374c      0x490 ./Drivers/STM32F4xx_HAL_Driver/Src/stm32f4xx_ll_usb.o
                0x000000000800374c                USB_EPStartXfer
 .text.USB_EP0StartXfer
                0x0000000008003bdc      0x2b0 ./Drivers/STM32F4xx_HAL_Driver/Src/stm32f4xx_ll_usb.o
                0x0000000008003bdc                USB_EP0StartXfer
 .text.USB_EPStopXfer
                0x0000000008003e8c      0x154 ./Drivers/STM32F4xx_HAL_Driver/Src/stm32f4xx_ll_usb.o
                0x0000000008003e8c                USB_EPStopXfer
 .text.USB_WritePacket
                0x0000000008003fe0       0x7c ./Drivers/STM32F4xx_HAL_Driver/Src/stm32f4xx_ll_usb.o
                0x0000000008003fe0                USB_WritePacket
 .text.USB_ReadPacket
                0x000000000800405c       0xb0 ./Drivers/STM32F4xx_HAL_Driver/Src/stm32f4xx_ll_usb.o
                0x000000000800405c                USB_ReadPacket
 .text.USB_EPSetStall
                0x000000000800410c       0xdc ./Drivers/STM32F4xx_HAL_Driver/Src/stm32f4xx_ll_usb.o
                0x000000000800410c                USB_EPSetStall
 .text.USB_EPClearStall
                0x00000000080041e8       0xcc ./Drivers/STM32F4xx_HAL_Driver/Src/stm32f4xx_ll_usb.o
                0x00000000080041e8                USB_EPClearStall
 .text.USB_SetDevAddress
                0x00000000080042b4       0x4c ./Drivers/STM32F4xx_HAL_Driver/Src/stm32f4xx_ll_usb.o
                0x00000000080042b4                USB_SetDevAddress
 .text.USB_DevConnect
                0x0000000008004300       0x42 ./Drivers/STM32F4xx_HAL_Driver/Src/stm32f4xx_ll_usb.o
                0x0000000008004300                USB_DevConnect
 .text.USB_DevDisconnect
                0x0000000008004342       0x42 ./Drivers/STM32F4xx_HAL_Driver/Src/stm32f4xx_ll_usb.o
                0x0000000008004342                USB_DevDisconnect
 .text.USB_ReadInterrupts
                0x0000000008004384       0x26 ./Drivers/STM32F4xx_HAL_Driver/Src/stm32f4xx_ll_usb.o
                0x0000000008004384                USB_ReadInterrupts
 .text.USB_ReadDevAllOutEpInterrupt
                0x00000000080043aa       0x34 ./Drivers/STM32F4xx_HAL_Driver/Src/stm32f4xx_ll_usb.o
                0x00000000080043aa                USB_ReadDevAllOutEpInterrupt
 .text.USB_ReadDevAllInEpInterrupt
                0x00000000080043de       0x34 ./Drivers/STM32F4xx_HAL_Driver/Src/stm32f4xx_ll_usb.o
                0x00000000080043de                USB_ReadDevAllInEpInterrupt
 .text.USB_ReadDevOutEPInterrupt
                0x0000000008004412       0x3c ./Drivers/STM32F4xx_HAL_Driver/Src/stm32f4xx_ll_usb.o
                0x0000000008004412                USB_ReadDevOutEPInterrupt
 .text.USB_ReadDevInEPInterrupt
                0x000000000800444e       0x5c ./Drivers/STM32F4xx_HAL_Driver/Src/stm32f4xx_ll_usb.o
                0x000000000800444e                USB_ReadDevInEPInterrupt
 .text.USB_GetMode
                0x00000000080044aa       0x1c ./Drivers/STM32F4xx_HAL_Driver/Src/stm32f4xx_ll_usb.o
                0x00000000080044aa                USB_GetMode
 .text.USB_ActivateSetup
                0x00000000080044c6       0x46 ./Drivers/STM32F4xx_HAL_Driver/Src/stm32f4xx_ll_usb.o
                0x00000000080044c6                USB_ActivateSetup
 .text.USB_EP0_OutStart
                0x000000000800450c       0xbc ./Drivers/STM32F4xx_HAL_Driver/Src/stm32f4xx_ll_usb.o
                0x000000000800450c                USB_EP0_OutStart
 .text.USB_CoreReset
                0x00000000080045c8       0x68 ./Drivers/STM32F4xx_HAL_Driver/Src/stm32f4xx_ll_usb.o
 .text.USBD_CUSTOM_HID_Init
                0x0000000008004630      0x158 ./Middlewares/ST/STM32_USB_Device_Library/Class/CustomHID/Src/usbd_customhid.o
 .text.USBD_CUSTOM_HID_DeInit
                0x0000000008004788       0xf4 ./Middlewares/ST/STM32_USB_Device_Library/Class/CustomHID/Src/usbd_customhid.o
 .text.USBD_CUSTOM_HID_Setup
                0x000000000800487c      0x234 ./Middlewares/ST/STM32_USB_Device_Library/Class/CustomHID/Src/usbd_customhid.o
 .text.USBD_CUSTOM_HID_SendReport
                0x0000000008004ab0       0x74 ./Middlewares/ST/STM32_USB_Device_Library/Class/CustomHID/Src/usbd_customhid.o
                0x0000000008004ab0                USBD_CUSTOM_HID_SendReport
 .text.USBD_CUSTOM_HID_GetFSCfgDesc
                0x0000000008004b24       0x64 ./Middlewares/ST/STM32_USB_Device_Library/Class/CustomHID/Src/usbd_customhid.o
 .text.USBD_CUSTOM_HID_GetHSCfgDesc
                0x0000000008004b88       0x64 ./Middlewares/ST/STM32_USB_Device_Library/Class/CustomHID/Src/usbd_customhid.o
 .text.USBD_CUSTOM_HID_GetOtherSpeedCfgDesc
                0x0000000008004bec       0x64 ./Middlewares/ST/STM32_USB_Device_Library/Class/CustomHID/Src/usbd_customhid.o
 .text.USBD_CUSTOM_HID_DataIn
                0x0000000008004c50       0x2e ./Middlewares/ST/STM32_USB_Device_Library/Class/CustomHID/Src/usbd_customhid.o
 .text.USBD_CUSTOM_HID_DataOut
                0x0000000008004c7e       0x5a ./Middlewares/ST/STM32_USB_Device_Library/Class/CustomHID/Src/usbd_customhid.o
 .text.USBD_CUSTOM_HID_ReceivePacket
                0x0000000008004cd8       0x4c ./Middlewares/ST/STM32_USB_Device_Library/Class/CustomHID/Src/usbd_customhid.o
                0x0000000008004cd8                USBD_CUSTOM_HID_ReceivePacket
 .text.USBD_CUSTOM_HID_EP0_RxReady
                0x0000000008004d24       0x58 ./Middlewares/ST/STM32_USB_Device_Library/Class/CustomHID/Src/usbd_customhid.o
 .text.USBD_CUSTOM_HID_GetDeviceQualifierDesc
                0x0000000008004d7c       0x20 ./Middlewares/ST/STM32_USB_Device_Library/Class/CustomHID/Src/usbd_customhid.o
 .text.USBD_CUSTOM_HID_RegisterInterface
                0x0000000008004d9c       0x34 ./Middlewares/ST/STM32_USB_Device_Library/Class/CustomHID/Src/usbd_customhid.o
                0x0000000008004d9c                USBD_CUSTOM_HID_RegisterInterface
 .text.USBD_Init
                0x0000000008004dd0       0x60 ./Middlewares/ST/STM32_USB_Device_Library/Core/Src/usbd_core.o
                0x0000000008004dd0                USBD_Init
 .text.USBD_RegisterClass
                0x0000000008004e30       0x6c ./Middlewares/ST/STM32_USB_Device_Library/Core/Src/usbd_core.o
                0x0000000008004e30                USBD_RegisterClass
 .text.USBD_Start
                0x0000000008004e9c       0x18 ./Middlewares/ST/STM32_USB_Device_Library/Core/Src/usbd_core.o
                0x0000000008004e9c                USBD_Start
 .text.USBD_RunTestMode
                0x0000000008004eb4       0x16 ./Middlewares/ST/STM32_USB_Device_Library/Core/Src/usbd_core.o
                0x0000000008004eb4                USBD_RunTestMode
 .text.USBD_SetClassConfig
                0x0000000008004eca       0x38 ./Middlewares/ST/STM32_USB_Device_Library/Core/Src/usbd_core.o
                0x0000000008004eca                USBD_SetClassConfig
 .text.USBD_ClrClassConfig
                0x0000000008004f02       0x34 ./Middlewares/ST/STM32_USB_Device_Library/Core/Src/usbd_core.o
                0x0000000008004f02                USBD_ClrClassConfig
 .text.USBD_LL_SetupStage
                0x0000000008004f36       0xaa ./Middlewares/ST/STM32_USB_Device_Library/Core/Src/usbd_core.o
                0x0000000008004f36                USBD_LL_SetupStage
 .text.USBD_LL_DataOutStage
                0x0000000008004fe0      0x166 ./Middlewares/ST/STM32_USB_Device_Library/Core/Src/usbd_core.o
                0x0000000008004fe0                USBD_LL_DataOutStage
 .text.USBD_LL_DataInStage
                0x0000000008005146      0x164 ./Middlewares/ST/STM32_USB_Device_Library/Core/Src/usbd_core.o
                0x0000000008005146                USBD_LL_DataInStage
 .text.USBD_LL_Reset
                0x00000000080052aa       0xa4 ./Middlewares/ST/STM32_USB_Device_Library/Core/Src/usbd_core.o
                0x00000000080052aa                USBD_LL_Reset
 .text.USBD_LL_SetSpeed
                0x000000000800534e       0x20 ./Middlewares/ST/STM32_USB_Device_Library/Core/Src/usbd_core.o
                0x000000000800534e                USBD_LL_SetSpeed
 .text.USBD_LL_Suspend
                0x000000000800536e       0x2c ./Middlewares/ST/STM32_USB_Device_Library/Core/Src/usbd_core.o
                0x000000000800536e                USBD_LL_Suspend
 .text.USBD_LL_Resume
                0x000000000800539a       0x30 ./Middlewares/ST/STM32_USB_Device_Library/Core/Src/usbd_core.o
                0x000000000800539a                USBD_LL_Resume
 .text.USBD_LL_SOF
                0x00000000080053ca       0x40 ./Middlewares/ST/STM32_USB_Device_Library/Core/Src/usbd_core.o
                0x00000000080053ca                USBD_LL_SOF
 .text.USBD_LL_IsoINIncomplete
                0x000000000800540a       0x64 ./Middlewares/ST/STM32_USB_Device_Library/Core/Src/usbd_core.o
                0x000000000800540a                USBD_LL_IsoINIncomplete
 .text.USBD_LL_IsoOUTIncomplete
                0x000000000800546e       0x64 ./Middlewares/ST/STM32_USB_Device_Library/Core/Src/usbd_core.o
                0x000000000800546e                USBD_LL_IsoOUTIncomplete
 .text.USBD_LL_DevConnected
                0x00000000080054d2       0x16 ./Middlewares/ST/STM32_USB_Device_Library/Core/Src/usbd_core.o
                0x00000000080054d2                USBD_LL_DevConnected
 .text.USBD_LL_DevDisconnected
                0x00000000080054e8       0x46 ./Middlewares/ST/STM32_USB_Device_Library/Core/Src/usbd_core.o
                0x00000000080054e8                USBD_LL_DevDisconnected
 .text.USBD_CoreFindIF
                0x000000000800552e       0x1a ./Middlewares/ST/STM32_USB_Device_Library/Core/Src/usbd_core.o
                0x000000000800552e                USBD_CoreFindIF
 .text.USBD_CoreFindEP
                0x0000000008005548       0x1a ./Middlewares/ST/STM32_USB_Device_Library/Core/Src/usbd_core.o
                0x0000000008005548                USBD_CoreFindEP
 .text.USBD_GetEpDesc
                0x0000000008005562       0x74 ./Middlewares/ST/STM32_USB_Device_Library/Core/Src/usbd_core.o
                0x0000000008005562                USBD_GetEpDesc
 .text.USBD_GetNextDesc
                0x00000000080055d6       0x3a ./Middlewares/ST/STM32_USB_Device_Library/Core/Src/usbd_core.o
                0x00000000080055d6                USBD_GetNextDesc
 .text.SWAPBYTE
                0x0000000008005610       0x3c ./Middlewares/ST/STM32_USB_Device_Library/Core/Src/usbd_ctlreq.o
 .text.USBD_StdDevReq
                0x000000000800564c       0xe4 ./Middlewares/ST/STM32_USB_Device_Library/Core/Src/usbd_ctlreq.o
                0x000000000800564c                USBD_StdDevReq
 .text.USBD_StdItfReq
                0x0000000008005730       0xd8 ./Middlewares/ST/STM32_USB_Device_Library/Core/Src/usbd_ctlreq.o
                0x0000000008005730                USBD_StdItfReq
 .text.USBD_StdEPReq
                0x0000000008005808      0x33a ./Middlewares/ST/STM32_USB_Device_Library/Core/Src/usbd_ctlreq.o
                0x0000000008005808                USBD_StdEPReq
 *fill*         0x0000000008005b42        0x2 
 .text.USBD_GetDescriptor
                0x0000000008005b44      0x2d4 ./Middlewares/ST/STM32_USB_Device_Library/Core/Src/usbd_ctlreq.o
 .text.USBD_SetAddress
                0x0000000008005e18       0x88 ./Middlewares/ST/STM32_USB_Device_Library/Core/Src/usbd_ctlreq.o
 .text.USBD_SetConfig
                0x0000000008005ea0      0x154 ./Middlewares/ST/STM32_USB_Device_Library/Core/Src/usbd_ctlreq.o
 .text.USBD_GetConfig
                0x0000000008005ff4       0x6c ./Middlewares/ST/STM32_USB_Device_Library/Core/Src/usbd_ctlreq.o
 .text.USBD_GetStatus
                0x0000000008006060       0x68 ./Middlewares/ST/STM32_USB_Device_Library/Core/Src/usbd_ctlreq.o
 .text.USBD_SetFeature
                0x00000000080060c8       0x52 ./Middlewares/ST/STM32_USB_Device_Library/Core/Src/usbd_ctlreq.o
 .text.USBD_ClrFeature
                0x000000000800611a       0x44 ./Middlewares/ST/STM32_USB_Device_Library/Core/Src/usbd_ctlreq.o
 .text.USBD_ParseSetupRequest
                0x000000000800615e       0x74 ./Middlewares/ST/STM32_USB_Device_Library/Core/Src/usbd_ctlreq.o
                0x000000000800615e                USBD_ParseSetupRequest
 .text.USBD_CtlError
                0x00000000080061d2       0x22 ./Middlewares/ST/STM32_USB_Device_Library/Core/Src/usbd_ctlreq.o
                0x00000000080061d2                USBD_CtlError
 .text.USBD_GetString
                0x00000000080061f4       0x8c ./Middlewares/ST/STM32_USB_Device_Library/Core/Src/usbd_ctlreq.o
                0x00000000080061f4                USBD_GetString
 .text.USBD_GetLen
                0x0000000008006280       0x34 ./Middlewares/ST/STM32_USB_Device_Library/Core/Src/usbd_ctlreq.o
 .text.USBD_CtlSendData
                0x00000000080062b4       0x36 ./Middlewares/ST/STM32_USB_Device_Library/Core/Src/usbd_ioreq.o
                0x00000000080062b4                USBD_CtlSendData
 .text.USBD_CtlContinueSendData
                0x00000000080062ea       0x22 ./Middlewares/ST/STM32_USB_Device_Library/Core/Src/usbd_ioreq.o
                0x00000000080062ea                USBD_CtlContinueSendData
 .text.USBD_CtlPrepareRx
                0x000000000800630c       0x3a ./Middlewares/ST/STM32_USB_Device_Library/Core/Src/usbd_ioreq.o
                0x000000000800630c                USBD_CtlPrepareRx
 .text.USBD_CtlContinueRx
                0x0000000008006346       0x22 ./Middlewares/ST/STM32_USB_Device_Library/Core/Src/usbd_ioreq.o
                0x0000000008006346                USBD_CtlContinueRx
 .text.USBD_CtlSendStatus
                0x0000000008006368       0x26 ./Middlewares/ST/STM32_USB_Device_Library/Core/Src/usbd_ioreq.o
                0x0000000008006368                USBD_CtlSendStatus
 .text.USBD_CtlReceiveStatus
                0x000000000800638e       0x26 ./Middlewares/ST/STM32_USB_Device_Library/Core/Src/usbd_ioreq.o
                0x000000000800638e                USBD_CtlReceiveStatus
 .text.__NVIC_SetPriority
                0x00000000080063b4       0x54 ./Middlewares/Third_Party/FreeRTOS/Source/CMSIS_RTOS_V2/cmsis_os2.o
 .text.SVC_Setup
                0x0000000008006408       0x12 ./Middlewares/Third_Party/FreeRTOS/Source/CMSIS_RTOS_V2/cmsis_os2.o
 *fill*         0x000000000800641a        0x2 
 .text.osKernelInitialize
                0x000000000800641c       0x48 ./Middlewares/Third_Party/FreeRTOS/Source/CMSIS_RTOS_V2/cmsis_os2.o
                0x000000000800641c                osKernelInitialize
 .text.osKernelStart
                0x0000000008006464       0x4c ./Middlewares/Third_Party/FreeRTOS/Source/CMSIS_RTOS_V2/cmsis_os2.o
                0x0000000008006464                osKernelStart
 .text.osThreadNew
                0x00000000080064b0      0x124 ./Middlewares/Third_Party/FreeRTOS/Source/CMSIS_RTOS_V2/cmsis_os2.o
                0x00000000080064b0                osThreadNew
 .text.osDelay  0x00000000080065d4       0x36 ./Middlewares/Third_Party/FreeRTOS/Source/CMSIS_RTOS_V2/cmsis_os2.o
                0x00000000080065d4                osDelay
 *fill*         0x000000000800660a        0x2 
 .text.vApplicationGetIdleTaskMemory
                0x000000000800660c       0x34 ./Middlewares/Third_Party/FreeRTOS/Source/CMSIS_RTOS_V2/cmsis_os2.o
                0x000000000800660c                vApplicationGetIdleTaskMemory
 .text.vApplicationGetTimerTaskMemory
                0x0000000008006640       0x34 ./Middlewares/Third_Party/FreeRTOS/Source/CMSIS_RTOS_V2/cmsis_os2.o
                0x0000000008006640                vApplicationGetTimerTaskMemory
 .text.vListInitialise
                0x0000000008006674       0x40 ./Middlewares/Third_Party/FreeRTOS/Source/list.o
                0x0000000008006674                vListInitialise
 .text.vListInitialiseItem
                0x00000000080066b4       0x1a ./Middlewares/Third_Party/FreeRTOS/Source/list.o
                0x00000000080066b4                vListInitialiseItem
 .text.vListInsertEnd
                0x00000000080066ce       0x48 ./Middlewares/Third_Party/FreeRTOS/Source/list.o
                0x00000000080066ce                vListInsertEnd
 .text.vListInsert
                0x0000000008006716       0x72 ./Middlewares/Third_Party/FreeRTOS/Source/list.o
                0x0000000008006716                vListInsert
 .text.uxListRemove
                0x0000000008006788       0x54 ./Middlewares/Third_Party/FreeRTOS/Source/list.o
                0x0000000008006788                uxListRemove
 .text.xQueueGenericReset
                0x00000000080067dc       0xd0 ./Middlewares/Third_Party/FreeRTOS/Source/queue.o
                0x00000000080067dc                xQueueGenericReset
 .text.xQueueGenericCreateStatic
                0x00000000080068ac       0xf0 ./Middlewares/Third_Party/FreeRTOS/Source/queue.o
                0x00000000080068ac                xQueueGenericCreateStatic
 .text.prvInitialiseNewQueue
                0x000000000800699c       0x46 ./Middlewares/Third_Party/FreeRTOS/Source/queue.o
 *fill*         0x00000000080069e2        0x2 
 .text.xQueueGenericSend
                0x00000000080069e4      0x1fc ./Middlewares/Third_Party/FreeRTOS/Source/queue.o
                0x00000000080069e4                xQueueGenericSend
 .text.xQueueGenericSendFromISR
                0x0000000008006be0      0x136 ./Middlewares/Third_Party/FreeRTOS/Source/queue.o
                0x0000000008006be0                xQueueGenericSendFromISR
 *fill*         0x0000000008006d16        0x2 
 .text.xQueueReceive
                0x0000000008006d18      0x1c0 ./Middlewares/Third_Party/FreeRTOS/Source/queue.o
                0x0000000008006d18                xQueueReceive
 .text.prvCopyDataToQueue
                0x0000000008006ed8       0xd4 ./Middlewares/Third_Party/FreeRTOS/Source/queue.o
 .text.prvCopyDataFromQueue
                0x0000000008006fac       0x4c ./Middlewares/Third_Party/FreeRTOS/Source/queue.o
 .text.prvUnlockQueue
                0x0000000008006ff8       0xa4 ./Middlewares/Third_Party/FreeRTOS/Source/queue.o
 .text.prvIsQueueEmpty
                0x000000000800709c       0x2c ./Middlewares/Third_Party/FreeRTOS/Source/queue.o
 .text.prvIsQueueFull
                0x00000000080070c8       0x30 ./Middlewares/Third_Party/FreeRTOS/Source/queue.o
 .text.vQueueAddToRegistry
                0x00000000080070f8       0x54 ./Middlewares/Third_Party/FreeRTOS/Source/queue.o
                0x00000000080070f8                vQueueAddToRegistry
 .text.vQueueWaitForMessageRestricted
                0x000000000800714c       0x68 ./Middlewares/Third_Party/FreeRTOS/Source/queue.o
                0x000000000800714c                vQueueWaitForMessageRestricted
 .text.xTaskCreateStatic
                0x00000000080071b4       0xba ./Middlewares/Third_Party/FreeRTOS/Source/tasks.o
                0x00000000080071b4                xTaskCreateStatic
 .text.xTaskCreate
                0x000000000800726e       0x8a ./Middlewares/Third_Party/FreeRTOS/Source/tasks.o
                0x000000000800726e                xTaskCreate
 .text.prvInitialiseNewTask
                0x00000000080072f8      0x11e ./Middlewares/Third_Party/FreeRTOS/Source/tasks.o
 *fill*         0x0000000008007416        0x2 
 .text.prvAddNewTaskToReadyList
                0x0000000008007418       0xe0 ./Middlewares/Third_Party/FreeRTOS/Source/tasks.o
 .text.vTaskDelay
                0x00000000080074f8       0x68 ./Middlewares/Third_Party/FreeRTOS/Source/tasks.o
                0x00000000080074f8                vTaskDelay
 .text.vTaskStartScheduler
                0x0000000008007560       0xcc ./Middlewares/Third_Party/FreeRTOS/Source/tasks.o
                0x0000000008007560                vTaskStartScheduler
 .text.vTaskSuspendAll
                0x000000000800762c       0x1c ./Middlewares/Third_Party/FreeRTOS/Source/tasks.o
                0x000000000800762c                vTaskSuspendAll
 .text.xTaskResumeAll
                0x0000000008007648      0x13c ./Middlewares/Third_Party/FreeRTOS/Source/tasks.o
                0x0000000008007648                xTaskResumeAll
 .text.xTaskGetTickCount
                0x0000000008007784       0x20 ./Middlewares/Third_Party/FreeRTOS/Source/tasks.o
                0x0000000008007784                xTaskGetTickCount
 .text.xTaskIncrementTick
                0x00000000080077a4      0x174 ./Middlewares/Third_Party/FreeRTOS/Source/tasks.o
                0x00000000080077a4                xTaskIncrementTick
 .text.vTaskSwitchContext
                0x0000000008007918       0xbc ./Middlewares/Third_Party/FreeRTOS/Source/tasks.o
                0x0000000008007918                vTaskSwitchContext
 .text.vTaskPlaceOnEventList
                0x00000000080079d4       0x48 ./Middlewares/Third_Party/FreeRTOS/Source/tasks.o
                0x00000000080079d4                vTaskPlaceOnEventList
 .text.vTaskPlaceOnEventListRestricted
                0x0000000008007a1c       0x58 ./Middlewares/Third_Party/FreeRTOS/Source/tasks.o
                0x0000000008007a1c                vTaskPlaceOnEventListRestricted
 .text.xTaskRemoveFromEventList
                0x0000000008007a74       0xc8 ./Middlewares/Third_Party/FreeRTOS/Source/tasks.o
                0x0000000008007a74                xTaskRemoveFromEventList
 .text.vTaskInternalSetTimeOutState
                0x0000000008007b3c       0x2c ./Middlewares/Third_Party/FreeRTOS/Source/tasks.o
                0x0000000008007b3c                vTaskInternalSetTimeOutState
 .text.xTaskCheckForTimeOut
                0x0000000008007b68       0xc4 ./Middlewares/Third_Party/FreeRTOS/Source/tasks.o
                0x0000000008007b68                xTaskCheckForTimeOut
 .text.vTaskMissedYield
                0x0000000008007c2c       0x18 ./Middlewares/Third_Party/FreeRTOS/Source/tasks.o
                0x0000000008007c2c                vTaskMissedYield
 .text.prvIdleTask
                0x0000000008007c44       0x30 ./Middlewares/Third_Party/FreeRTOS/Source/tasks.o
 .text.prvInitialiseTaskLists
                0x0000000008007c74       0x80 ./Middlewares/Third_Party/FreeRTOS/Source/tasks.o
 .text.prvCheckTasksWaitingTermination
                0x0000000008007cf4       0x5c ./Middlewares/Third_Party/FreeRTOS/Source/tasks.o
 .text.prvDeleteTCB
                0x0000000008007d50       0x5e ./Middlewares/Third_Party/FreeRTOS/Source/tasks.o
 *fill*         0x0000000008007dae        0x2 
 .text.prvResetNextTaskUnblockTime
                0x0000000008007db0       0x40 ./Middlewares/Third_Party/FreeRTOS/Source/tasks.o
 .text.xTaskGetSchedulerState
                0x0000000008007df0       0x3c ./Middlewares/Third_Party/FreeRTOS/Source/tasks.o
                0x0000000008007df0                xTaskGetSchedulerState
 .text.xTaskPriorityDisinherit
                0x0000000008007e2c       0xdc ./Middlewares/Third_Party/FreeRTOS/Source/tasks.o
                0x0000000008007e2c                xTaskPriorityDisinherit
 .text.prvAddCurrentTaskToDelayedList
                0x0000000008007f08       0xa8 ./Middlewares/Third_Party/FreeRTOS/Source/tasks.o
 .text.xTimerCreateTimerTask
                0x0000000008007fb0       0x90 ./Middlewares/Third_Party/FreeRTOS/Source/timers.o
                0x0000000008007fb0                xTimerCreateTimerTask
 .text.xTimerGenericCommand
                0x0000000008008040       0x9c ./Middlewares/Third_Party/FreeRTOS/Source/timers.o
                0x0000000008008040                xTimerGenericCommand
 .text.prvProcessExpiredTimer
                0x00000000080080dc       0x98 ./Middlewares/Third_Party/FreeRTOS/Source/timers.o
 .text.prvTimerTask
                0x0000000008008174       0x24 ./Middlewares/Third_Party/FreeRTOS/Source/timers.o
 .text.prvProcessTimerOrBlockTask
                0x0000000008008198       0x9c ./Middlewares/Third_Party/FreeRTOS/Source/timers.o
 .text.prvGetNextExpireTime
                0x0000000008008234       0x48 ./Middlewares/Third_Party/FreeRTOS/Source/timers.o
 .text.prvSampleTimeNow
                0x000000000800827c       0x40 ./Middlewares/Third_Party/FreeRTOS/Source/timers.o
 .text.prvInsertTimerInActiveList
                0x00000000080082bc       0x84 ./Middlewares/Third_Party/FreeRTOS/Source/timers.o
 .text.prvProcessReceivedCommands
                0x0000000008008340      0x1c4 ./Middlewares/Third_Party/FreeRTOS/Source/timers.o
 .text.prvSwitchTimerLists
                0x0000000008008504       0xc8 ./Middlewares/Third_Party/FreeRTOS/Source/timers.o
 .text.prvCheckForValidListAndQueue
                0x00000000080085cc       0x80 ./Middlewares/Third_Party/FreeRTOS/Source/timers.o
 .text.pxPortInitialiseStack
                0x000000000800864c       0x68 ./Middlewares/Third_Party/FreeRTOS/Source/portable/GCC/ARM_CM4F/port.o
                0x000000000800864c                pxPortInitialiseStack
 .text.prvTaskExitError
                0x00000000080086b4       0x58 ./Middlewares/Third_Party/FreeRTOS/Source/portable/GCC/ARM_CM4F/port.o
 *fill*         0x000000000800870c        0x4 
 .text.SVC_Handler
                0x0000000008008710       0x28 ./Middlewares/Third_Party/FreeRTOS/Source/portable/GCC/ARM_CM4F/port.o
                0x0000000008008710                SVC_Handler
 .text.prvPortStartFirstTask
                0x0000000008008738       0x28 ./Middlewares/Third_Party/FreeRTOS/Source/portable/GCC/ARM_CM4F/port.o
 .text.xPortStartScheduler
                0x0000000008008760      0x144 ./Middlewares/Third_Party/FreeRTOS/Source/portable/GCC/ARM_CM4F/port.o
                0x0000000008008760                xPortStartScheduler
 .text.vPortEnterCritical
                0x00000000080088a4       0x60 ./Middlewares/Third_Party/FreeRTOS/Source/portable/GCC/ARM_CM4F/port.o
                0x00000000080088a4                vPortEnterCritical
 .text.vPortExitCritical
                0x0000000008008904       0x54 ./Middlewares/Third_Party/FreeRTOS/Source/portable/GCC/ARM_CM4F/port.o
                0x0000000008008904                vPortExitCritical
 *fill*         0x0000000008008958        0x8 
 .text.PendSV_Handler
                0x0000000008008960       0x68 ./Middlewares/Third_Party/FreeRTOS/Source/portable/GCC/ARM_CM4F/port.o
                0x0000000008008960                PendSV_Handler
 .text.xPortSysTickHandler
                0x00000000080089c8       0x44 ./Middlewares/Third_Party/FreeRTOS/Source/portable/GCC/ARM_CM4F/port.o
                0x00000000080089c8                xPortSysTickHandler
 .text.vPortSetupTimerInterrupt
                0x0000000008008a0c       0x48 ./Middlewares/Third_Party/FreeRTOS/Source/portable/GCC/ARM_CM4F/port.o
                0x0000000008008a0c                vPortSetupTimerInterrupt
 .text.vPortEnableVFP
                0x0000000008008a54       0x14 ./Middlewares/Third_Party/FreeRTOS/Source/portable/GCC/ARM_CM4F/port.o
 .text.vPortValidateInterruptPriority
                0x0000000008008a68       0x80 ./Middlewares/Third_Party/FreeRTOS/Source/portable/GCC/ARM_CM4F/port.o
                0x0000000008008a68                vPortValidateInterruptPriority
 .text.pvPortMalloc
                0x0000000008008ae8      0x198 ./Middlewares/Third_Party/FreeRTOS/Source/portable/MemMang/heap_4.o
                0x0000000008008ae8                pvPortMalloc
 .text.vPortFree
                0x0000000008008c80       0xc4 ./Middlewares/Third_Party/FreeRTOS/Source/portable/MemMang/heap_4.o
                0x0000000008008c80                vPortFree
 .text.prvHeapInit
                0x0000000008008d44       0xc4 ./Middlewares/Third_Party/FreeRTOS/Source/portable/MemMang/heap_4.o
 .text.prvInsertBlockIntoFreeList
                0x0000000008008e08       0xb4 ./Middlewares/Third_Party/FreeRTOS/Source/portable/MemMang/heap_4.o
 .text.MX_USB_DEVICE_Init
                0x0000000008008ebc       0x60 ./USB_DEVICE/App/usb_device.o
                0x0000000008008ebc                MX_USB_DEVICE_Init
 .text.CUSTOM_HID_Init_FS
                0x0000000008008f1c       0x10 ./USB_DEVICE/App/usbd_custom_hid_if.o
 .text.CUSTOM_HID_DeInit_FS
                0x0000000008008f2c       0x10 ./USB_DEVICE/App/usbd_custom_hid_if.o
 .text.CUSTOM_HID_OutEvent_FS
                0x0000000008008f3c       0x6c ./USB_DEVICE/App/usbd_custom_hid_if.o
 .text.USBD_FS_DeviceDescriptor
                0x0000000008008fa8       0x24 ./USB_DEVICE/App/usbd_desc.o
                0x0000000008008fa8                USBD_FS_DeviceDescriptor
 .text.USBD_FS_LangIDStrDescriptor
                0x0000000008008fcc       0x24 ./USB_DEVICE/App/usbd_desc.o
                0x0000000008008fcc                USBD_FS_LangIDStrDescriptor
 .text.USBD_FS_ProductStrDescriptor
                0x0000000008008ff0       0x3c ./USB_DEVICE/App/usbd_desc.o
                0x0000000008008ff0                USBD_FS_ProductStrDescriptor
 .text.USBD_FS_ManufacturerStrDescriptor
                0x000000000800902c       0x28 ./USB_DEVICE/App/usbd_desc.o
                0x000000000800902c                USBD_FS_ManufacturerStrDescriptor
 .text.USBD_FS_SerialStrDescriptor
                0x0000000008009054       0x24 ./USB_DEVICE/App/usbd_desc.o
                0x0000000008009054                USBD_FS_SerialStrDescriptor
 .text.USBD_FS_ConfigStrDescriptor
                0x0000000008009078       0x3c ./USB_DEVICE/App/usbd_desc.o
                0x0000000008009078                USBD_FS_ConfigStrDescriptor
 .text.USBD_FS_InterfaceStrDescriptor
                0x00000000080090b4       0x3c ./USB_DEVICE/App/usbd_desc.o
                0x00000000080090b4                USBD_FS_InterfaceStrDescriptor
 .text.Get_SerialNum
                0x00000000080090f0       0x58 ./USB_DEVICE/App/usbd_desc.o
 .text.IntToUnicode
                0x0000000008009148       0x7e ./USB_DEVICE/App/usbd_desc.o
 *fill*         0x00000000080091c6        0x2 
 .text.HAL_PCD_MspInit
                0x00000000080091c8       0xa8 ./USB_DEVICE/Target/usbd_conf.o
                0x00000000080091c8                HAL_PCD_MspInit
 .text.HAL_PCD_SetupStageCallback
                0x0000000008009270       0x24 ./USB_DEVICE/Target/usbd_conf.o
                0x0000000008009270                HAL_PCD_SetupStageCallback
 .text.HAL_PCD_DataOutStageCallback
                0x0000000008009294       0x36 ./USB_DEVICE/Target/usbd_conf.o
                0x0000000008009294                HAL_PCD_DataOutStageCallback
 .text.HAL_PCD_DataInStageCallback
                0x00000000080092ca       0x34 ./USB_DEVICE/Target/usbd_conf.o
                0x00000000080092ca                HAL_PCD_DataInStageCallback
 .text.HAL_PCD_SOFCallback
                0x00000000080092fe       0x1c ./USB_DEVICE/Target/usbd_conf.o
                0x00000000080092fe                HAL_PCD_SOFCallback
 .text.HAL_PCD_ResetCallback
                0x000000000800931a       0x50 ./USB_DEVICE/Target/usbd_conf.o
                0x000000000800931a                HAL_PCD_ResetCallback
 *fill*         0x000000000800936a        0x2 
 .text.HAL_PCD_SuspendCallback
                0x000000000800936c       0x4c ./USB_DEVICE/Target/usbd_conf.o
                0x000000000800936c                HAL_PCD_SuspendCallback
 .text.HAL_PCD_ResumeCallback
                0x00000000080093b8       0x1c ./USB_DEVICE/Target/usbd_conf.o
                0x00000000080093b8                HAL_PCD_ResumeCallback
 .text.HAL_PCD_ISOOUTIncompleteCallback
                0x00000000080093d4       0x24 ./USB_DEVICE/Target/usbd_conf.o
                0x00000000080093d4                HAL_PCD_ISOOUTIncompleteCallback
 .text.HAL_PCD_ISOINIncompleteCallback
                0x00000000080093f8       0x24 ./USB_DEVICE/Target/usbd_conf.o
                0x00000000080093f8                HAL_PCD_ISOINIncompleteCallback
 .text.HAL_PCD_ConnectCallback
                0x000000000800941c       0x1c ./USB_DEVICE/Target/usbd_conf.o
                0x000000000800941c                HAL_PCD_ConnectCallback
 .text.HAL_PCD_DisconnectCallback
                0x0000000008009438       0x1c ./USB_DEVICE/Target/usbd_conf.o
                0x0000000008009438                HAL_PCD_DisconnectCallback
 .text.USBD_LL_Init
                0x0000000008009454       0x98 ./USB_DEVICE/Target/usbd_conf.o
                0x0000000008009454                USBD_LL_Init
 .text.USBD_LL_Start
                0x00000000080094ec       0x36 ./USB_DEVICE/Target/usbd_conf.o
                0x00000000080094ec                USBD_LL_Start
 .text.USBD_LL_OpenEP
                0x0000000008009522       0x4c ./USB_DEVICE/Target/usbd_conf.o
                0x0000000008009522                USBD_LL_OpenEP
 .text.USBD_LL_CloseEP
                0x000000000800956e       0x3e ./USB_DEVICE/Target/usbd_conf.o
                0x000000000800956e                USBD_LL_CloseEP
 .text.USBD_LL_StallEP
                0x00000000080095ac       0x3e ./USB_DEVICE/Target/usbd_conf.o
                0x00000000080095ac                USBD_LL_StallEP
 .text.USBD_LL_ClearStallEP
                0x00000000080095ea       0x3e ./USB_DEVICE/Target/usbd_conf.o
                0x00000000080095ea                USBD_LL_ClearStallEP
 .text.USBD_LL_IsStallEP
                0x0000000008009628       0x58 ./USB_DEVICE/Target/usbd_conf.o
                0x0000000008009628                USBD_LL_IsStallEP
 .text.USBD_LL_SetUSBAddress
                0x0000000008009680       0x3e ./USB_DEVICE/Target/usbd_conf.o
                0x0000000008009680                USBD_LL_SetUSBAddress
 .text.USBD_LL_Transmit
                0x00000000080096be       0x42 ./USB_DEVICE/Target/usbd_conf.o
                0x00000000080096be                USBD_LL_Transmit
 .text.USBD_LL_PrepareReceive
                0x0000000008009700       0x42 ./USB_DEVICE/Target/usbd_conf.o
                0x0000000008009700                USBD_LL_PrepareReceive
 *fill*         0x0000000008009742        0x2 
 .text.USBD_static_malloc
                0x0000000008009744       0x1c ./USB_DEVICE/Target/usbd_conf.o
                0x0000000008009744                USBD_static_malloc
 .text.USBD_static_free
                0x0000000008009760       0x14 ./USB_DEVICE/Target/usbd_conf.o
                0x0000000008009760                USBD_static_free
 .text.USBD_Get_USB_Status
                0x0000000008009774       0x58 ./USB_DEVICE/Target/usbd_conf.o
                0x0000000008009774                USBD_Get_USB_Status
 .text.__libc_init_array
                0x00000000080097cc       0x48 c:/st/stm32cubeide_1.10.0/stm32cubeide/plugins/com.st.stm32cube.ide.mcu.externaltools.gnu-tools-for-stm32.10.3-2021.10.win32_1.0.0.202111181127/tools/bin/../lib/gcc/arm-none-eabi/10.3.1/../../../../arm-none-eabi/lib/thumb/v7e-m+fp/hard\libc_nano.a(lib_a-init.o)
                0x00000000080097cc                __libc_init_array
 .text.memcpy   0x0000000008009814       0x1c c:/st/stm32cubeide_1.10.0/stm32cubeide/plugins/com.st.stm32cube.ide.mcu.externaltools.gnu-tools-for-stm32.10.3-2021.10.win32_1.0.0.202111181127/tools/bin/../lib/gcc/arm-none-eabi/10.3.1/../../../../arm-none-eabi/lib/thumb/v7e-m+fp/hard\libc_nano.a(lib_a-memcpy-stub.o)
                0x0000000008009814                memcpy
 .text.memset   0x0000000008009830       0x10 c:/st/stm32cubeide_1.10.0/stm32cubeide/plugins/com.st.stm32cube.ide.mcu.externaltools.gnu-tools-for-stm32.10.3-2021.10.win32_1.0.0.202111181127/tools/bin/../lib/gcc/arm-none-eabi/10.3.1/../../../../arm-none-eabi/lib/thumb/v7e-m+fp/hard\libc_nano.a(lib_a-memset.o)
                0x0000000008009830                memset
 *(.glue_7)
 .glue_7        0x0000000008009840        0x0 linker stubs
 *(.glue_7t)
 .glue_7t       0x0000000008009840        0x0 linker stubs
 *(.eh_frame)
 .eh_frame      0x0000000008009840        0x0 c:/st/stm32cubeide_1.10.0/stm32cubeide/plugins/com.st.stm32cube.ide.mcu.externaltools.gnu-tools-for-stm32.10.3-2021.10.win32_1.0.0.202111181127/tools/bin/../lib/gcc/arm-none-eabi/10.3.1/thumb/v7e-m+fp/hard/crtbegin.o
 *(.init)
 .init          0x0000000008009840        0x4 c:/st/stm32cubeide_1.10.0/stm32cubeide/plugins/com.st.stm32cube.ide.mcu.externaltools.gnu-tools-for-stm32.10.3-2021.10.win32_1.0.0.202111181127/tools/bin/../lib/gcc/arm-none-eabi/10.3.1/thumb/v7e-m+fp/hard/crti.o
                0x0000000008009840                _init
 .init          0x0000000008009844        0x8 c:/st/stm32cubeide_1.10.0/stm32cubeide/plugins/com.st.stm32cube.ide.mcu.externaltools.gnu-tools-for-stm32.10.3-2021.10.win32_1.0.0.202111181127/tools/bin/../lib/gcc/arm-none-eabi/10.3.1/thumb/v7e-m+fp/hard/crtn.o
 *(.fini)
 .fini          0x000000000800984c        0x4 c:/st/stm32cubeide_1.10.0/stm32cubeide/plugins/com.st.stm32cube.ide.mcu.externaltools.gnu-tools-for-stm32.10.3-2021.10.win32_1.0.0.202111181127/tools/bin/../lib/gcc/arm-none-eabi/10.3.1/thumb/v7e-m+fp/hard/crti.o
                0x000000000800984c                _fini
 .fini          0x0000000008009850        0x8 c:/st/stm32cubeide_1.10.0/stm32cubeide/plugins/com.st.stm32cube.ide.mcu.externaltools.gnu-tools-for-stm32.10.3-2021.10.win32_1.0.0.202111181127/tools/bin/../lib/gcc/arm-none-eabi/10.3.1/thumb/v7e-m+fp/hard/crtn.o
                0x0000000008009858                . = ALIGN (0x4)
                0x0000000008009858                _etext = .

.vfp11_veneer   0x0000000008009858        0x0
 .vfp11_veneer  0x0000000008009858        0x0 linker stubs

.v4_bx          0x0000000008009858        0x0
 .v4_bx         0x0000000008009858        0x0 linker stubs

.iplt           0x0000000008009858        0x0
 .iplt          0x0000000008009858        0x0 c:/st/stm32cubeide_1.10.0/stm32cubeide/plugins/com.st.stm32cube.ide.mcu.externaltools.gnu-tools-for-stm32.10.3-2021.10.win32_1.0.0.202111181127/tools/bin/../lib/gcc/arm-none-eabi/10.3.1/thumb/v7e-m+fp/hard/crtbegin.o

.rodata         0x0000000008009858       0xe4
                0x0000000008009858                . = ALIGN (0x4)
 *(.rodata)
 .rodata        0x0000000008009858       0x14 ./Core/Src/main.o
 .rodata        0x000000000800986c        0x5 ./Middlewares/Third_Party/FreeRTOS/Source/tasks.o
 *fill*         0x0000000008009871        0x3 
 .rodata        0x0000000008009874        0xd ./Middlewares/Third_Party/FreeRTOS/Source/timers.o
 *fill*         0x0000000008009881        0x3 
 .rodata        0x0000000008009884       0x5d ./USB_DEVICE/App/usbd_desc.o
 *(.rodata*)
 *fill*         0x00000000080098e1        0x3 
 .rodata.defaultTask_attributes
                0x00000000080098e4       0x24 ./Core/Src/main.o
                0x00000000080098e4                defaultTask_attributes
 .rodata.LEDTask_attributes
                0x0000000008009908       0x24 ./Core/Src/main.o
                0x0000000008009908                LEDTask_attributes
 .rodata.AHBPrescTable
                0x000000000800992c       0x10 ./Core/Src/system_stm32f4xx.o
                0x000000000800992c                AHBPrescTable
                0x000000000800993c                . = ALIGN (0x4)

.ARM.extab      0x000000000800993c        0x0
                0x000000000800993c                . = ALIGN (0x4)
 *(.ARM.extab* .gnu.linkonce.armextab.*)
                0x000000000800993c                . = ALIGN (0x4)

.ARM            0x000000000800993c        0x8
                0x000000000800993c                . = ALIGN (0x4)
                0x000000000800993c                __exidx_start = .
 *(.ARM.exidx*)
 .ARM.exidx     0x000000000800993c        0x8 c:/st/stm32cubeide_1.10.0/stm32cubeide/plugins/com.st.stm32cube.ide.mcu.externaltools.gnu-tools-for-stm32.10.3-2021.10.win32_1.0.0.202111181127/tools/bin/../lib/gcc/arm-none-eabi/10.3.1/thumb/v7e-m+fp/hard\libgcc.a(_udivmoddi4.o)
                0x0000000008009944                __exidx_end = .
                0x0000000008009944                . = ALIGN (0x4)

.rel.dyn        0x0000000008009944        0x0
 .rel.iplt      0x0000000008009944        0x0 c:/st/stm32cubeide_1.10.0/stm32cubeide/plugins/com.st.stm32cube.ide.mcu.externaltools.gnu-tools-for-stm32.10.3-2021.10.win32_1.0.0.202111181127/tools/bin/../lib/gcc/arm-none-eabi/10.3.1/thumb/v7e-m+fp/hard/crtbegin.o

.preinit_array  0x0000000008009944        0x0
                0x0000000008009944                . = ALIGN (0x4)
                0x0000000008009944                PROVIDE (__preinit_array_start = .)
 *(.preinit_array*)
                0x0000000008009944                PROVIDE (__preinit_array_end = .)
                0x0000000008009944                . = ALIGN (0x4)

.init_array     0x0000000008009944        0x4
                0x0000000008009944                . = ALIGN (0x4)
                0x0000000008009944                PROVIDE (__init_array_start = .)
 *(SORT_BY_NAME(.init_array.*))
 *(.init_array*)
 .init_array    0x0000000008009944        0x4 c:/st/stm32cubeide_1.10.0/stm32cubeide/plugins/com.st.stm32cube.ide.mcu.externaltools.gnu-tools-for-stm32.10.3-2021.10.win32_1.0.0.202111181127/tools/bin/../lib/gcc/arm-none-eabi/10.3.1/thumb/v7e-m+fp/hard/crtbegin.o
                0x0000000008009948                PROVIDE (__init_array_end = .)
                0x0000000008009948                . = ALIGN (0x4)

.fini_array     0x0000000008009948        0x4
                0x0000000008009948                . = ALIGN (0x4)
                [!provide]                        PROVIDE (__fini_array_start = .)
 *(SORT_BY_NAME(.fini_array.*))
 *(.fini_array*)
 .fini_array    0x0000000008009948        0x4 c:/st/stm32cubeide_1.10.0/stm32cubeide/plugins/com.st.stm32cube.ide.mcu.externaltools.gnu-tools-for-stm32.10.3-2021.10.win32_1.0.0.202111181127/tools/bin/../lib/gcc/arm-none-eabi/10.3.1/thumb/v7e-m+fp/hard/crtbegin.o
                [!provide]                        PROVIDE (__fini_array_end = .)
                0x000000000800994c                . = ALIGN (0x4)
                0x000000000800994c                _sidata = LOADADDR (.data)

.data           0x0000000020000000      0x108 load address 0x000000000800994c
                0x0000000020000000                . = ALIGN (0x4)
                0x0000000020000000                _sdata = .
 *(.data)
 *(.data*)
 .data.SystemCoreClock
                0x0000000020000000        0x4 ./Core/Src/system_stm32f4xx.o
                0x0000000020000000                SystemCoreClock
 .data.uwTickPrio
                0x0000000020000004        0x4 ./Drivers/STM32F4xx_HAL_Driver/Src/stm32f4xx_hal.o
                0x0000000020000004                uwTickPrio
 .data.uwTickFreq
                0x0000000020000008        0x1 ./Drivers/STM32F4xx_HAL_Driver/Src/stm32f4xx_hal.o
                0x0000000020000008                uwTickFreq
 *fill*         0x0000000020000009        0x3 
 .data.USBD_CUSTOM_HID
                0x000000002000000c       0x38 ./Middlewares/ST/STM32_USB_Device_Library/Class/CustomHID/Src/usbd_customhid.o
                0x000000002000000c                USBD_CUSTOM_HID
 .data.USBD_CUSTOM_HID_CfgDesc
                0x0000000020000044       0x29 ./Middlewares/ST/STM32_USB_Device_Library/Class/CustomHID/Src/usbd_customhid.o
 *fill*         0x000000002000006d        0x3 
 .data.USBD_CUSTOM_HID_Desc
                0x0000000020000070        0x9 ./Middlewares/ST/STM32_USB_Device_Library/Class/CustomHID/Src/usbd_customhid.o
 *fill*         0x0000000020000079        0x3 
 .data.USBD_CUSTOM_HID_DeviceQualifierDesc
                0x000000002000007c        0xa ./Middlewares/ST/STM32_USB_Device_Library/Class/CustomHID/Src/usbd_customhid.o
 .data.CUSTOMHIDInEpAdd
                0x0000000020000086        0x1 ./Middlewares/ST/STM32_USB_Device_Library/Class/CustomHID/Src/usbd_customhid.o
 .data.CUSTOMHIDOutEpAdd
                0x0000000020000087        0x1 ./Middlewares/ST/STM32_USB_Device_Library/Class/CustomHID/Src/usbd_customhid.o
 .data.uxCriticalNesting
                0x0000000020000088        0x4 ./Middlewares/Third_Party/FreeRTOS/Source/portable/GCC/ARM_CM4F/port.o
 .data.CUSTOM_HID_ReportDesc_FS
                0x000000002000008c       0x1c ./USB_DEVICE/App/usbd_custom_hid_if.o
 .data.USBD_CustomHID_fops_FS
                0x00000000200000a8       0x10 ./USB_DEVICE/App/usbd_custom_hid_if.o
                0x00000000200000a8                USBD_CustomHID_fops_FS
 .data.FS_Desc  0x00000000200000b8       0x1c ./USB_DEVICE/App/usbd_desc.o
                0x00000000200000b8                FS_Desc
 .data.USBD_FS_DeviceDesc
                0x00000000200000d4       0x12 ./USB_DEVICE/App/usbd_desc.o
                0x00000000200000d4                USBD_FS_DeviceDesc
 *fill*         0x00000000200000e6        0x2 
 .data.USBD_LangIDDesc
                0x00000000200000e8        0x4 ./USB_DEVICE/App/usbd_desc.o
                0x00000000200000e8                USBD_LangIDDesc
 .data.USBD_StringSerial
                0x00000000200000ec       0x1a ./USB_DEVICE/App/usbd_desc.o
                0x00000000200000ec                USBD_StringSerial
 *(.RamFunc)
 *(.RamFunc*)
                0x0000000020000108                . = ALIGN (0x4)
 *fill*         0x0000000020000106        0x2 
                0x0000000020000108                _edata = .
                0x0000000008009a54                _siccmram = LOADADDR (.ccmram)

.igot.plt       0x0000000020000108        0x0 load address 0x0000000008009a54
 .igot.plt      0x0000000020000108        0x0 c:/st/stm32cubeide_1.10.0/stm32cubeide/plugins/com.st.stm32cube.ide.mcu.externaltools.gnu-tools-for-stm32.10.3-2021.10.win32_1.0.0.202111181127/tools/bin/../lib/gcc/arm-none-eabi/10.3.1/thumb/v7e-m+fp/hard/crtbegin.o

.ccmram         0x0000000010000000        0x0 load address 0x0000000008009a54
                0x0000000010000000                . = ALIGN (0x4)
                0x0000000010000000                _sccmram = .
 *(.ccmram)
 *(.ccmram*)
                0x0000000010000000                . = ALIGN (0x4)
                0x0000000010000000                _eccmram = .
                0x0000000010000000                . = ALIGN (0x4)

.bss            0x0000000020000108     0x5448
                0x0000000020000108                _sbss = .
                0x0000000020000108                __bss_start__ = _sbss
 *(.bss)
 .bss           0x0000000020000108       0x1c c:/st/stm32cubeide_1.10.0/stm32cubeide/plugins/com.st.stm32cube.ide.mcu.externaltools.gnu-tools-for-stm32.10.3-2021.10.win32_1.0.0.202111181127/tools/bin/../lib/gcc/arm-none-eabi/10.3.1/thumb/v7e-m+fp/hard/crtbegin.o
 *(.bss*)
 .bss.defaultTaskHandle
                0x0000000020000124        0x4 ./Core/Src/main.o
                0x0000000020000124                defaultTaskHandle
 .bss.LEDTaskHandle
                0x0000000020000128        0x4 ./Core/Src/main.o
                0x0000000020000128                LEDTaskHandle
 .bss.USB_RX_Buffer
                0x000000002000012c       0x41 ./Core/Src/main.o
                0x000000002000012c                USB_RX_Buffer
 *fill*         0x000000002000016d        0x3 
 .bss.USB_TX_Buffer
                0x0000000020000170       0x41 ./Core/Src/main.o
                0x0000000020000170                USB_TX_Buffer
 *fill*         0x00000000200001b1        0x3 
 .bss.USB_packet_enable
                0x00000000200001b4        0x4 ./Core/Src/main.o
                0x00000000200001b4                USB_packet_enable
 .bss.uwTick    0x00000000200001b8        0x4 ./Drivers/STM32F4xx_HAL_Driver/Src/stm32f4xx_hal.o
                0x00000000200001b8                uwTick
 .bss.cfgidx.0  0x00000000200001bc        0x1 ./Middlewares/ST/STM32_USB_Device_Library/Core/Src/usbd_ctlreq.o
 *fill*         0x00000000200001bd        0x3 
 .bss.KernelState
                0x00000000200001c0        0x4 ./Middlewares/Third_Party/FreeRTOS/Source/CMSIS_RTOS_V2/cmsis_os2.o
 .bss.Idle_TCB.3
                0x00000000200001c4       0x5c ./Middlewares/Third_Party/FreeRTOS/Source/CMSIS_RTOS_V2/cmsis_os2.o
 .bss.Idle_Stack.2
                0x0000000020000220      0x200 ./Middlewares/Third_Party/FreeRTOS/Source/CMSIS_RTOS_V2/cmsis_os2.o
 .bss.Timer_TCB.1
                0x0000000020000420       0x5c ./Middlewares/Third_Party/FreeRTOS/Source/CMSIS_RTOS_V2/cmsis_os2.o
 .bss.Timer_Stack.0
                0x000000002000047c      0x400 ./Middlewares/Third_Party/FreeRTOS/Source/CMSIS_RTOS_V2/cmsis_os2.o
 .bss.xQueueRegistry
                0x000000002000087c       0x40 ./Middlewares/Third_Party/FreeRTOS/Source/queue.o
                0x000000002000087c                xQueueRegistry
 .bss.pxCurrentTCB
                0x00000000200008bc        0x4 ./Middlewares/Third_Party/FreeRTOS/Source/tasks.o
                0x00000000200008bc                pxCurrentTCB
 .bss.pxReadyTasksLists
                0x00000000200008c0      0x460 ./Middlewares/Third_Party/FreeRTOS/Source/tasks.o
 .bss.xDelayedTaskList1
                0x0000000020000d20       0x14 ./Middlewares/Third_Party/FreeRTOS/Source/tasks.o
 .bss.xDelayedTaskList2
                0x0000000020000d34       0x14 ./Middlewares/Third_Party/FreeRTOS/Source/tasks.o
 .bss.pxDelayedTaskList
                0x0000000020000d48        0x4 ./Middlewares/Third_Party/FreeRTOS/Source/tasks.o
 .bss.pxOverflowDelayedTaskList
                0x0000000020000d4c        0x4 ./Middlewares/Third_Party/FreeRTOS/Source/tasks.o
 .bss.xPendingReadyList
                0x0000000020000d50       0x14 ./Middlewares/Third_Party/FreeRTOS/Source/tasks.o
 .bss.xTasksWaitingTermination
                0x0000000020000d64       0x14 ./Middlewares/Third_Party/FreeRTOS/Source/tasks.o
 .bss.uxDeletedTasksWaitingCleanUp
                0x0000000020000d78        0x4 ./Middlewares/Third_Party/FreeRTOS/Source/tasks.o
 .bss.xSuspendedTaskList
                0x0000000020000d7c       0x14 ./Middlewares/Third_Party/FreeRTOS/Source/tasks.o
 .bss.uxCurrentNumberOfTasks
                0x0000000020000d90        0x4 ./Middlewares/Third_Party/FreeRTOS/Source/tasks.o
 .bss.xTickCount
                0x0000000020000d94        0x4 ./Middlewares/Third_Party/FreeRTOS/Source/tasks.o
 .bss.uxTopReadyPriority
                0x0000000020000d98        0x4 ./Middlewares/Third_Party/FreeRTOS/Source/tasks.o
 .bss.xSchedulerRunning
                0x0000000020000d9c        0x4 ./Middlewares/Third_Party/FreeRTOS/Source/tasks.o
 .bss.xPendedTicks
                0x0000000020000da0        0x4 ./Middlewares/Third_Party/FreeRTOS/Source/tasks.o
 .bss.xYieldPending
                0x0000000020000da4        0x4 ./Middlewares/Third_Party/FreeRTOS/Source/tasks.o
 .bss.xNumOfOverflows
                0x0000000020000da8        0x4 ./Middlewares/Third_Party/FreeRTOS/Source/tasks.o
 .bss.uxTaskNumber
                0x0000000020000dac        0x4 ./Middlewares/Third_Party/FreeRTOS/Source/tasks.o
 .bss.xNextTaskUnblockTime
                0x0000000020000db0        0x4 ./Middlewares/Third_Party/FreeRTOS/Source/tasks.o
 .bss.xIdleTaskHandle
                0x0000000020000db4        0x4 ./Middlewares/Third_Party/FreeRTOS/Source/tasks.o
 .bss.uxSchedulerSuspended
                0x0000000020000db8        0x4 ./Middlewares/Third_Party/FreeRTOS/Source/tasks.o
 .bss.xActiveTimerList1
                0x0000000020000dbc       0x14 ./Middlewares/Third_Party/FreeRTOS/Source/timers.o
 .bss.xActiveTimerList2
                0x0000000020000dd0       0x14 ./Middlewares/Third_Party/FreeRTOS/Source/timers.o
 .bss.pxCurrentTimerList
                0x0000000020000de4        0x4 ./Middlewares/Third_Party/FreeRTOS/Source/timers.o
 .bss.pxOverflowTimerList
                0x0000000020000de8        0x4 ./Middlewares/Third_Party/FreeRTOS/Source/timers.o
 .bss.xTimerQueue
                0x0000000020000dec        0x4 ./Middlewares/Third_Party/FreeRTOS/Source/timers.o
 .bss.xTimerTaskHandle
                0x0000000020000df0        0x4 ./Middlewares/Third_Party/FreeRTOS/Source/timers.o
 .bss.xLastTime.2
                0x0000000020000df4        0x4 ./Middlewares/Third_Party/FreeRTOS/Source/timers.o
 .bss.ucStaticTimerQueueStorage.1
                0x0000000020000df8       0xa0 ./Middlewares/Third_Party/FreeRTOS/Source/timers.o
 .bss.xStaticTimerQueue.0
                0x0000000020000e98       0x50 ./Middlewares/Third_Party/FreeRTOS/Source/timers.o
 .bss.ucMaxSysCallPriority
                0x0000000020000ee8        0x1 ./Middlewares/Third_Party/FreeRTOS/Source/portable/GCC/ARM_CM4F/port.o
 *fill*         0x0000000020000ee9        0x3 
 .bss.ulMaxPRIGROUPValue
                0x0000000020000eec        0x4 ./Middlewares/Third_Party/FreeRTOS/Source/portable/GCC/ARM_CM4F/port.o
 .bss.ucHeap    0x0000000020000ef0     0x3c00 ./Middlewares/Third_Party/FreeRTOS/Source/portable/MemMang/heap_4.o
 .bss.xStart    0x0000000020004af0        0x8 ./Middlewares/Third_Party/FreeRTOS/Source/portable/MemMang/heap_4.o
 .bss.pxEnd     0x0000000020004af8        0x4 ./Middlewares/Third_Party/FreeRTOS/Source/portable/MemMang/heap_4.o
 .bss.xFreeBytesRemaining
                0x0000000020004afc        0x4 ./Middlewares/Third_Party/FreeRTOS/Source/portable/MemMang/heap_4.o
 .bss.xMinimumEverFreeBytesRemaining
                0x0000000020004b00        0x4 ./Middlewares/Third_Party/FreeRTOS/Source/portable/MemMang/heap_4.o
 .bss.xNumberOfSuccessfulAllocations
                0x0000000020004b04        0x4 ./Middlewares/Third_Party/FreeRTOS/Source/portable/MemMang/heap_4.o
 .bss.xNumberOfSuccessfulFrees
                0x0000000020004b08        0x4 ./Middlewares/Third_Party/FreeRTOS/Source/portable/MemMang/heap_4.o
 .bss.xBlockAllocatedBit
                0x0000000020004b0c        0x4 ./Middlewares/Third_Party/FreeRTOS/Source/portable/MemMang/heap_4.o
 .bss.hUsbDeviceFS
                0x0000000020004b10      0x2dc ./USB_DEVICE/App/usb_device.o
                0x0000000020004b10                hUsbDeviceFS
 .bss.USBD_StrDesc
                0x0000000020004dec      0x200 ./USB_DEVICE/App/usbd_desc.o
                0x0000000020004dec                USBD_StrDesc
 .bss.hpcd_USB_OTG_FS
                0x0000000020004fec      0x50c ./USB_DEVICE/Target/usbd_conf.o
                0x0000000020004fec                hpcd_USB_OTG_FS
 .bss.mem.0     0x00000000200054f8       0x58 ./USB_DEVICE/Target/usbd_conf.o
 *(COMMON)
                0x0000000020005550                . = ALIGN (0x4)
                0x0000000020005550                _ebss = .
                0x0000000020005550                __bss_end__ = _ebss

._user_heap_stack
                0x0000000020005550      0x600
                0x0000000020005550                . = ALIGN (0x8)
                [!provide]                        PROVIDE (end = .)
                0x0000000020005550                PROVIDE (_end = .)
                0x0000000020005750                . = (. + _Min_Heap_Size)
 *fill*         0x0000000020005550      0x200 
                0x0000000020005b50                . = (. + _Min_Stack_Size)
 *fill*         0x0000000020005750      0x400 
                0x0000000020005b50                . = ALIGN (0x8)

/DISCARD/
 libc.a(*)
 libm.a(*)
 libgcc.a(*)

.ARM.attributes
                0x0000000000000000       0x30
 *(.ARM.attributes)
 .ARM.attributes
                0x0000000000000000       0x1e c:/st/stm32cubeide_1.10.0/stm32cubeide/plugins/com.st.stm32cube.ide.mcu.externaltools.gnu-tools-for-stm32.10.3-2021.10.win32_1.0.0.202111181127/tools/bin/../lib/gcc/arm-none-eabi/10.3.1/thumb/v7e-m+fp/hard/crti.o
 .ARM.attributes
                0x000000000000001e       0x34 c:/st/stm32cubeide_1.10.0/stm32cubeide/plugins/com.st.stm32cube.ide.mcu.externaltools.gnu-tools-for-stm32.10.3-2021.10.win32_1.0.0.202111181127/tools/bin/../lib/gcc/arm-none-eabi/10.3.1/thumb/v7e-m+fp/hard/crtbegin.o
 .ARM.attributes
                0x0000000000000052       0x34 ./Core/Src/main.o
 .ARM.attributes
                0x0000000000000086       0x34 ./Core/Src/stm32f4xx_hal_msp.o
 .ARM.attributes
                0x00000000000000ba       0x34 ./Core/Src/stm32f4xx_it.o
 .ARM.attributes
                0x00000000000000ee       0x34 ./Core/Src/system_stm32f4xx.o
 .ARM.attributes
                0x0000000000000122       0x21 ./Core/Startup/startup_stm32f407vgtx.o
 .ARM.attributes
                0x0000000000000143       0x34 ./Drivers/STM32F4xx_HAL_Driver/Src/stm32f4xx_hal.o
 .ARM.attributes
                0x0000000000000177       0x34 ./Drivers/STM32F4xx_HAL_Driver/Src/stm32f4xx_hal_cortex.o
 .ARM.attributes
                0x00000000000001ab       0x34 ./Drivers/STM32F4xx_HAL_Driver/Src/stm32f4xx_hal_gpio.o
 .ARM.attributes
                0x00000000000001df       0x34 ./Drivers/STM32F4xx_HAL_Driver/Src/stm32f4xx_hal_pcd.o
 .ARM.attributes
                0x0000000000000213       0x34 ./Drivers/STM32F4xx_HAL_Driver/Src/stm32f4xx_hal_pcd_ex.o
 .ARM.attributes
                0x0000000000000247       0x34 ./Drivers/STM32F4xx_HAL_Driver/Src/stm32f4xx_hal_rcc.o
 .ARM.attributes
                0x000000000000027b       0x34 ./Drivers/STM32F4xx_HAL_Driver/Src/stm32f4xx_ll_usb.o
 .ARM.attributes
                0x00000000000002af       0x34 ./Middlewares/ST/STM32_USB_Device_Library/Class/CustomHID/Src/usbd_customhid.o
 .ARM.attributes
                0x00000000000002e3       0x34 ./Middlewares/ST/STM32_USB_Device_Library/Core/Src/usbd_core.o
 .ARM.attributes
                0x0000000000000317       0x34 ./Middlewares/ST/STM32_USB_Device_Library/Core/Src/usbd_ctlreq.o
 .ARM.attributes
                0x000000000000034b       0x34 ./Middlewares/ST/STM32_USB_Device_Library/Core/Src/usbd_ioreq.o
 .ARM.attributes
                0x000000000000037f       0x34 ./Middlewares/Third_Party/FreeRTOS/Source/CMSIS_RTOS_V2/cmsis_os2.o
 .ARM.attributes
                0x00000000000003b3       0x34 ./Middlewares/Third_Party/FreeRTOS/Source/list.o
 .ARM.attributes
                0x00000000000003e7       0x34 ./Middlewares/Third_Party/FreeRTOS/Source/queue.o
 .ARM.attributes
                0x000000000000041b       0x34 ./Middlewares/Third_Party/FreeRTOS/Source/tasks.o
 .ARM.attributes
                0x000000000000044f       0x34 ./Middlewares/Third_Party/FreeRTOS/Source/timers.o
 .ARM.attributes
                0x0000000000000483       0x34 ./Middlewares/Third_Party/FreeRTOS/Source/portable/GCC/ARM_CM4F/port.o
 .ARM.attributes
                0x00000000000004b7       0x34 ./Middlewares/Third_Party/FreeRTOS/Source/portable/MemMang/heap_4.o
 .ARM.attributes
                0x00000000000004eb       0x34 ./USB_DEVICE/App/usb_device.o
 .ARM.attributes
                0x000000000000051f       0x34 ./USB_DEVICE/App/usbd_custom_hid_if.o
 .ARM.attributes
                0x0000000000000553       0x34 ./USB_DEVICE/App/usbd_desc.o
 .ARM.attributes
                0x0000000000000587       0x34 ./USB_DEVICE/Target/usbd_conf.o
 .ARM.attributes
                0x00000000000005bb       0x34 c:/st/stm32cubeide_1.10.0/stm32cubeide/plugins/com.st.stm32cube.ide.mcu.externaltools.gnu-tools-for-stm32.10.3-2021.10.win32_1.0.0.202111181127/tools/bin/../lib/gcc/arm-none-eabi/10.3.1/../../../../arm-none-eabi/lib/thumb/v7e-m+fp/hard\libc_nano.a(lib_a-init.o)
 .ARM.attributes
                0x00000000000005ef       0x34 c:/st/stm32cubeide_1.10.0/stm32cubeide/plugins/com.st.stm32cube.ide.mcu.externaltools.gnu-tools-for-stm32.10.3-2021.10.win32_1.0.0.202111181127/tools/bin/../lib/gcc/arm-none-eabi/10.3.1/../../../../arm-none-eabi/lib/thumb/v7e-m+fp/hard\libc_nano.a(lib_a-memcpy-stub.o)
 .ARM.attributes
                0x0000000000000623       0x34 c:/st/stm32cubeide_1.10.0/stm32cubeide/plugins/com.st.stm32cube.ide.mcu.externaltools.gnu-tools-for-stm32.10.3-2021.10.win32_1.0.0.202111181127/tools/bin/../lib/gcc/arm-none-eabi/10.3.1/../../../../arm-none-eabi/lib/thumb/v7e-m+fp/hard\libc_nano.a(lib_a-memset.o)
 .ARM.attributes
                0x0000000000000657       0x1e c:/st/stm32cubeide_1.10.0/stm32cubeide/plugins/com.st.stm32cube.ide.mcu.externaltools.gnu-tools-for-stm32.10.3-2021.10.win32_1.0.0.202111181127/tools/bin/../lib/gcc/arm-none-eabi/10.3.1/thumb/v7e-m+fp/hard\libgcc.a(_aeabi_uldivmod.o)
 .ARM.attributes
                0x0000000000000675       0x34 c:/st/stm32cubeide_1.10.0/stm32cubeide/plugins/com.st.stm32cube.ide.mcu.externaltools.gnu-tools-for-stm32.10.3-2021.10.win32_1.0.0.202111181127/tools/bin/../lib/gcc/arm-none-eabi/10.3.1/thumb/v7e-m+fp/hard\libgcc.a(_udivmoddi4.o)
 .ARM.attributes
                0x00000000000006a9       0x1e c:/st/stm32cubeide_1.10.0/stm32cubeide/plugins/com.st.stm32cube.ide.mcu.externaltools.gnu-tools-for-stm32.10.3-2021.10.win32_1.0.0.202111181127/tools/bin/../lib/gcc/arm-none-eabi/10.3.1/thumb/v7e-m+fp/hard\libgcc.a(_dvmd_tls.o)
 .ARM.attributes
                0x00000000000006c7       0x1e c:/st/stm32cubeide_1.10.0/stm32cubeide/plugins/com.st.stm32cube.ide.mcu.externaltools.gnu-tools-for-stm32.10.3-2021.10.win32_1.0.0.202111181127/tools/bin/../lib/gcc/arm-none-eabi/10.3.1/thumb/v7e-m+fp/hard/crtn.o
OUTPUT(USB_test1.elf elf32-littlearm)
LOAD linker stubs
LOAD c:/st/stm32cubeide_1.10.0/stm32cubeide/plugins/com.st.stm32cube.ide.mcu.externaltools.gnu-tools-for-stm32.10.3-2021.10.win32_1.0.0.202111181127/tools/bin/../lib/gcc/arm-none-eabi/10.3.1/../../../../arm-none-eabi/lib/thumb/v7e-m+fp/hard\libc.a
LOAD c:/st/stm32cubeide_1.10.0/stm32cubeide/plugins/com.st.stm32cube.ide.mcu.externaltools.gnu-tools-for-stm32.10.3-2021.10.win32_1.0.0.202111181127/tools/bin/../lib/gcc/arm-none-eabi/10.3.1/../../../../arm-none-eabi/lib/thumb/v7e-m+fp/hard\libm.a
LOAD c:/st/stm32cubeide_1.10.0/stm32cubeide/plugins/com.st.stm32cube.ide.mcu.externaltools.gnu-tools-for-stm32.10.3-2021.10.win32_1.0.0.202111181127/tools/bin/../lib/gcc/arm-none-eabi/10.3.1/thumb/v7e-m+fp/hard\libgcc.a

.debug_info     0x0000000000000000    0x17f8f
 .debug_info    0x0000000000000000      0xfcc ./Core/Src/main.o
 .debug_info    0x0000000000000fcc      0x4f6 ./Core/Src/stm32f4xx_hal_msp.o
 .debug_info    0x00000000000014c2      0x654 ./Core/Src/stm32f4xx_it.o
 .debug_info    0x0000000000001b16      0x523 ./Core/Src/system_stm32f4xx.o
 .debug_info    0x0000000000002039       0x22 ./Core/Startup/startup_stm32f407vgtx.o
 .debug_info    0x000000000000205b      0x97c ./Drivers/STM32F4xx_HAL_Driver/Src/stm32f4xx_hal.o
 .debug_info    0x00000000000029d7      0xe1b ./Drivers/STM32F4xx_HAL_Driver/Src/stm32f4xx_hal_cortex.o
 .debug_info    0x00000000000037f2      0x76a ./Drivers/STM32F4xx_HAL_Driver/Src/stm32f4xx_hal_gpio.o
 .debug_info    0x0000000000003f5c     0x1695 ./Drivers/STM32F4xx_HAL_Driver/Src/stm32f4xx_hal_pcd.o
 .debug_info    0x00000000000055f1      0x717 ./Drivers/STM32F4xx_HAL_Driver/Src/stm32f4xx_hal_pcd_ex.o
 .debug_info    0x0000000000005d08      0x966 ./Drivers/STM32F4xx_HAL_Driver/Src/stm32f4xx_hal_rcc.o
 .debug_info    0x000000000000666e     0x1a97 ./Drivers/STM32F4xx_HAL_Driver/Src/stm32f4xx_ll_usb.o
 .debug_info    0x0000000000008105      0xce9 ./Middlewares/ST/STM32_USB_Device_Library/Class/CustomHID/Src/usbd_customhid.o
 .debug_info    0x0000000000008dee      0xee7 ./Middlewares/ST/STM32_USB_Device_Library/Core/Src/usbd_core.o
 .debug_info    0x0000000000009cd5      0xb7f ./Middlewares/ST/STM32_USB_Device_Library/Core/Src/usbd_ctlreq.o
 .debug_info    0x000000000000a854      0x7da ./Middlewares/ST/STM32_USB_Device_Library/Core/Src/usbd_ioreq.o
 .debug_info    0x000000000000b02e     0x3c16 ./Middlewares/Third_Party/FreeRTOS/Source/CMSIS_RTOS_V2/cmsis_os2.o
 .debug_info    0x000000000000ec44      0x2d1 ./Middlewares/Third_Party/FreeRTOS/Source/list.o
 .debug_info    0x000000000000ef15     0x1cbf ./Middlewares/Third_Party/FreeRTOS/Source/queue.o
 .debug_info    0x0000000000010bd4     0x2362 ./Middlewares/Third_Party/FreeRTOS/Source/tasks.o
 .debug_info    0x0000000000012f36     0x1572 ./Middlewares/Third_Party/FreeRTOS/Source/timers.o
 .debug_info    0x00000000000144a8      0x507 ./Middlewares/Third_Party/FreeRTOS/Source/portable/GCC/ARM_CM4F/port.o
 .debug_info    0x00000000000149af      0x50b ./Middlewares/Third_Party/FreeRTOS/Source/portable/MemMang/heap_4.o
 .debug_info    0x0000000000014eba      0x721 ./USB_DEVICE/App/usb_device.o
 .debug_info    0x00000000000155db      0x7fd ./USB_DEVICE/App/usbd_custom_hid_if.o
 .debug_info    0x0000000000015dd8      0x498 ./USB_DEVICE/App/usbd_desc.o
 .debug_info    0x0000000000016270     0x1d1f ./USB_DEVICE/Target/usbd_conf.o

.debug_abbrev   0x0000000000000000     0x3dc7
 .debug_abbrev  0x0000000000000000      0x2f4 ./Core/Src/main.o
 .debug_abbrev  0x00000000000002f4      0x115 ./Core/Src/stm32f4xx_hal_msp.o
 .debug_abbrev  0x0000000000000409      0x1ae ./Core/Src/stm32f4xx_it.o
 .debug_abbrev  0x00000000000005b7      0x116 ./Core/Src/system_stm32f4xx.o
 .debug_abbrev  0x00000000000006cd       0x12 ./Core/Startup/startup_stm32f407vgtx.o
 .debug_abbrev  0x00000000000006df      0x20d ./Drivers/STM32F4xx_HAL_Driver/Src/stm32f4xx_hal.o
 .debug_abbrev  0x00000000000008ec      0x316 ./Drivers/STM32F4xx_HAL_Driver/Src/stm32f4xx_hal_cortex.o
 .debug_abbrev  0x0000000000000c02      0x1c4 ./Drivers/STM32F4xx_HAL_Driver/Src/stm32f4xx_hal_gpio.o
 .debug_abbrev  0x0000000000000dc6      0x2bb ./Drivers/STM32F4xx_HAL_Driver/Src/stm32f4xx_hal_pcd.o
 .debug_abbrev  0x0000000000001081      0x1ce ./Drivers/STM32F4xx_HAL_Driver/Src/stm32f4xx_hal_pcd_ex.o
 .debug_abbrev  0x000000000000124f      0x2aa ./Drivers/STM32F4xx_HAL_Driver/Src/stm32f4xx_hal_rcc.o
 .debug_abbrev  0x00000000000014f9      0x296 ./Drivers/STM32F4xx_HAL_Driver/Src/stm32f4xx_ll_usb.o
 .debug_abbrev  0x000000000000178f      0x2bc ./Middlewares/ST/STM32_USB_Device_Library/Class/CustomHID/Src/usbd_customhid.o
 .debug_abbrev  0x0000000000001a4b      0x263 ./Middlewares/ST/STM32_USB_Device_Library/Core/Src/usbd_core.o
 .debug_abbrev  0x0000000000001cae      0x25c ./Middlewares/ST/STM32_USB_Device_Library/Core/Src/usbd_ctlreq.o
 .debug_abbrev  0x0000000000001f0a      0x18a ./Middlewares/ST/STM32_USB_Device_Library/Core/Src/usbd_ioreq.o
 .debug_abbrev  0x0000000000002094      0x4e6 ./Middlewares/Third_Party/FreeRTOS/Source/CMSIS_RTOS_V2/cmsis_os2.o
 .debug_abbrev  0x000000000000257a       0xf2 ./Middlewares/Third_Party/FreeRTOS/Source/list.o
 .debug_abbrev  0x000000000000266c      0x3a1 ./Middlewares/Third_Party/FreeRTOS/Source/queue.o
 .debug_abbrev  0x0000000000002a0d      0x37d ./Middlewares/Third_Party/FreeRTOS/Source/tasks.o
 .debug_abbrev  0x0000000000002d8a      0x346 ./Middlewares/Third_Party/FreeRTOS/Source/timers.o
 .debug_abbrev  0x00000000000030d0      0x259 ./Middlewares/Third_Party/FreeRTOS/Source/portable/GCC/ARM_CM4F/port.o
 .debug_abbrev  0x0000000000003329      0x212 ./Middlewares/Third_Party/FreeRTOS/Source/portable/MemMang/heap_4.o
 .debug_abbrev  0x000000000000353b      0x186 ./USB_DEVICE/App/usb_device.o
 .debug_abbrev  0x00000000000036c1      0x201 ./USB_DEVICE/App/usbd_custom_hid_if.o
 .debug_abbrev  0x00000000000038c2      0x1da ./USB_DEVICE/App/usbd_desc.o
 .debug_abbrev  0x0000000000003a9c      0x32b ./USB_DEVICE/Target/usbd_conf.o

.debug_aranges  0x0000000000000000     0x1320
 .debug_aranges
                0x0000000000000000       0x48 ./Core/Src/main.o
 .debug_aranges
                0x0000000000000048       0x20 ./Core/Src/stm32f4xx_hal_msp.o
 .debug_aranges
                0x0000000000000068       0x58 ./Core/Src/stm32f4xx_it.o
 .debug_aranges
                0x00000000000000c0       0x28 ./Core/Src/system_stm32f4xx.o
 .debug_aranges
                0x00000000000000e8       0x28 ./Core/Startup/startup_stm32f407vgtx.o
 .debug_aranges
                0x0000000000000110       0xf0 ./Drivers/STM32F4xx_HAL_Driver/Src/stm32f4xx_hal.o
 .debug_aranges
                0x0000000000000200      0x118 ./Drivers/STM32F4xx_HAL_Driver/Src/stm32f4xx_hal_cortex.o
 .debug_aranges
                0x0000000000000318       0x58 ./Drivers/STM32F4xx_HAL_Driver/Src/stm32f4xx_hal_gpio.o
 .debug_aranges
                0x0000000000000370      0x148 ./Drivers/STM32F4xx_HAL_Driver/Src/stm32f4xx_hal_pcd.o
 .debug_aranges
                0x00000000000004b8       0x38 ./Drivers/STM32F4xx_HAL_Driver/Src/stm32f4xx_hal_pcd_ex.o
 .debug_aranges
                0x00000000000004f0       0x88 ./Drivers/STM32F4xx_HAL_Driver/Src/stm32f4xx_hal_rcc.o
 .debug_aranges
                0x0000000000000578      0x1a0 ./Drivers/STM32F4xx_HAL_Driver/Src/stm32f4xx_ll_usb.o
 .debug_aranges
                0x0000000000000718       0x80 ./Middlewares/ST/STM32_USB_Device_Library/Class/CustomHID/Src/usbd_customhid.o
 .debug_aranges
                0x0000000000000798       0xd8 ./Middlewares/ST/STM32_USB_Device_Library/Core/Src/usbd_core.o
 .debug_aranges
                0x0000000000000870       0x90 ./Middlewares/ST/STM32_USB_Device_Library/Core/Src/usbd_ctlreq.o
 .debug_aranges
                0x0000000000000900       0x50 ./Middlewares/ST/STM32_USB_Device_Library/Core/Src/usbd_ioreq.o
 .debug_aranges
                0x0000000000000950      0x2a8 ./Middlewares/Third_Party/FreeRTOS/Source/CMSIS_RTOS_V2/cmsis_os2.o
 .debug_aranges