../Core/Src/main.c:208:6:Acc_Inin	16	static
../Core/Src/main.c:255:8:Filter_Kalman	48	static
../Core/Src/main.c:279:6:LED_Proc	24	static
../Core/Src/main.c:335:5:main	8	static
../Core/Src/main.c:459:6:SystemClock_Config	88	static
../Core/Src/main.c:505:13:MX_SPI1_Init	8	static
../Core/Src/main.c:543:13:MX_TIM7_Init	16	static
../Core/Src/main.c:581:13:MX_USART2_UART_Init	8	static
../Core/Src/main.c:612:13:MX_DMA_Init	16	static
../Core/Src/main.c:633:13:MX_GPIO_Init	48	static
../Core/Src/main.c:686:6:StartDefaultTask	16	static
../Core/Src/main.c:706:6:StartRead_XYZ	32	static
../Core/Src/main.c:842:6:StartAngle_Task	72	static
../Core/Src/main.c:950:6:StartTask_test	192	static
../Core/Src/main.c:1029:6:HAL_TIM_PeriodElapsedCallback	16	static
../Core/Src/main.c:1046:6:Error_Handler	4	static,ignoring_inline_asm
