../Core/Src/stm32f4xx_it.c:78:6:NMI_Handler	4	static
../Core/Src/stm32f4xx_it.c:93:6:HardFault_Handler	4	static
../Core/Src/stm32f4xx_it.c:108:6:MemManage_Handler	4	static
../Core/Src/stm32f4xx_it.c:123:6:BusFault_Handler	4	static
../Core/Src/stm32f4xx_it.c:138:6:UsageFault_Handler	4	static
../Core/Src/stm32f4xx_it.c:153:6:DebugMon_Handler	4	static
../Core/Src/stm32f4xx_it.c:173:6:EXTI0_IRQHandler	8	static
../Core/Src/stm32f4xx_it.c:205:6:TIM6_DAC_IRQHandler	8	static
../Core/Src/stm32f4xx_it.c:219:6:TIM7_IRQHandler	8	static
../Core/Src/stm32f4xx_it.c:233:6:DMA2_Stream0_IRQHandler	8	static
../Core/Src/stm32f4xx_it.c:247:6:DMA2_Stream3_IRQHandler	8	static
../Core/Src/stm32f4xx_it.c:261:6:OTG_FS_IRQHandler	8	static
