Archive member included to satisfy reference by file (symbol)

c:/st/stm32cubeide_1.10.0/stm32cubeide/plugins/com.st.stm32cube.ide.mcu.externaltools.gnu-tools-for-stm32.10.3-2021.10.win32_1.0.0.202111181127/tools/bin/../lib/gcc/arm-none-eabi/10.3.1/../../../../arm-none-eabi/lib/thumb/v7e-m+fp/hard\libc_nano.a(lib_a-errno.o)
                              ./Core/Src/syscalls.o (__errno)
c:/st/stm32cubeide_1.10.0/stm32cubeide/plugins/com.st.stm32cube.ide.mcu.externaltools.gnu-tools-for-stm32.10.3-2021.10.win32_1.0.0.202111181127/tools/bin/../lib/gcc/arm-none-eabi/10.3.1/../../../../arm-none-eabi/lib/thumb/v7e-m+fp/hard\libc_nano.a(lib_a-exit.o)
                              c:/st/stm32cubeide_1.10.0/stm32cubeide/plugins/com.st.stm32cube.ide.mcu.externaltools.gnu-tools-for-stm32.10.3-2021.10.win32_1.0.0.202111181127/tools/bin/../lib/gcc/arm-none-eabi/10.3.1/../../../../arm-none-eabi/lib/thumb/v7e-m+fp/hard/crt0.o (exit)
c:/st/stm32cubeide_1.10.0/stm32cubeide/plugins/com.st.stm32cube.ide.mcu.externaltools.gnu-tools-for-stm32.10.3-2021.10.win32_1.0.0.202111181127/tools/bin/../lib/gcc/arm-none-eabi/10.3.1/../../../../arm-none-eabi/lib/thumb/v7e-m+fp/hard\libc_nano.a(lib_a-impure.o)
                              c:/st/stm32cubeide_1.10.0/stm32cubeide/plugins/com.st.stm32cube.ide.mcu.externaltools.gnu-tools-for-stm32.10.3-2021.10.win32_1.0.0.202111181127/tools/bin/../lib/gcc/arm-none-eabi/10.3.1/../../../../arm-none-eabi/lib/thumb/v7e-m+fp/hard\libc_nano.a(lib_a-exit.o) (_global_impure_ptr)
c:/st/stm32cubeide_1.10.0/stm32cubeide/plugins/com.st.stm32cube.ide.mcu.externaltools.gnu-tools-for-stm32.10.3-2021.10.win32_1.0.0.202111181127/tools/bin/../lib/gcc/arm-none-eabi/10.3.1/../../../../arm-none-eabi/lib/thumb/v7e-m+fp/hard\libc_nano.a(lib_a-init.o)
                              c:/st/stm32cubeide_1.10.0/stm32cubeide/plugins/com.st.stm32cube.ide.mcu.externaltools.gnu-tools-for-stm32.10.3-2021.10.win32_1.0.0.202111181127/tools/bin/../lib/gcc/arm-none-eabi/10.3.1/../../../../arm-none-eabi/lib/thumb/v7e-m+fp/hard/crt0.o (__libc_init_array)
c:/st/stm32cubeide_1.10.0/stm32cubeide/plugins/com.st.stm32cube.ide.mcu.externaltools.gnu-tools-for-stm32.10.3-2021.10.win32_1.0.0.202111181127/tools/bin/../lib/gcc/arm-none-eabi/10.3.1/../../../../arm-none-eabi/lib/thumb/v7e-m+fp/hard\libc_nano.a(lib_a-memcpy-stub.o)
                              ./Middlewares/Third_Party/FreeRTOS/Source/CMSIS_RTOS_V2/cmsis_os2.o (memcpy)
c:/st/stm32cubeide_1.10.0/stm32cubeide/plugins/com.st.stm32cube.ide.mcu.externaltools.gnu-tools-for-stm32.10.3-2021.10.win32_1.0.0.202111181127/tools/bin/../lib/gcc/arm-none-eabi/10.3.1/../../../../arm-none-eabi/lib/thumb/v7e-m+fp/hard\libc_nano.a(lib_a-memset.o)
                              c:/st/stm32cubeide_1.10.0/stm32cubeide/plugins/com.st.stm32cube.ide.mcu.externaltools.gnu-tools-for-stm32.10.3-2021.10.win32_1.0.0.202111181127/tools/bin/../lib/gcc/arm-none-eabi/10.3.1/../../../../arm-none-eabi/lib/thumb/v7e-m+fp/hard/crt0.o (memset)
c:/st/stm32cubeide_1.10.0/stm32cubeide/plugins/com.st.stm32cube.ide.mcu.externaltools.gnu-tools-for-stm32.10.3-2021.10.win32_1.0.0.202111181127/tools/bin/../lib/gcc/arm-none-eabi/10.3.1/../../../../arm-none-eabi/lib/thumb/v7e-m+fp/hard\libc_nano.a(lib_a-nano-vfprintf_float.o)
                              (_printf_float)
c:/st/stm32cubeide_1.10.0/stm32cubeide/plugins/com.st.stm32cube.ide.mcu.externaltools.gnu-tools-for-stm32.10.3-2021.10.win32_1.0.0.202111181127/tools/bin/../lib/gcc/arm-none-eabi/10.3.1/../../../../arm-none-eabi/lib/thumb/v7e-m+fp/hard\libc_nano.a(lib_a-nano-vfprintf_i.o)
                              c:/st/stm32cubeide_1.10.0/stm32cubeide/plugins/com.st.stm32cube.ide.mcu.externaltools.gnu-tools-for-stm32.10.3-2021.10.win32_1.0.0.202111181127/tools/bin/../lib/gcc/arm-none-eabi/10.3.1/../../../../arm-none-eabi/lib/thumb/v7e-m+fp/hard\libc_nano.a(lib_a-nano-vfprintf_float.o) (_printf_common)
c:/st/stm32cubeide_1.10.0/stm32cubeide/plugins/com.st.stm32cube.ide.mcu.externaltools.gnu-tools-for-stm32.10.3-2021.10.win32_1.0.0.202111181127/tools/bin/../lib/gcc/arm-none-eabi/10.3.1/../../../../arm-none-eabi/lib/thumb/v7e-m+fp/hard\libc_nano.a(lib_a-snprintf.o)
                              ./Core/Src/main.o (snprintf)
c:/st/stm32cubeide_1.10.0/stm32cubeide/plugins/com.st.stm32cube.ide.mcu.externaltools.gnu-tools-for-stm32.10.3-2021.10.win32_1.0.0.202111181127/tools/bin/../lib/gcc/arm-none-eabi/10.3.1/../../../../arm-none-eabi/lib/thumb/v7e-m+fp/hard\libc_nano.a(lib_a-sprintf.o)
                              ./Core/Src/main.o (sprintf)
c:/st/stm32cubeide_1.10.0/stm32cubeide/plugins/com.st.stm32cube.ide.mcu.externaltools.gnu-tools-for-stm32.10.3-2021.10.win32_1.0.0.202111181127/tools/bin/../lib/gcc/arm-none-eabi/10.3.1/../../../../arm-none-eabi/lib/thumb/v7e-m+fp/hard\libc_nano.a(lib_a-strcpy.o)
                              ./Middlewares/Third_Party/FreeRTOS/Source/tasks.o (strcpy)
[...]
Memory Configuration

Name             Origin             Length             Attributes
CCMRAM           0x0000000010000000 0x0000000000010000 xrw
RAM              0x0000000020000000 0x0000000000020000 xrw
FLASH            0x0000000008000000 0x0000000000100000 xr
*default*        0x0000000000000000 0xffffffffffffffff

Linker script and memory map

LOAD c:/st/stm32cubeide_1.10.0/stm32cubeide/plugins/com.st.stm32cube.ide.mcu.externaltools.gnu-tools-for-stm32.10.3-2021.10.win32_1.0.0.202111181127/tools/bin/../lib/gcc/arm-none-eabi/10.3.1/thumb/v7e-m+fp/hard/crti.o
LOAD c:/st/stm32cubeide_1.10.0/stm32cubeide/plugins/com.st.stm32cube.ide.mcu.externaltools.gnu-tools-for-stm32.10.3-2021.10.win32_1.0.0.202111181127/tools/bin/../lib/gcc/arm-none-eabi/10.3.1/thumb/v7e-m+fp/hard/crtbegin.o
LOAD c:/st/stm32cubeide_1.10.0/stm32cubeide/plugins/com.st.stm32cube.ide.mcu.externaltools.gnu-tools-for-stm32.10.3-2021.10.win32_1.0.0.202111181127/tools/bin/../lib/gcc/arm-none-eabi/10.3.1/../../../../arm-none-eabi/lib/thumb/v7e-m+fp/hard/crt0.o
LOAD ./Core/Src/freertos.o
LOAD ./Core/Src/main.o
LOAD ./Core/Src/stm32f4xx_hal_msp.o
LOAD ./Core/Src/stm32f4xx_hal_timebase_tim.o
LOAD ./Core/Src/stm32f4xx_it.o
LOAD ./Core/Src/syscalls.o
LOAD ./Core/Src/sysmem.o
LOAD ./Core/Src/system_stm32f4xx.o
LOAD ./Core/Startup/startup_stm32f407vgtx.o
LOAD ./Drivers/STM32F4xx_HAL_Driver/Src/stm32f4xx_hal.o
LOAD ./Drivers/STM32F4xx_HAL_Driver/Src/stm32f4xx_hal_cortex.o
LOAD ./Drivers/STM32F4xx_HAL_Driver/Src/stm32f4xx_hal_dma.o
LOAD ./Drivers/STM32F4xx_HAL_Driver/Src/stm32f4xx_hal_dma_ex.o
LOAD ./Drivers/STM32F4xx_HAL_Driver/Src/stm32f4xx_hal_exti.o
LOAD ./Drivers/STM32F4xx_HAL_Driver/Src/stm32f4xx_hal_flash.o
LOAD ./Drivers/STM32F4xx_HAL_Driver/Src/stm32f4xx_hal_flash_ex.o
LOAD ./Drivers/STM32F4xx_HAL_Driver/Src/stm32f4xx_hal_flash_ramfunc.o
LOAD ./Drivers/STM32F4xx_HAL_Driver/Src/stm32f4xx_hal_gpio.o
LOAD ./Drivers/STM32F4xx_HAL_Driver/Src/stm32f4xx_hal_pcd.o
LOAD ./Drivers/STM32F4xx_HAL_Driver/Src/stm32f4xx_hal_pcd_ex.o
LOAD ./Drivers/STM32F4xx_HAL_Driver/Src/stm32f4xx_hal_pwr.o
LOAD ./Drivers/STM32F4xx_HAL_Driver/Src/stm32f4xx_hal_pwr_ex.o
LOAD ./Drivers/STM32F4xx_HAL_Driver/Src/stm32f4xx_hal_rcc.o
LOAD ./Drivers/STM32F4xx_HAL_Driver/Src/stm32f4xx_hal_rcc_ex.o
LOAD ./Drivers/STM32F4xx_HAL_Driver/Src/stm32f4xx_hal_spi.o
LOAD ./Drivers/STM32F4xx_HAL_Driver/Src/stm32f4xx_hal_tim.o
LOAD ./Drivers/STM32F4xx_HAL_Driver/Src/stm32f4xx_hal_tim_ex.o
LOAD ./Drivers/STM32F4xx_HAL_Driver/Src/stm32f4xx_hal_uart.o
LOAD ./Drivers/STM32F4xx_HAL_Driver/Src/stm32f4xx_ll_usb.o
LOAD ./Middlewares/ST/STM32_USB_Device_Library/Class/CDC/Src/usbd_cdc.o
LOAD ./Middlewares/ST/STM32_USB_Device_Library/Core/Src/usbd_core.o
LOAD ./Middlewares/ST/STM32_USB_Device_Library/Core/Src/usbd_ctlreq.o
LOAD ./Middlewares/ST/STM32_USB_Device_Library/Core/Src/usbd_ioreq.o
LOAD ./Middlewares/Third_Party/FreeRTOS/Source/CMSIS_RTOS_V2/cmsis_os2.o
LOAD ./Middlewares/Third_Party/FreeRTOS/Source/croutine.o
LOAD ./Middlewares/Third_Party/FreeRTOS/Source/event_groups.o
LOAD ./Middlewares/Third_Party/FreeRTOS/Source/list.o
LOAD ./Middlewares/Third_Party/FreeRTOS/Source/queue.o
LOAD ./Middlewares/Third_Party/FreeRTOS/Source/stream_buffer.o
LOAD ./Middlewares/Third_Party/FreeRTOS/Source/tasks.o
LOAD ./Middlewares/Third_Party/FreeRTOS/Source/timers.o
LOAD ./Middlewares/Third_Party/FreeRTOS/Source/portable/GCC/ARM_CM4F/port.o
LOAD ./Middlewares/Third_Party/FreeRTOS/Source/portable/MemMang/heap_4.o
LOAD ./USB_DEVICE/App/usb_device.o
LOAD ./USB_DEVICE/App/usbd_cdc_if.o
LOAD ./USB_DEVICE/App/usbd_desc.o
LOAD ./USB_DEVICE/Target/usbd_conf.o
START GROUP
LOAD c:/st/stm32cubeide_1.10.0/stm32cubeide/plugins/com.st.stm32cube.ide.mcu.externaltools.gnu-tools-for-stm32.10.3-2021.10.win32_1.0.0.202111181127/tools/bin/../lib/gcc/arm-none-eabi/10.3.1/../../../../arm-none-eabi/lib/thumb/v7e-m+fp/hard\libc_nano.a
LOAD c:/st/stm32cubeide_1.10.0/stm32cubeide/plugins/com.st.stm32cube.ide.mcu.externaltools.gnu-tools-for-stm32.10.3-2021.10.win32_1.0.0.202111181127/tools/bin/../lib/gcc/arm-none-eabi/10.3.1/../../../../arm-none-eabi/lib/thumb/v7e-m+fp/hard\libm.a
END GROUP
START GROUP
LOAD c:/st/stm32cubeide_1.10.0/stm32cubeide/plugins/com.st.stm32cube.ide.mcu.externaltools.gnu-tools-for-stm32.10.3-2021.10.win32_1.0.0.202111181127/tools/bin/../lib/gcc/arm-none-eabi/10.3.1/thumb/v7e-m+fp/hard\libgcc.a
LOAD c:/st/stm32cubeide_1.10.0/stm32cubeide/plugins/com.st.stm32cube.ide.mcu.externaltools.gnu-tools-for-stm32.10.3-2021.10.win32_1.0.0.202111181127/tools/bin/../lib/gcc/arm-none-eabi/10.3.1/../../../../arm-none-eabi/lib/thumb/v7e-m+fp/hard\libc_nano.a
END GROUP
START GROUP
LOAD c:/st/stm32cubeide_1.10.0/stm32cubeide/plugins/com.st.stm32cube.ide.mcu.externaltools.gnu-tools-for-stm32.10.3-2021.10.win32_1.0.0.202111181127/tools/bin/../lib/gcc/arm-none-eabi/10.3.1/thumb/v7e-m+fp/hard\libgcc.a
LOAD c:/st/stm32cubeide_1.10.0/stm32cubeide/plugins/com.st.stm32cube.ide.mcu.externaltools.gnu-tools-for-stm32.10.3-2021.10.win32_1.0.0.202111181127/tools/bin/../lib/gcc/arm-none-eabi/10.3.1/../../../../arm-none-eabi/lib/thumb/v7e-m+fp/hard\libc_nano.a
LOAD c:/st/stm32cubeide_1.10.0/stm32cubeide/plugins/com.st.stm32cube.ide.mcu.externaltools.gnu-tools-for-stm32.10.3-2021.10.win32_1.0.0.202111181127/tools/bin/../lib/gcc/arm-none-eabi/10.3.1/../../../../arm-none-eabi/lib/thumb/v7e-m+fp/hard\libnosys.a
END GROUP
START GROUP
LOAD c:/st/stm32cubeide_1.10.0/stm32cubeide/plugins/com.st.stm32cube.ide.mcu.externaltools.gnu-tools-for-stm32.10.3-2021.10.win32_1.0.0.202111181127/tools/bin/../lib/gcc/arm-none-eabi/10.3.1/thumb/v7e-m+fp/hard\libgcc.a
LOAD c:/st/stm32cubeide_1.10.0/stm32cubeide/plugins/com.st.stm32cube.ide.mcu.externaltools.gnu-tools-for-stm32.10.3-2021.10.win32_1.0.0.202111181127/tools/bin/../lib/gcc/arm-none-eabi/10.3.1/../../../../arm-none-eabi/lib/thumb/v7e-m+fp/hard\libc_nano.a
LOAD c:/st/stm32cubeide_1.10.0/stm32cubeide/plugins/com.st.stm32cube.ide.mcu.externaltools.gnu-tools-for-stm32.10.3-2021.10.win32_1.0.0.202111181127/tools/bin/../lib/gcc/arm-none-eabi/10.3.1/../../../../arm-none-eabi/lib/thumb/v7e-m+fp/hard\libnosys.a
END GROUP
LOAD c:/st/stm32cubeide_1.10.0/stm32cubeide/plugins/com.st.stm32cube.ide.mcu.externaltools.gnu-tools-for-stm32.10.3-2021.10.win32_1.0.0.202111181127/tools/bin/../lib/gcc/arm-none-eabi/10.3.1/thumb/v7e-m+fp/hard/crtend.o
LOAD c:/st/stm32cubeide_1.10.0/stm32cubeide/plugins/com.st.stm32cube.ide.mcu.externaltools.gnu-tools-for-stm32.10.3-2021.10.win32_1.0.0.202111181127/tools/bin/../lib/gcc/arm-none-eabi/10.3.1/thumb/v7e-m+fp/hard/crtn.o
                0x0000000020020000                _estack = (ORIGIN (RAM) + LENGTH (RAM))
                0x0000000000002000                _Min_Heap_Size = 0x2000
                0x0000000000004000                _Min_Stack_Size = 0x4000

.isr_vector     0x0000000008000000      0x188
                0x0000000008000000                . = ALIGN (0x4)
 *(.isr_vector)
 .isr_vector    0x0000000008000000      0x188 ./Core/Startup/startup_stm32f407vgtx.o
                0x0000000008000000                g_pfnVectors
                0x0000000008000188                . = ALIGN (0x4)

.text           0x0000000008000190    0x11d14
                0x0000000008000190                . = ALIGN (0x4)
 *(.text)
 .text          0x0000000008000190       0x40 c:/st/stm32cubeide_1.10.0/stm32cubeide/plugins/com.st.stm32cube.ide.mcu.externaltools.gnu-tools-for-stm32.10.3-2021.10.win32_1.0.0.202111181127/tools/bin/../lib/gcc/arm-none-eabi/10.3.1/thumb/v7e-m+fp/hard/crtbegin.o
 .text          0x00000000080001d0       0x10 c:/st/stm32cubeide_1.10.0/stm32cubeide/plugins/com.st.stm32cube.ide.mcu.externaltools.gnu-tools-for-stm32.10.3-2021.10.win32_1.0.0.202111181127/tools/bin/../lib/gcc/arm-none-eabi/10.3.1/../../../../arm-none-eabi/lib/thumb/v7e-m+fp/hard\libc_nano.a(lib_a-strlen.o)
                0x00000000080001d0                strlen
 .text          0x00000000080001e0       0xa0 c:/st/stm32cubeide_1.10.0/stm32cubeide/plugins/com.st.stm32cube.ide.mcu.externaltools.gnu-tools-for-stm32.10.3-2021.10.win32_1.0.0.202111181127/tools/bin/../lib/gcc/arm-none-eabi/10.3.1/../../../../arm-none-eabi/lib/thumb/v7e-m+fp/hard\libc_nano.a(lib_a-memchr.o)
                0x00000000080001e0                memchr
 .text          0x0000000008000280      0x378 c:/st/stm32cubeide_1.10.0/stm32cubeide/plugins/com.st.stm32cube.ide.mcu.externaltools.gnu-tools-for-stm32.10.3-2021.10.win32_1.0.0.202111181127/tools/bin/../lib/gcc/arm-none-eabi/10.3.1/thumb/v7e-m+fp/hard\libgcc.a(_arm_addsubdf3.o)
                0x0000000008000280                __aeabi_drsub
                0x0000000008000288                __aeabi_dsub
                0x0000000008000288                __subdf3
                0x000000000800028c                __aeabi_dadd
                0x000000000800028c                __adddf3
                0x0000000008000504                __floatunsidf
                0x0000000008000504                __aeabi_ui2d
                0x0000000008000524                __floatsidf
                0x0000000008000524                __aeabi_i2d
                0x0000000008000548                __aeabi_f2d
                0x0000000008000548                __extendsfdf2
                0x000000000800058c                __floatundidf
                0x000000000800058c                __aeabi_ul2d
                0x000000000800059c                __floatdidf
                0x000000000800059c                __aeabi_l2d
 .text          0x00000000080005f8      0x424 c:/st/stm32cubeide_1.10.0/stm32cubeide/plugins/com.st.stm32cube.ide.mcu.externaltools.gnu-tools-for-stm32.10.3-2021.10.win32_1.0.0.202111181127/tools/bin/../lib/gcc/arm-none-eabi/10.3.1/thumb/v7e-m+fp/hard\libgcc.a(_arm_muldivdf3.o)
                0x00000000080005f8                __aeabi_dmul
                0x00000000080005f8                __muldf3
                0x000000000800084c                __divdf3
                0x000000000800084c                __aeabi_ddiv
 .text          0x0000000008000a1c      0x110 c:/st/stm32cubeide_1.10.0/stm32cubeide/plugins/com.st.stm32cube.ide.mcu.externaltools.gnu-tools-for-stm32.10.3-2021.10.win32_1.0.0.202111181127/tools/bin/../lib/gcc/arm-none-eabi/10.3.1/thumb/v7e-m+fp/hard\libgcc.a(_arm_cmpdf2.o)
                0x0000000008000a1c                __gtdf2
                0x0000000008000a1c                __gedf2
                0x0000000008000a24                __ltdf2
                0x0000000008000a24                __ledf2
                0x0000000008000a2c                __nedf2
                0x0000000008000a2c                __eqdf2
                0x0000000008000a2c                __cmpdf2
                0x0000000008000aa8                __aeabi_cdrcmple
                0x0000000008000ab8                __aeabi_cdcmpeq
                0x0000000008000ab8                __aeabi_cdcmple
                0x0000000008000ac8                __aeabi_dcmpeq
                0x0000000008000adc                __aeabi_dcmplt
                0x0000000008000af0                __aeabi_dcmple
                0x0000000008000b04                __aeabi_dcmpge
                0x0000000008000b18                __aeabi_dcmpgt
 .text          0x0000000008000b2c       0x2c c:/st/stm32cubeide_1.10.0/stm32cubeide/plugins/com.st.stm32cube.ide.mcu.externaltools.gnu-tools-for-stm32.10.3-2021.10.win32_1.0.0.202111181127/tools/bin/../lib/gcc/arm-none-eabi/10.3.1/thumb/v7e-m+fp/hard\libgcc.a(_arm_unorddf2.o)
                0x0000000008000b2c                __unorddf2
                0x0000000008000b2c                __aeabi_dcmpun
 .text          0x0000000008000b58       0x50 c:/st/stm32cubeide_1.10.0/stm32cubeide/plugins/com.st.stm32cube.ide.mcu.externaltools.gnu-tools-for-stm32.10.3-2021.10.win32_1.0.0.202111181127/tools/bin/../lib/gcc/arm-none-eabi/10.3.1/thumb/v7e-m+fp/hard\libgcc.a(_arm_fixdfsi.o)
                0x0000000008000b58                __aeabi_d2iz
                0x0000000008000b58                __fixdfsi
 .text          0x0000000008000ba8       0x30 c:/st/stm32cubeide_1.10.0/stm32cubeide/plugins/com.st.stm32cube.ide.mcu.externaltools.gnu-tools-for-stm32.10.3-2021.10.win32_1.0.0.202111181127/tools/bin/../lib/gcc/arm-none-eabi/10.3.1/thumb/v7e-m+fp/hard\libgcc.a(_aeabi_uldivmod.o)
                0x0000000008000ba8                __aeabi_uldivmod
 .text          0x0000000008000bd8      0x2d0 c:/st/stm32cubeide_1.10.0/stm32cubeide/plugins/com.st.stm32cube.ide.mcu.externaltools.gnu-tools-for-stm32.10.3-2021.10.win32_1.0.0.202111181127/tools/bin/../lib/gcc/arm-none-eabi/10.3.1/thumb/v7e-m+fp/hard\libgcc.a(_udivmoddi4.o)
                0x0000000008000bd8                __udivmoddi4
 .text          0x0000000008000ea8        0x4 c:/st/stm32cubeide_1.10.0/stm32cubeide/plugins/com.st.stm32cube.ide.mcu.externaltools.gnu-tools-for-stm32.10.3-2021.10.win32_1.0.0.202111181127/tools/bin/../lib/gcc/arm-none-eabi/10.3.1/thumb/v7e-m+fp/hard\libgcc.a(_dvmd_tls.o)
                0x0000000008000ea8                __aeabi_idiv0
                0x0000000008000ea8                __aeabi_ldiv0
 *(.text*)
 .text.configureTimerForRunTimeStats
                0x0000000008000eac       0x1c ./Core/Src/freertos.o
                0x0000000008000eac                configureTimerForRunTimeStats
 .text.getRunTimeCounterValue
                0x0000000008000ec8       0x18 ./Core/Src/freertos.o
                0x0000000008000ec8                getRunTimeCounterValue
 .text.Acc_Inin
                0x0000000008000ee0       0xb4 ./Core/Src/main.o
                0x0000000008000ee0                Acc_Inin
 .text.Filter_Kalman
                0x0000000008000f94       0x58 ./Core/Src/main.o
                0x0000000008000f94                Filter_Kalman
 .text.LED_Proc
                0x0000000008000fec      0x158 ./Core/Src/main.o
                0x0000000008000fec                LED_Proc
 .text.main     0x0000000008001144      0x11c ./Core/Src/main.o
                0x0000000008001144                main
 .text.SystemClock_Config
                0x0000000008001260       0xd4 ./Core/Src/main.o
                0x0000000008001260                SystemClock_Config
 .text.MX_SPI1_Init
                0x0000000008001334       0x6c ./Core/Src/main.o
 .text.MX_TIM7_Init
                0x00000000080013a0       0x68 ./Core/Src/main.o
 .text.MX_USART2_UART_Init
                0x0000000008001408       0x54 ./Core/Src/main.o
 .text.MX_DMA_Init
                0x000000000800145c       0x50 ./Core/Src/main.o
 .text.MX_GPIO_Init
                0x00000000080014ac      0x114 ./Core/Src/main.o
 .text.StartDefaultTask
                0x00000000080015c0       0x14 ./Core/Src/main.o
                0x00000000080015c0                StartDefaultTask
 .text.StartRead_XYZ
                0x00000000080015d4      0x1ac ./Core/Src/main.o
                0x00000000080015d4                StartRead_XYZ
 .text.StartAngle_Task
                0x0000000008001780      0x298 ./Core/Src/main.o
                0x0000000008001780                StartAngle_Task
 .text.StartTask_test
                0x0000000008001a18       0xdc ./Core/Src/main.o
                0x0000000008001a18                StartTask_test
 .text.HAL_TIM_PeriodElapsedCallback
                0x0000000008001af4       0x24 ./Core/Src/main.o
                0x0000000008001af4                HAL_TIM_PeriodElapsedCallback
 .text.Error_Handler
                0x0000000008001b18        0xa ./Core/Src/main.o
                0x0000000008001b18                Error_Handler
 *fill*         0x0000000008001b22        0x2 
 .text.HAL_MspInit
                0x0000000008001b24       0x58 ./Core/Src/stm32f4xx_hal_msp.o
                0x0000000008001b24                HAL_MspInit
 .text.HAL_SPI_MspInit
                0x0000000008001b7c      0x158 ./Core/Src/stm32f4xx_hal_msp.o
                0x0000000008001b7c                HAL_SPI_MspInit
 .text.HAL_TIM_Base_MspInit
                0x0000000008001cd4       0x50 ./Core/Src/stm32f4xx_hal_msp.o
                0x0000000008001cd4                HAL_TIM_Base_MspInit
 .text.HAL_UART_MspInit
                0x0000000008001d24       0x90 ./Core/Src/stm32f4xx_hal_msp.o
                0x0000000008001d24                HAL_UART_MspInit
 .text.HAL_InitTick
                0x0000000008001db4       0xf8 ./Core/Src/stm32f4xx_hal_timebase_tim.o
                0x0000000008001db4                HAL_InitTick
 .text.NMI_Handler
                0x0000000008001eac        0x6 ./Core/Src/stm32f4xx_it.o
                0x0000000008001eac                NMI_Handler
 .text.HardFault_Handler
                0x0000000008001eb2        0x6 ./Core/Src/stm32f4xx_it.o
                0x0000000008001eb2                HardFault_Handler
 .text.MemManage_Handler
                0x0000000008001eb8        0x6 ./Core/Src/stm32f4xx_it.o
                0x0000000008001eb8                MemManage_Handler
 .text.BusFault_Handler
                0x0000000008001ebe        0x6 ./Core/Src/stm32f4xx_it.o
                0x0000000008001ebe                BusFault_Handler
 .text.UsageFault_Handler
                0x0000000008001ec4        0x6 ./Core/Src/stm32f4xx_it.o
                0x0000000008001ec4                UsageFault_Handler
 .text.DebugMon_Handler
                0x0000000008001eca        0xe ./Core/Src/stm32f4xx_it.o
                0x0000000008001eca                DebugMon_Handler
 .text.EXTI0_IRQHandler
                0x0000000008001ed8       0x1c ./Core/Src/stm32f4xx_it.o
                0x0000000008001ed8                EXTI0_IRQHandler
 .text.TIM6_DAC_IRQHandler
                0x0000000008001ef4       0x14 ./Core/Src/stm32f4xx_it.o
                0x0000000008001ef4                TIM6_DAC_IRQHandler
 .text.TIM7_IRQHandler
                0x0000000008001f08       0x20 ./Core/Src/stm32f4xx_it.o
                0x0000000008001f08                TIM7_IRQHandler
 .text.DMA2_Stream0_IRQHandler
                0x0000000008001f28       0x14 ./Core/Src/stm32f4xx_it.o
                0x0000000008001f28                DMA2_Stream0_IRQHandler
 .text.DMA2_Stream3_IRQHandler
                0x0000000008001f3c       0x14 ./Core/Src/stm32f4xx_it.o
                0x0000000008001f3c                DMA2_Stream3_IRQHandler
 .text.OTG_FS_IRQHandler
                0x0000000008001f50       0x14 ./Core/Src/stm32f4xx_it.o
                0x0000000008001f50                OTG_FS_IRQHandler
 .text._getpid  0x0000000008001f64       0x10 ./Core/Src/syscalls.o
                0x0000000008001f64                _getpid
 .text._kill    0x0000000008001f74       0x20 ./Core/Src/syscalls.o
                0x0000000008001f74                _kill
 .text._exit    0x0000000008001f94       0x14 ./Core/Src/syscalls.o
                0x0000000008001f94                _exit
 .text._read    0x0000000008001fa8       0x3a ./Core/Src/syscalls.o
                0x0000000008001fa8                _read
 .text._write   0x0000000008001fe2       0x38 ./Core/Src/syscalls.o
                0x0000000008001fe2                _write
 .text._close   0x000000000800201a       0x18 ./Core/Src/syscalls.o
                0x000000000800201a                _close
 .text._fstat   0x0000000008002032       0x20 ./Core/Src/syscalls.o
                0x0000000008002032                _fstat
 .text._isatty  0x0000000008002052       0x16 ./Core/Src/syscalls.o
                0x0000000008002052                _isatty
 .text._lseek   0x0000000008002068       0x1a ./Core/Src/syscalls.o
                0x0000000008002068                _lseek
 *fill*         0x0000000008002082        0x2 
 .text._sbrk    0x0000000008002084       0x6c ./Core/Src/sysmem.o
                0x0000000008002084                _sbrk
 .text.SystemInit
                0x00000000080020f0       0x24 ./Core/Src/system_stm32f4xx.o
                0x00000000080020f0                SystemInit
 .text.Reset_Handler
                0x0000000008002114       0x50 ./Core/Startup/startup_stm32f407vgtx.o
                0x0000000008002114                Reset_Handler
 .text.Default_Handler
                0x0000000008002164        0x2 ./Core/Startup/startup_stm32f407vgtx.o
                0x0000000008002164                RTC_Alarm_IRQHandler
                0x0000000008002164                HASH_RNG_IRQHandler
                0x0000000008002164                EXTI2_IRQHandler
                0x0000000008002164                TIM8_CC_IRQHandler
                0x0000000008002164                TIM1_CC_IRQHandler
                0x0000000008002164                DMA2_Stream5_IRQHandler
                0x0000000008002164                DMA1_Stream5_IRQHandler
                0x0000000008002164                PVD_IRQHandler
                0x0000000008002164                SDIO_IRQHandler
                0x0000000008002164                TAMP_STAMP_IRQHandler
                0x0000000008002164                CAN2_RX1_IRQHandler
                0x0000000008002164                EXTI3_IRQHandler
                0x0000000008002164                TIM8_TRG_COM_TIM14_IRQHandler
                0x0000000008002164                TIM1_UP_TIM10_IRQHandler
                0x0000000008002164                TIM8_UP_TIM13_IRQHandler
                0x0000000008002164                I2C3_ER_IRQHandler
                0x0000000008002164                I2C2_EV_IRQHandler
                0x0000000008002164                DMA1_Stream2_IRQHandler
                0x0000000008002164                CAN1_RX0_IRQHandler
                0x0000000008002164                FPU_IRQHandler
                0x0000000008002164                OTG_HS_WKUP_IRQHandler
                0x0000000008002164                CAN2_SCE_IRQHandler
                0x0000000008002164                DMA2_Stream2_IRQHandler
                0x0000000008002164                SPI1_IRQHandler
                0x0000000008002164                TIM1_BRK_TIM9_IRQHandler
                0x0000000008002164                DCMI_IRQHandler
                0x0000000008002164                CAN2_RX0_IRQHandler
                0x0000000008002164                USART6_IRQHandler
                0x0000000008002164                USART3_IRQHandler
                0x0000000008002164                CAN1_RX1_IRQHandler
                0x0000000008002164                UART5_IRQHandler
                0x0000000008002164                TIM4_IRQHandler
                0x0000000008002164                I2C1_EV_IRQHandler
                0x0000000008002164                DMA1_Stream6_IRQHandler
                0x0000000008002164                DMA1_Stream1_IRQHandler
                0x0000000008002164                UART4_IRQHandler
                0x0000000008002164                TIM3_IRQHandler
                0x0000000008002164                RCC_IRQHandler
                0x0000000008002164                TIM8_BRK_TIM12_IRQHandler
                0x0000000008002164                Default_Handler
                0x0000000008002164                EXTI15_10_IRQHandler
                0x0000000008002164                ADC_IRQHandler
                0x0000000008002164                DMA1_Stream7_IRQHandler
                0x0000000008002164                CAN2_TX_IRQHandler
                0x0000000008002164                TIM5_IRQHandler
                0x0000000008002164                DMA2_Stream7_IRQHandler
                0x0000000008002164                I2C3_EV_IRQHandler
                0x0000000008002164                EXTI9_5_IRQHandler
                0x0000000008002164                RTC_WKUP_IRQHandler
                0x0000000008002164                ETH_WKUP_IRQHandler
                0x0000000008002164                SPI2_IRQHandler
                0x0000000008002164                OTG_HS_EP1_IN_IRQHandler
                0x0000000008002164                DMA1_Stream0_IRQHandler
                0x0000000008002164                CAN1_TX_IRQHandler
                0x0000000008002164                EXTI4_IRQHandler
                0x0000000008002164                FSMC_IRQHandler
                0x0000000008002164                ETH_IRQHandler
                0x0000000008002164                OTG_HS_EP1_OUT_IRQHandler
                0x0000000008002164                WWDG_IRQHandler
                0x0000000008002164                TIM2_IRQHandler
                0x0000000008002164                OTG_FS_WKUP_IRQHandler
                0x0000000008002164                TIM1_TRG_COM_TIM11_IRQHandler
                0x0000000008002164                OTG_HS_IRQHandler
                0x0000000008002164                EXTI1_IRQHandler
                0x0000000008002164                USART2_IRQHandler
                0x0000000008002164                I2C2_ER_IRQHandler
                0x0000000008002164                DMA2_Stream1_IRQHandler
                0x0000000008002164                CAN1_SCE_IRQHandler
                0x0000000008002164                FLASH_IRQHandler
                0x0000000008002164                DMA2_Stream4_IRQHandler
                0x0000000008002164                USART1_IRQHandler
                0x0000000008002164                SPI3_IRQHandler
                0x0000000008002164                DMA1_Stream4_IRQHandler
                0x0000000008002164                I2C1_ER_IRQHandler
                0x0000000008002164                DMA2_Stream6_IRQHandler
                0x0000000008002164                DMA1_Stream3_IRQHandler
 *fill*         0x0000000008002166        0x2 
 .text.HAL_Init
                0x0000000008002168       0x44 ./Drivers/STM32F4xx_HAL_Driver/Src/stm32f4xx_hal.o
                0x0000000008002168                HAL_Init
 .text.HAL_IncTick
                0x00000000080021ac       0x28 ./Drivers/STM32F4xx_HAL_Driver/Src/stm32f4xx_hal.o
                0x00000000080021ac                HAL_IncTick
 .text.HAL_GetTick
                0x00000000080021d4       0x18 ./Drivers/STM32F4xx_HAL_Driver/Src/stm32f4xx_hal.o
                0x00000000080021d4                HAL_GetTick
 .text.HAL_Delay
                0x00000000080021ec       0x48 ./Drivers/STM32F4xx_HAL_Driver/Src/stm32f4xx_hal.o
                0x00000000080021ec                HAL_Delay
 .text.__NVIC_SetPriorityGrouping
                0x0000000008002234       0x48 ./Drivers/STM32F4xx_HAL_Driver/Src/stm32f4xx_hal_cortex.o
 .text.__NVIC_GetPriorityGrouping
                0x000000000800227c       0x1c ./Drivers/STM32F4xx_HAL_Driver/Src/stm32f4xx_hal_cortex.o
 .text.__NVIC_EnableIRQ
                0x0000000008002298       0x3c ./Drivers/STM32F4xx_HAL_Driver/Src/stm32f4xx_hal_cortex.o
 .text.__NVIC_SetPriority
                0x00000000080022d4       0x54 ./Drivers/STM32F4xx_HAL_Driver/Src/stm32f4xx_hal_cortex.o
 .text.NVIC_EncodePriority
                0x0000000008002328       0x66 ./Drivers/STM32F4xx_HAL_Driver/Src/stm32f4xx_hal_cortex.o
 .text.HAL_NVIC_SetPriorityGrouping
                0x000000000800238e       0x16 ./Drivers/STM32F4xx_HAL_Driver/Src/stm32f4xx_hal_cortex.o
                0x000000000800238e                HAL_NVIC_SetPriorityGrouping
 .text.HAL_NVIC_SetPriority
                0x00000000080023a4       0x38 ./Drivers/STM32F4xx_HAL_Driver/Src/stm32f4xx_hal_cortex.o
                0x00000000080023a4                HAL_NVIC_SetPriority
 .text.HAL_NVIC_EnableIRQ
                0x00000000080023dc       0x1c ./Drivers/STM32F4xx_HAL_Driver/Src/stm32f4xx_hal_cortex.o
                0x00000000080023dc                HAL_NVIC_EnableIRQ
 .text.HAL_DMA_Init
                0x00000000080023f8      0x15c ./Drivers/STM32F4xx_HAL_Driver/Src/stm32f4xx_hal_dma.o
                0x00000000080023f8                HAL_DMA_Init
 .text.HAL_DMA_Start_IT
                0x0000000008002554       0xb0 ./Drivers/STM32F4xx_HAL_Driver/Src/stm32f4xx_hal_dma.o
                0x0000000008002554                HAL_DMA_Start_IT
 .text.HAL_DMA_IRQHandler
                0x0000000008002604      0x314 ./Drivers/STM32F4xx_HAL_Driver/Src/stm32f4xx_hal_dma.o
                0x0000000008002604                HAL_DMA_IRQHandler
 .text.DMA_SetConfig
                0x0000000008002918       0x5c ./Drivers/STM32F4xx_HAL_Driver/Src/stm32f4xx_hal_dma.o
 .text.DMA_CalcBaseAndBitshift
                0x0000000008002974       0x6c ./Drivers/STM32F4xx_HAL_Driver/Src/stm32f4xx_hal_dma.o
 .text.DMA_CheckFifoParam
                0x00000000080029e0       0xf8 ./Drivers/STM32F4xx_HAL_Driver/Src/stm32f4xx_hal_dma.o
 .text.HAL_GPIO_Init
                0x0000000008002ad8      0x338 ./Drivers/STM32F4xx_HAL_Driver/Src/stm32f4xx_hal_gpio.o
                0x0000000008002ad8                HAL_GPIO_Init
 .text.HAL_GPIO_WritePin
                0x0000000008002e10       0x32 ./Drivers/STM32F4xx_HAL_Driver/Src/stm32f4xx_hal_gpio.o
                0x0000000008002e10                HAL_GPIO_WritePin
 .text.HAL_GPIO_TogglePin
                0x0000000008002e42       0x34 ./Drivers/STM32F4xx_HAL_Driver/Src/stm32f4xx_hal_gpio.o
                0x0000000008002e42                HAL_GPIO_TogglePin
 *fill*         0x0000000008002e76        0x2 
 .text.HAL_GPIO_EXTI_IRQHandler
                0x0000000008002e78       0x30 ./Drivers/STM32F4xx_HAL_Driver/Src/stm32f4xx_hal_gpio.o
                0x0000000008002e78                HAL_GPIO_EXTI_IRQHandler
 .text.HAL_GPIO_EXTI_Callback
                0x0000000008002ea8       0x16 ./Drivers/STM32F4xx_HAL_Driver/Src/stm32f4xx_hal_gpio.o
                0x0000000008002ea8                HAL_GPIO_EXTI_Callback
 .text.HAL_PCD_Init
                0x0000000008002ebe      0x23a ./Drivers/STM32F4xx_HAL_Driver/Src/stm32f4xx_hal_pcd.o
                0x0000000008002ebe                HAL_PCD_Init
 .text.HAL_PCD_Start
                0x00000000080030f8       0x66 ./Drivers/STM32F4xx_HAL_Driver/Src/stm32f4xx_hal_pcd.o
                0x00000000080030f8                HAL_PCD_Start
 .text.HAL_PCD_IRQHandler
                0x000000000800315e      0x93e ./Drivers/STM32F4xx_HAL_Driver/Src/stm32f4xx_hal_pcd.o
                0x000000000800315e                HAL_PCD_IRQHandler
 .text.HAL_PCD_SetAddress
                0x0000000008003a9c       0x4a ./Drivers/STM32F4xx_HAL_Driver/Src/stm32f4xx_hal_pcd.o
                0x0000000008003a9c                HAL_PCD_SetAddress
 .text.HAL_PCD_EP_Open
                0x0000000008003ae6       0xd0 ./Drivers/STM32F4xx_HAL_Driver/Src/stm32f4xx_hal_pcd.o
                0x0000000008003ae6                HAL_PCD_EP_Open
 .text.HAL_PCD_EP_Close
                0x0000000008003bb6       0x94 ./Drivers/STM32F4xx_HAL_Driver/Src/stm32f4xx_hal_pcd.o
                0x0000000008003bb6                HAL_PCD_EP_Close
 .text.HAL_PCD_EP_Receive
                0x0000000008003c4a       0x96 ./Drivers/STM32F4xx_HAL_Driver/Src/stm32f4xx_hal_pcd.o
                0x0000000008003c4a                HAL_PCD_EP_Receive
 .text.HAL_PCD_EP_GetRxCount
                0x0000000008003ce0       0x30 ./Drivers/STM32F4xx_HAL_Driver/Src/stm32f4xx_hal_pcd.o
                0x0000000008003ce0                HAL_PCD_EP_GetRxCount
 .text.HAL_PCD_EP_Transmit
                0x0000000008003d10       0x94 ./Drivers/STM32F4xx_HAL_Driver/Src/stm32f4xx_hal_pcd.o
                0x0000000008003d10                HAL_PCD_EP_Transmit
 .text.HAL_PCD_EP_SetStall
                0x0000000008003da4       0xc8 ./Drivers/STM32F4xx_HAL_Driver/Src/stm32f4xx_hal_pcd.o
                0x0000000008003da4                HAL_PCD_EP_SetStall
 .text.HAL_PCD_EP_ClrStall
                0x0000000008003e6c       0xac ./Drivers/STM32F4xx_HAL_Driver/Src/stm32f4xx_hal_pcd.o
                0x0000000008003e6c                HAL_PCD_EP_ClrStall
 .text.HAL_PCD_EP_Abort
                0x0000000008003f18       0x62 ./Drivers/STM32F4xx_HAL_Driver/Src/stm32f4xx_hal_pcd.o
                0x0000000008003f18                HAL_PCD_EP_Abort
 .text.PCD_WriteEmptyTxFifo
                0x0000000008003f7a      0x11a ./Drivers/STM32F4xx_HAL_Driver/Src/stm32f4xx_hal_pcd.o
 .text.PCD_EP_OutXfrComplete_int
                0x0000000008004094      0x1d0 ./Drivers/STM32F4xx_HAL_Driver/Src/stm32f4xx_hal_pcd.o
 .text.PCD_EP_OutSetupPacket_int
                0x0000000008004264       0x8c ./Drivers/STM32F4xx_HAL_Driver/Src/stm32f4xx_hal_pcd.o
 .text.HAL_PCDEx_SetTxFiFo
                0x00000000080042f0       0x8e ./Drivers/STM32F4xx_HAL_Driver/Src/stm32f4xx_hal_pcd_ex.o
                0x00000000080042f0                HAL_PCDEx_SetTxFiFo
 .text.HAL_PCDEx_SetRxFiFo
                0x000000000800437e       0x22 ./Drivers/STM32F4xx_HAL_Driver/Src/stm32f4xx_hal_pcd_ex.o
                0x000000000800437e                HAL_PCDEx_SetRxFiFo
 .text.HAL_PCDEx_LPM_Callback
                0x00000000080043a0       0x18 ./Drivers/STM32F4xx_HAL_Driver/Src/stm32f4xx_hal_pcd_ex.o
                0x00000000080043a0                HAL_PCDEx_LPM_Callback
 .text.HAL_RCC_OscConfig
                0x00000000080043b8      0x4f0 ./Drivers/STM32F4xx_HAL_Driver/Src/stm32f4xx_hal_rcc.o
                0x00000000080043b8                HAL_RCC_OscConfig
 .text.HAL_RCC_ClockConfig
                0x00000000080048a8      0x1cc ./Drivers/STM32F4xx_HAL_Driver/Src/stm32f4xx_hal_rcc.o
                0x00000000080048a8                HAL_RCC_ClockConfig
 .text.HAL_RCC_GetSysClockFreq
                0x0000000008004a74      0x20c ./Drivers/STM32F4xx_HAL_Driver/Src/stm32f4xx_hal_rcc.o
                0x0000000008004a74                HAL_RCC_GetSysClockFreq
 .text.HAL_RCC_GetHCLKFreq
                0x0000000008004c80       0x18 ./Drivers/STM32F4xx_HAL_Driver/Src/stm32f4xx_hal_rcc.o
                0x0000000008004c80                HAL_RCC_GetHCLKFreq
 .text.HAL_RCC_GetPCLK1Freq
                0x0000000008004c98       0x28 ./Drivers/STM32F4xx_HAL_Driver/Src/stm32f4xx_hal_rcc.o
                0x0000000008004c98                HAL_RCC_GetPCLK1Freq
 .text.HAL_RCC_GetPCLK2Freq
                0x0000000008004cc0       0x28 ./Drivers/STM32F4xx_HAL_Driver/Src/stm32f4xx_hal_rcc.o
                0x0000000008004cc0                HAL_RCC_GetPCLK2Freq
 .text.HAL_RCC_GetClockConfig
                0x0000000008004ce8       0x64 ./Drivers/STM32F4xx_HAL_Driver/Src/stm32f4xx_hal_rcc.o
                0x0000000008004ce8                HAL_RCC_GetClockConfig
 .text.HAL_SPI_Init
                0x0000000008004d4c      0x112 ./Drivers/STM32F4xx_HAL_Driver/Src/stm32f4xx_hal_spi.o
                0x0000000008004d4c                HAL_SPI_Init
 *fill*         0x0000000008004e5e        0x2 
 .text.HAL_SPI_Transmit_DMA
                0x0000000008004e60      0x16c ./Drivers/STM32F4xx_HAL_Driver/Src/stm32f4xx_hal_spi.o
                0x0000000008004e60                HAL_SPI_Transmit_DMA
 .text.HAL_SPI_Receive_DMA
                0x0000000008004fcc      0x190 ./Drivers/STM32F4xx_HAL_Driver/Src/stm32f4xx_hal_spi.o
                0x0000000008004fcc                HAL_SPI_Receive_DMA
 .text.HAL_SPI_TransmitReceive_DMA
                0x000000000800515c      0x204 ./Drivers/STM32F4xx_HAL_Driver/Src/stm32f4xx_hal_spi.o
                0x000000000800515c                HAL_SPI_TransmitReceive_DMA
 .text.HAL_SPI_TxCpltCallback
                0x0000000008005360       0x14 ./Drivers/STM32F4xx_HAL_Driver/Src/stm32f4xx_hal_spi.o
                0x0000000008005360                HAL_SPI_TxCpltCallback
 .text.HAL_SPI_RxCpltCallback
                0x0000000008005374       0x14 ./Drivers/STM32F4xx_HAL_Driver/Src/stm32f4xx_hal_spi.o
                0x0000000008005374                HAL_SPI_RxCpltCallback
 .text.HAL_SPI_TxRxCpltCallback
                0x0000000008005388       0x14 ./Drivers/STM32F4xx_HAL_Driver/Src/stm32f4xx_hal_spi.o
                0x0000000008005388                HAL_SPI_TxRxCpltCallback
 .text.HAL_SPI_TxHalfCpltCallback
                0x000000000800539c       0x14 ./Drivers/STM32F4xx_HAL_Driver/Src/stm32f4xx_hal_spi.o
                0x000000000800539c                HAL_SPI_TxHalfCpltCallback
 .text.HAL_SPI_RxHalfCpltCallback
                0x00000000080053b0       0x14 ./Drivers/STM32F4xx_HAL_Driver/Src/stm32f4xx_hal_spi.o
                0x00000000080053b0                HAL_SPI_RxHalfCpltCallback
 .text.HAL_SPI_TxRxHalfCpltCallback
                0x00000000080053c4       0x14 ./Drivers/STM32F4xx_HAL_Driver/Src/stm32f4xx_hal_spi.o
                0x00000000080053c4                HAL_SPI_TxRxHalfCpltCallback
 .text.HAL_SPI_ErrorCallback
                0x00000000080053d8       0x14 ./Drivers/STM32F4xx_HAL_Driver/Src/stm32f4xx_hal_spi.o
                0x00000000080053d8                HAL_SPI_ErrorCallback
 .text.SPI_DMATransmitCplt
                0x00000000080053ec       0xa8 ./Drivers/STM32F4xx_HAL_Driver/Src/stm32f4xx_hal_spi.o
 .text.SPI_DMAReceiveCplt
                0x0000000008005494       0xa8 ./Drivers/STM32F4xx_HAL_Driver/Src/stm32f4xx_hal_spi.o
 .text.SPI_DMATransmitReceiveCplt
                0x000000000800553c       0x90 ./Drivers/STM32F4xx_HAL_Driver/Src/stm32f4xx_hal_spi.o
 .text.SPI_DMAHalfTransmitCplt
                0x00000000080055cc       0x1c ./Drivers/STM32F4xx_HAL_Driver/Src/stm32f4xx_hal_spi.o
 .text.SPI_DMAHalfReceiveCplt
                0x00000000080055e8       0x1c ./Drivers/STM32F4xx_HAL_Driver/Src/stm32f4xx_hal_spi.o
 .text.SPI_DMAHalfTransmitReceiveCplt
                0x0000000008005604       0x1c ./Drivers/STM32F4xx_HAL_Driver/Src/stm32f4xx_hal_spi.o
 .text.SPI_DMAError
                0x0000000008005620       0x40 ./Drivers/STM32F4xx_HAL_Driver/Src/stm32f4xx_hal_spi.o
 .text.SPI_WaitFlagStateUntilTimeout
                0x0000000008005660      0x110 ./Drivers/STM32F4xx_HAL_Driver/Src/stm32f4xx_hal_spi.o
 .text.SPI_EndRxTransaction
                0x0000000008005770       0xca ./Drivers/STM32F4xx_HAL_Driver/Src/stm32f4xx_hal_spi.o
 *fill*         0x000000000800583a        0x2 
 .text.SPI_EndRxTxTransaction
                0x000000000800583c       0x84 ./Drivers/STM32F4xx_HAL_Driver/Src/stm32f4xx_hal_spi.o
 .text.HAL_TIM_Base_Init
                0x00000000080058c0       0x9e ./Drivers/STM32F4xx_HAL_Driver/Src/stm32f4xx_hal_tim.o
                0x00000000080058c0                HAL_TIM_Base_Init
 *fill*         0x000000000800595e        0x2 
 .text.HAL_TIM_Base_Start_IT
                0x0000000008005960       0xe0 ./Drivers/STM32F4xx_HAL_Driver/Src/stm32f4xx_hal_tim.o
                0x0000000008005960                HAL_TIM_Base_Start_IT
 .text.HAL_TIM_IRQHandler
                0x0000000008005a40      0x210 ./Drivers/STM32F4xx_HAL_Driver/Src/stm32f4xx_hal_tim.o
                0x0000000008005a40                HAL_TIM_IRQHandler
 .text.HAL_TIM_OC_DelayElapsedCallback
                0x0000000008005c50       0x14 ./Drivers/STM32F4xx_HAL_Driver/Src/stm32f4xx_hal_tim.o
                0x0000000008005c50                HAL_TIM_OC_DelayElapsedCallback
 .text.HAL_TIM_IC_CaptureCallback
                0x0000000008005c64       0x14 ./Drivers/STM32F4xx_HAL_Driver/Src/stm32f4xx_hal_tim.o
                0x0000000008005c64                HAL_TIM_IC_CaptureCallback
 .text.HAL_TIM_PWM_PulseFinishedCallback
                0x0000000008005c78       0x14 ./Drivers/STM32F4xx_HAL_Driver/Src/stm32f4xx_hal_tim.o
                0x0000000008005c78                HAL_TIM_PWM_PulseFinishedCallback
 .text.HAL_TIM_TriggerCallback
                0x0000000008005c8c       0x14 ./Drivers/STM32F4xx_HAL_Driver/Src/stm32f4xx_hal_tim.o
                0x0000000008005c8c                HAL_TIM_TriggerCallback
 .text.TIM_Base_SetConfig
                0x0000000008005ca0      0x140 ./Drivers/STM32F4xx_HAL_Driver/Src/stm32f4xx_hal_tim.o
                0x0000000008005ca0                TIM_Base_SetConfig
 .text.HAL_TIMEx_MasterConfigSynchronization
                0x0000000008005de0       0xf8 ./Drivers/STM32F4xx_HAL_Driver/Src/stm32f4xx_hal_tim_ex.o
                0x0000000008005de0                HAL_TIMEx_MasterConfigSynchronization
 .text.HAL_TIMEx_CommutCallback
                0x0000000008005ed8       0x14 ./Drivers/STM32F4xx_HAL_Driver/Src/stm32f4xx_hal_tim_ex.o
                0x0000000008005ed8                HAL_TIMEx_CommutCallback
 .text.HAL_TIMEx_BreakCallback
                0x0000000008005eec       0x14 ./Drivers/STM32F4xx_HAL_Driver/Src/stm32f4xx_hal_tim_ex.o
                0x0000000008005eec                HAL_TIMEx_BreakCallback
 .text.HAL_UART_Init
                0x0000000008005f00       0x9a ./Drivers/STM32F4xx_HAL_Driver/Src/stm32f4xx_hal_uart.o
                0x0000000008005f00                HAL_UART_Init
 *fill*         0x0000000008005f9a        0x2 
 .text.UART_SetConfig
                0x0000000008005f9c      0x4e8 ./Drivers/STM32F4xx_HAL_Driver/Src/stm32f4xx_hal_uart.o
 .text.USB_CoreInit
                0x0000000008006484       0xc2 ./Drivers/STM32F4xx_HAL_Driver/Src/stm32f4xx_ll_usb.o
                0x0000000008006484                USB_CoreInit
 *fill*         0x0000000008006546        0x2 
 .text.USB_SetTurnaroundTime
                0x0000000008006548      0x144 ./Drivers/STM32F4xx_HAL_Driver/Src/stm32f4xx_ll_usb.o
                0x0000000008006548                USB_SetTurnaroundTime
 .text.USB_EnableGlobalInt
                0x000000000800668c       0x22 ./Drivers/STM32F4xx_HAL_Driver/Src/stm32f4xx_ll_usb.o
                0x000000000800668c                USB_EnableGlobalInt
 .text.USB_DisableGlobalInt
                0x00000000080066ae       0x22 ./Drivers/STM32F4xx_HAL_Driver/Src/stm32f4xx_ll_usb.o
                0x00000000080066ae                USB_DisableGlobalInt
 .text.USB_SetCurrentMode
                0x00000000080066d0       0x98 ./Drivers/STM32F4xx_HAL_Driver/Src/stm32f4xx_ll_usb.o
                0x00000000080066d0                USB_SetCurrentMode
 .text.USB_DevInit
                0x0000000008006768      0x2c8 ./Drivers/STM32F4xx_HAL_Driver/Src/stm32f4xx_ll_usb.o
                0x0000000008006768                USB_DevInit
 .text.USB_FlushTxFifo
                0x0000000008006a30       0x68 ./Drivers/STM32F4xx_HAL_Driver/Src/stm32f4xx_ll_usb.o
                0x0000000008006a30                USB_FlushTxFifo
 .text.USB_FlushRxFifo
                0x0000000008006a98       0x60 ./Drivers/STM32F4xx_HAL_Driver/Src/stm32f4xx_ll_usb.o
                0x0000000008006a98                USB_FlushRxFifo
 .text.USB_SetDevSpeed
                0x0000000008006af8       0x32 ./Drivers/STM32F4xx_HAL_Driver/Src/stm32f4xx_ll_usb.o
                0x0000000008006af8                USB_SetDevSpeed
 .text.USB_GetDevSpeed
                0x0000000008006b2a       0x4a ./Drivers/STM32F4xx_HAL_Driver/Src/stm32f4xx_ll_usb.o
                0x0000000008006b2a                USB_GetDevSpeed
 .text.USB_ActivateEndpoint
                0x0000000008006b74      0x10e ./Drivers/STM32F4xx_HAL_Driver/Src/stm32f4xx_ll_usb.o
                0x0000000008006b74                USB_ActivateEndpoint
 *fill*         0x0000000008006c82        0x2 
 .text.USB_DeactivateEndpoint
                0x0000000008006c84      0x1b8 ./Drivers/STM32F4xx_HAL_Driver/Src/stm32f4xx_ll_usb.o
                0x0000000008006c84                USB_DeactivateEndpoint
 .text.USB_EPStartXfer
                0x0000000008006e3c      0x490 ./Drivers/STM32F4xx_HAL_Driver/Src/stm32f4xx_ll_usb.o
                0x0000000008006e3c                USB_EPStartXfer
 .text.USB_EP0StartXfer
                0x00000000080072cc      0x2b0 ./Drivers/STM32F4xx_HAL_Driver/Src/stm32f4xx_ll_usb.o
                0x00000000080072cc                USB_EP0StartXfer
 .text.USB_EPStopXfer
                0x000000000800757c      0x154 ./Drivers/STM32F4xx_HAL_Driver/Src/stm32f4xx_ll_usb.o
                0x000000000800757c                USB_EPStopXfer
 .text.USB_WritePacket
                0x00000000080076d0       0x7c ./Drivers/STM32F4xx_HAL_Driver/Src/stm32f4xx_ll_usb.o
                0x00000000080076d0                USB_WritePacket
 .text.USB_ReadPacket
                0x000000000800774c       0xb0 ./Drivers/STM32F4xx_HAL_Driver/Src/stm32f4xx_ll_usb.o
                0x000000000800774c                USB_ReadPacket
 .text.USB_EPSetStall
                0x00000000080077fc       0xdc ./Drivers/STM32F4xx_HAL_Driver/Src/stm32f4xx_ll_usb.o
                0x00000000080077fc                USB_EPSetStall
 .text.USB_EPClearStall
                0x00000000080078d8       0xcc ./Drivers/STM32F4xx_HAL_Driver/Src/stm32f4xx_ll_usb.o
                0x00000000080078d8                USB_EPClearStall
 .text.USB_SetDevAddress
                0x00000000080079a4       0x4c ./Drivers/STM32F4xx_HAL_Driver/Src/stm32f4xx_ll_usb.o
                0x00000000080079a4                USB_SetDevAddress
 .text.USB_DevConnect
                0x00000000080079f0       0x42 ./Drivers/STM32F4xx_HAL_Driver/Src/stm32f4xx_ll_usb.o
                0x00000000080079f0                USB_DevConnect
 .text.USB_DevDisconnect
                0x0000000008007a32       0x42 ./Drivers/STM32F4xx_HAL_Driver/Src/stm32f4xx_ll_usb.o
                0x0000000008007a32                USB_DevDisconnect
 .text.USB_ReadInterrupts
                0x0000000008007a74       0x26 ./Drivers/STM32F4xx_HAL_Driver/Src/stm32f4xx_ll_usb.o
                0x0000000008007a74                USB_ReadInterrupts
 .text.USB_ReadDevAllOutEpInterrupt
                0x0000000008007a9a       0x34 ./Drivers/STM32F4xx_HAL_Driver/Src/stm32f4xx_ll_usb.o
                0x0000000008007a9a                USB_ReadDevAllOutEpInterrupt
 .text.USB_ReadDevAllInEpInterrupt
                0x0000000008007ace       0x34 ./Drivers/STM32F4xx_HAL_Driver/Src/stm32f4xx_ll_usb.o
                0x0000000008007ace                USB_ReadDevAllInEpInterrupt
 .text.USB_ReadDevOutEPInterrupt
                0x0000000008007b02       0x3c ./Drivers/STM32F4xx_HAL_Driver/Src/stm32f4xx_ll_usb.o
                0x0000000008007b02                USB_ReadDevOutEPInterrupt
 .text.USB_ReadDevInEPInterrupt
                0x0000000008007b3e       0x5c ./Drivers/STM32F4xx_HAL_Driver/Src/stm32f4xx_ll_usb.o
                0x0000000008007b3e                USB_ReadDevInEPInterrupt
 .text.USB_GetMode
                0x0000000008007b9a       0x1c ./Drivers/STM32F4xx_HAL_Driver/Src/stm32f4xx_ll_usb.o
                0x0000000008007b9a                USB_GetMode
 .text.USB_ActivateSetup
                0x0000000008007bb6       0x46 ./Drivers/STM32F4xx_HAL_Driver/Src/stm32f4xx_ll_usb.o
                0x0000000008007bb6                USB_ActivateSetup
 .text.USB_EP0_OutStart
                0x0000000008007bfc       0xbc ./Drivers/STM32F4xx_HAL_Driver/Src/stm32f4xx_ll_usb.o
                0x0000000008007bfc                USB_EP0_OutStart
 .text.USB_CoreReset
                0x0000000008007cb8       0x68 ./Drivers/STM32F4xx_HAL_Driver/Src/stm32f4xx_ll_usb.o
 .text.USBD_CDC_Init
                0x0000000008007d20      0x1f0 ./Middlewares/ST/STM32_USB_Device_Library/Class/CDC/Src/usbd_cdc.o
 .text.USBD_CDC_DeInit
                0x0000000008007f10      0x104 ./Middlewares/ST/STM32_USB_Device_Library/Class/CDC/Src/usbd_cdc.o
 .text.USBD_CDC_Setup
                0x0000000008008014      0x1b8 ./Middlewares/ST/STM32_USB_Device_Library/Class/CDC/Src/usbd_cdc.o
 .text.USBD_CDC_DataIn
                0x00000000080081cc       0xfe ./Middlewares/ST/STM32_USB_Device_Library/Class/CDC/Src/usbd_cdc.o
 .text.USBD_CDC_DataOut
                0x00000000080082ca       0x70 ./Middlewares/ST/STM32_USB_Device_Library/Class/CDC/Src/usbd_cdc.o
 .text.USBD_CDC_EP0_RxReady
                0x000000000800833a       0x76 ./Middlewares/ST/STM32_USB_Device_Library/Class/CDC/Src/usbd_cdc.o
 .text.USBD_CDC_GetFSCfgDesc
                0x00000000080083b0       0x70 ./Middlewares/ST/STM32_USB_Device_Library/Class/CDC/Src/usbd_cdc.o
 .text.USBD_CDC_GetHSCfgDesc
                0x0000000008008420       0x70 ./Middlewares/ST/STM32_USB_Device_Library/Class/CDC/Src/usbd_cdc.o
 .text.USBD_CDC_GetOtherSpeedCfgDesc
                0x0000000008008490       0x70 ./Middlewares/ST/STM32_USB_Device_Library/Class/CDC/Src/usbd_cdc.o
 .text.USBD_CDC_GetDeviceQualifierDescriptor
                0x0000000008008500       0x20 ./Middlewares/ST/STM32_USB_Device_Library/Class/CDC/Src/usbd_cdc.o
                0x0000000008008500                USBD_CDC_GetDeviceQualifierDescriptor
 .text.USBD_CDC_RegisterInterface
                0x0000000008008520       0x34 ./Middlewares/ST/STM32_USB_Device_Library/Class/CDC/Src/usbd_cdc.o
                0x0000000008008520                USBD_CDC_RegisterInterface
 .text.USBD_CDC_SetTxBuffer
                0x0000000008008554       0x44 ./Middlewares/ST/STM32_USB_Device_Library/Class/CDC/Src/usbd_cdc.o
                0x0000000008008554                USBD_CDC_SetTxBuffer
 .text.USBD_CDC_SetRxBuffer
                0x0000000008008598       0x3a ./Middlewares/ST/STM32_USB_Device_Library/Class/CDC/Src/usbd_cdc.o
                0x0000000008008598                USBD_CDC_SetRxBuffer
 *fill*         0x00000000080085d2        0x2 
 .text.USBD_CDC_TransmitPacket
                0x00000000080085d4       0x8c ./Middlewares/ST/STM32_USB_Device_Library/Class/CDC/Src/usbd_cdc.o
                0x00000000080085d4                USBD_CDC_TransmitPacket
 .text.USBD_CDC_ReceivePacket
                0x0000000008008660       0x6c ./Middlewares/ST/STM32_USB_Device_Library/Class/CDC/Src/usbd_cdc.o
                0x0000000008008660                USBD_CDC_ReceivePacket
 .text.USBD_Init
                0x00000000080086cc       0x60 ./Middlewares/ST/STM32_USB_Device_Library/Core/Src/usbd_core.o
                0x00000000080086cc                USBD_Init
 .text.USBD_RegisterClass
                0x000000000800872c       0x6c ./Middlewares/ST/STM32_USB_Device_Library/Core/Src/usbd_core.o
                0x000000000800872c                USBD_RegisterClass
 .text.USBD_Start
                0x0000000008008798       0x18 ./Middlewares/ST/STM32_USB_Device_Library/Core/Src/usbd_core.o
                0x0000000008008798                USBD_Start
 .text.USBD_RunTestMode
                0x00000000080087b0       0x16 ./Middlewares/ST/STM32_USB_Device_Library/Core/Src/usbd_core.o
                0x00000000080087b0                USBD_RunTestMode
 .text.USBD_SetClassConfig
                0x00000000080087c6       0x38 ./Middlewares/ST/STM32_USB_Device_Library/Core/Src/usbd_core.o
                0x00000000080087c6                USBD_SetClassConfig
 .text.USBD_ClrClassConfig
                0x00000000080087fe       0x34 ./Middlewares/ST/STM32_USB_Device_Library/Core/Src/usbd_core.o
                0x00000000080087fe                USBD_ClrClassConfig
 .text.USBD_LL_SetupStage
                0x0000000008008832       0xaa ./Middlewares/ST/STM32_USB_Device_Library/Core/Src/usbd_core.o
                0x0000000008008832                USBD_LL_SetupStage
 .text.USBD_LL_DataOutStage
                0x00000000080088dc      0x166 ./Middlewares/ST/STM32_USB_Device_Library/Core/Src/usbd_core.o
                0x00000000080088dc                USBD_LL_DataOutStage
 .text.USBD_LL_DataInStage
                0x0000000008008a42      0x164 ./Middlewares/ST/STM32_USB_Device_Library/Core/Src/usbd_core.o
                0x0000000008008a42                USBD_LL_DataInStage
 .text.USBD_LL_Reset
                0x0000000008008ba6       0xa4 ./Middlewares/ST/STM32_USB_Device_Library/Core/Src/usbd_core.o
                0x0000000008008ba6                USBD_LL_Reset
 .text.USBD_LL_SetSpeed
                0x0000000008008c4a       0x20 ./Middlewares/ST/STM32_USB_Device_Library/Core/Src/usbd_core.o
                0x0000000008008c4a                USBD_LL_SetSpeed
 .text.USBD_LL_Suspend
                0x0000000008008c6a       0x2c ./Middlewares/ST/STM32_USB_Device_Library/Core/Src/usbd_core.o
                0x0000000008008c6a                USBD_LL_Suspend
 .text.USBD_LL_Resume
                0x0000000008008c96       0x30 ./Middlewares/ST/STM32_USB_Device_Library/Core/Src/usbd_core.o
                0x0000000008008c96                USBD_LL_Resume
 .text.USBD_LL_SOF
                0x0000000008008cc6       0x40 ./Middlewares/ST/STM32_USB_Device_Library/Core/Src/usbd_core.o
                0x0000000008008cc6                USBD_LL_SOF
 .text.USBD_LL_IsoINIncomplete
                0x0000000008008d06       0x64 ./Middlewares/ST/STM32_USB_Device_Library/Core/Src/usbd_core.o
                0x0000000008008d06                USBD_LL_IsoINIncomplete
 .text.USBD_LL_IsoOUTIncomplete
                0x0000000008008d6a       0x64 ./Middlewares/ST/STM32_USB_Device_Library/Core/Src/usbd_core.o
                0x0000000008008d6a                USBD_LL_IsoOUTIncomplete
 .text.USBD_LL_DevConnected
                0x0000000008008dce       0x16 ./Middlewares/ST/STM32_USB_Device_Library/Core/Src/usbd_core.o
                0x0000000008008dce                USBD_LL_DevConnected
 .text.USBD_LL_DevDisconnected
                0x0000000008008de4       0x46 ./Middlewares/ST/STM32_USB_Device_Library/Core/Src/usbd_core.o
                0x0000000008008de4                USBD_LL_DevDisconnected
 .text.USBD_CoreFindIF
                0x0000000008008e2a       0x1a ./Middlewares/ST/STM32_USB_Device_Library/Core/Src/usbd_core.o
                0x0000000008008e2a                USBD_CoreFindIF
 .text.USBD_CoreFindEP
                0x0000000008008e44       0x1a ./Middlewares/ST/STM32_USB_Device_Library/Core/Src/usbd_core.o
                0x0000000008008e44                USBD_CoreFindEP
 .text.USBD_GetEpDesc
                0x0000000008008e5e       0x74 ./Middlewares/ST/STM32_USB_Device_Library/Core/Src/usbd_core.o
                0x0000000008008e5e                USBD_GetEpDesc
 .text.USBD_GetNextDesc
                0x0000000008008ed2       0x3a ./Middlewares/ST/STM32_USB_Device_Library/Core/Src/usbd_core.o
                0x0000000008008ed2                USBD_GetNextDesc
 .text.SWAPBYTE
                0x0000000008008f0c       0x3c ./Middlewares/ST/STM32_USB_Device_Library/Core/Src/usbd_ctlreq.o
 .text.USBD_StdDevReq
                0x0000000008008f48       0xe4 ./Middlewares/ST/STM32_USB_Device_Library/Core/Src/usbd_ctlreq.o
                0x0000000008008f48                USBD_StdDevReq
 .text.USBD_StdItfReq
                0x000000000800902c       0xd8 ./Middlewares/ST/STM32_USB_Device_Library/Core/Src/usbd_ctlreq.o
                0x000000000800902c                USBD_StdItfReq
 .text.USBD_StdEPReq
                0x0000000008009104      0x33a ./Middlewares/ST/STM32_USB_Device_Library/Core/Src/usbd_ctlreq.o
                0x0000000008009104                USBD_StdEPReq
 *fill*         0x000000000800943e        0x2 
 .text.USBD_GetDescriptor
                0x0000000008009440      0x2d4 ./Middlewares/ST/STM32_USB_Device_Library/Core/Src/usbd_ctlreq.o
 .text.USBD_SetAddress
                0x0000000008009714       0x88 ./Middlewares/ST/STM32_USB_Device_Library/Core/Src/usbd_ctlreq.o
 .text.USBD_SetConfig
                0x000000000800979c      0x154 ./Middlewares/ST/STM32_USB_Device_Library/Core/Src/usbd_ctlreq.o
 .text.USBD_GetConfig
                0x00000000080098f0       0x6c ./Middlewares/ST/STM32_USB_Device_Library/Core/Src/usbd_ctlreq.o
 .text.USBD_GetStatus
                0x000000000800995c       0x68 ./Middlewares/ST/STM32_USB_Device_Library/Core/Src/usbd_ctlreq.o
 .text.USBD_SetFeature
                0x00000000080099c4       0x52 ./Middlewares/ST/STM32_USB_Device_Library/Core/Src/usbd_ctlreq.o
 .text.USBD_ClrFeature
                0x0000000008009a16       0x44 ./Middlewares/ST/STM32_USB_Device_Library/Core/Src/usbd_ctlreq.o
 .text.USBD_ParseSetupRequest
                0x0000000008009a5a       0x74 ./Middlewares/ST/STM32_USB_Device_Library/Core/Src/usbd_ctlreq.o
                0x0000000008009a5a                USBD_ParseSetupRequest
 .text.USBD_CtlError
                0x0000000008009ace       0x22 ./Middlewares/ST/STM32_USB_Device_Library/Core/Src/usbd_ctlreq.o
                0x0000000008009ace                USBD_CtlError
 .text.USBD_GetString
                0x0000000008009af0       0x8c ./Middlewares/ST/STM32_USB_Device_Library/Core/Src/usbd_ctlreq.o
                0x0000000008009af0                USBD_GetString
 .text.USBD_GetLen
                0x0000000008009b7c       0x34 ./Middlewares/ST/STM32_USB_Device_Library/Core/Src/usbd_ctlreq.o
 .text.USBD_CtlSendData
                0x0000000008009bb0       0x36 ./Middlewares/ST/STM32_USB_Device_Library/Core/Src/usbd_ioreq.o
                0x0000000008009bb0                USBD_CtlSendData
 .text.USBD_CtlContinueSendData
                0x0000000008009be6       0x22 ./Middlewares/ST/STM32_USB_Device_Library/Core/Src/usbd_ioreq.o
                0x0000000008009be6                USBD_CtlContinueSendData
 .text.USBD_CtlPrepareRx
                0x0000000008009c08       0x3a ./Middlewares/ST/STM32_USB_Device_Library/Core/Src/usbd_ioreq.o
                0x0000000008009c08                USBD_CtlPrepareRx
 .text.USBD_CtlContinueRx
                0x0000000008009c42       0x22 ./Middlewares/ST/STM32_USB_Device_Library/Core/Src/usbd_ioreq.o
                0x0000000008009c42                USBD_CtlContinueRx
 .text.USBD_CtlSendStatus
                0x0000000008009c64       0x26 ./Middlewares/ST/STM32_USB_Device_Library/Core/Src/usbd_ioreq.o
                0x0000000008009c64                USBD_CtlSendStatus
 .text.USBD_CtlReceiveStatus
                0x0000000008009c8a       0x26 ./Middlewares/ST/STM32_USB_Device_Library/Core/Src/usbd_ioreq.o
                0x0000000008009c8a                USBD_CtlReceiveStatus
 .text.__NVIC_SetPriority
                0x0000000008009cb0       0x54 ./Middlewares/Third_Party/FreeRTOS/Source/CMSIS_RTOS_V2/cmsis_os2.o
 .text.SysTick_Handler
                0x0000000008009d04       0x20 ./Middlewares/Third_Party/FreeRTOS/Source/CMSIS_RTOS_V2/cmsis_os2.o
                0x0000000008009d04                SysTick_Handler
 .text.SVC_Setup
                0x0000000008009d24       0x12 ./Middlewares/Third_Party/FreeRTOS/Source/CMSIS_RTOS_V2/cmsis_os2.o
 *fill*         0x0000000008009d36        0x2 
 .text.osKernelInitialize
                0x0000000008009d38       0x48 ./Middlewares/Third_Party/FreeRTOS/Source/CMSIS_RTOS_V2/cmsis_os2.o
                0x0000000008009d38                osKernelInitialize
 .text.osKernelStart
                0x0000000008009d80       0x4c ./Middlewares/Third_Party/FreeRTOS/Source/CMSIS_RTOS_V2/cmsis_os2.o
                0x0000000008009d80                osKernelStart
 .text.osThreadNew
                0x0000000008009dcc      0x124 ./Middlewares/Third_Party/FreeRTOS/Source/CMSIS_RTOS_V2/cmsis_os2.o
                0x0000000008009dcc                osThreadNew
 .text.osDelay  0x0000000008009ef0       0x36 ./Middlewares/Third_Party/FreeRTOS/Source/CMSIS_RTOS_V2/cmsis_os2.o
                0x0000000008009ef0                osDelay
 .text.osMutexNew
                0x0000000008009f26      0x10c ./Middlewares/Third_Party/FreeRTOS/Source/CMSIS_RTOS_V2/cmsis_os2.o
                0x0000000008009f26                osMutexNew
 .text.osMutexAcquire
                0x000000000800a032       0x96 ./Middlewares/Third_Party/FreeRTOS/Source/CMSIS_RTOS_V2/cmsis_os2.o
                0x000000000800a032                osMutexAcquire
 .text.osMutexRelease
                0x000000000800a0c8       0x7a ./Middlewares/Third_Party/FreeRTOS/Source/CMSIS_RTOS_V2/cmsis_os2.o
                0x000000000800a0c8                osMutexRelease
 .text.osSemaphoreNew
                0x000000000800a142      0x112 ./Middlewares/Third_Party/FreeRTOS/Source/CMSIS_RTOS_V2/cmsis_os2.o
                0x000000000800a142                osSemaphoreNew
 .text.osMessageQueueNew
                0x000000000800a254       0xe6 ./Middlewares/Third_Party/FreeRTOS/Source/CMSIS_RTOS_V2/cmsis_os2.o
                0x000000000800a254                osMessageQueueNew
 *fill*         0x000000000800a33a        0x2 
 .text.vApplicationGetIdleTaskMemory
                0x000000000800a33c       0x34 ./Middlewares/Third_Party/FreeRTOS/Source/CMSIS_RTOS_V2/cmsis_os2.o
                0x000000000800a33c                vApplicationGetIdleTaskMemory
 .text.vApplicationGetTimerTaskMemory
                0x000000000800a370       0x34 ./Middlewares/Third_Party/FreeRTOS/Source/CMSIS_RTOS_V2/cmsis_os2.o
                0x000000000800a370                vApplicationGetTimerTaskMemory
 .text.vListInitialise
                0x000000000800a3a4       0x40 ./Middlewares/Third_Party/FreeRTOS/Source/list.o
                0x000000000800a3a4                vListInitialise
 .text.vListInitialiseItem
                0x000000000800a3e4       0x1a ./Middlewares/Third_Party/FreeRTOS/Source/list.o
                0x000000000800a3e4                vListInitialiseItem
 .text.vListInsertEnd
                0x000000000800a3fe       0x48 ./Middlewares/Third_Party/FreeRTOS/Source/list.o
                0x000000000800a3fe                vListInsertEnd
 .text.vListInsert
                0x000000000800a446       0x72 ./Middlewares/Third_Party/FreeRTOS/Source/list.o
                0x000000000800a446                vListInsert
 .text.uxListRemove
                0x000000000800a4b8       0x54 ./Middlewares/Third_Party/FreeRTOS/Source/list.o
                0x000000000800a4b8                uxListRemove
 .text.xQueueGenericReset
                0x000000000800a50c       0xd0 ./Middlewares/Third_Party/FreeRTOS/Source/queue.o
                0x000000000800a50c                xQueueGenericReset
 .text.xQueueGenericCreateStatic
                0x000000000800a5dc       0xf0 ./Middlewares/Third_Party/FreeRTOS/Source/queue.o
                0x000000000800a5dc                xQueueGenericCreateStatic
 .text.xQueueGenericCreate
                0x000000000800a6cc       0x74 ./Middlewares/Third_Party/FreeRTOS/Source/queue.o
                0x000000000800a6cc                xQueueGenericCreate
 .text.prvInitialiseNewQueue
                0x000000000800a740       0x46 ./Middlewares/Third_Party/FreeRTOS/Source/queue.o
 .text.prvInitialiseMutex
                0x000000000800a786       0x34 ./Middlewares/Third_Party/FreeRTOS/Source/queue.o
 .text.xQueueCreateMutex
                0x000000000800a7ba       0x30 ./Middlewares/Third_Party/FreeRTOS/Source/queue.o
                0x000000000800a7ba                xQueueCreateMutex
 .text.xQueueCreateMutexStatic
                0x000000000800a7ea       0x36 ./Middlewares/Third_Party/FreeRTOS/Source/queue.o
                0x000000000800a7ea                xQueueCreateMutexStatic
 .text.xQueueGiveMutexRecursive
                0x000000000800a820       0x68 ./Middlewares/Third_Party/FreeRTOS/Source/queue.o
                0x000000000800a820                xQueueGiveMutexRecursive
 .text.xQueueTakeMutexRecursive
                0x000000000800a888       0x6c ./Middlewares/Third_Party/FreeRTOS/Source/queue.o
                0x000000000800a888                xQueueTakeMutexRecursive
 .text.xQueueCreateCountingSemaphoreStatic
                0x000000000800a8f4       0x6e ./Middlewares/Third_Party/FreeRTOS/Source/queue.o
                0x000000000800a8f4                xQueueCreateCountingSemaphoreStatic
 .text.xQueueCreateCountingSemaphore
                0x000000000800a962       0x66 ./Middlewares/Third_Party/FreeRTOS/Source/queue.o
                0x000000000800a962                xQueueCreateCountingSemaphore
 .text.xQueueGenericSend
                0x000000000800a9c8      0x1fc ./Middlewares/Third_Party/FreeRTOS/Source/queue.o
                0x000000000800a9c8                xQueueGenericSend
 .text.xQueueGenericSendFromISR
                0x000000000800abc4      0x136 ./Middlewares/Third_Party/FreeRTOS/Source/queue.o
                0x000000000800abc4                xQueueGenericSendFromISR
 *fill*         0x000000000800acfa        0x2 
 .text.xQueueReceive
                0x000000000800acfc      0x1c0 ./Middlewares/Third_Party/FreeRTOS/Source/queue.o
                0x000000000800acfc                xQueueReceive
 .text.xQueueSemaphoreTake
                0x000000000800aebc      0x218 ./Middlewares/Third_Party/FreeRTOS/Source/queue.o
                0x000000000800aebc                xQueueSemaphoreTake
 .text.vQueueDelete
                0x000000000800b0d4       0x46 ./Middlewares/Third_Party/FreeRTOS/Source/queue.o
                0x000000000800b0d4                vQueueDelete
 .text.prvGetDisinheritPriorityAfterTimeout
                0x000000000800b11a       0x30 ./Middlewares/Third_Party/FreeRTOS/Source/queue.o
 .text.prvCopyDataToQueue
                0x000000000800b14a       0xd4 ./Middlewares/Third_Party/FreeRTOS/Source/queue.o
 .text.prvCopyDataFromQueue
                0x000000000800b21e       0x4c ./Middlewares/Third_Party/FreeRTOS/Source/queue.o
 .text.prvUnlockQueue
                0x000000000800b26a       0xa4 ./Middlewares/Third_Party/FreeRTOS/Source/queue.o
 .text.prvIsQueueEmpty
                0x000000000800b30e       0x2c ./Middlewares/Third_Party/FreeRTOS/Source/queue.o
 .text.prvIsQueueFull
                0x000000000800b33a       0x30 ./Middlewares/Third_Party/FreeRTOS/Source/queue.o
 *fill*         0x000000000800b36a        0x2 
 .text.vQueueAddToRegistry
                0x000000000800b36c       0x54 ./Middlewares/Third_Party/FreeRTOS/Source/queue.o
                0x000000000800b36c                vQueueAddToRegistry
 .text.vQueueUnregisterQueue
                0x000000000800b3c0       0x54 ./Middlewares/Third_Party/FreeRTOS/Source/queue.o
                0x000000000800b3c0                vQueueUnregisterQueue
 .text.vQueueWaitForMessageRestricted
                0x000000000800b414       0x68 ./Middlewares/Third_Party/FreeRTOS/Source/queue.o
                0x000000000800b414                vQueueWaitForMessageRestricted
 .text.xTaskCreateStatic
                0x000000000800b47c       0xba ./Middlewares/Third_Party/FreeRTOS/Source/tasks.o
                0x000000000800b47c                xTaskCreateStatic
 .text.xTaskCreate
                0x000000000800b536       0x8a ./Middlewares/Third_Party/FreeRTOS/Source/tasks.o
                0x000000000800b536                xTaskCreate
 .text.prvInitialiseNewTask
                0x000000000800b5c0      0x12a ./Middlewares/Third_Party/FreeRTOS/Source/tasks.o
 *fill*         0x000000000800b6ea        0x2 
 .text.prvAddNewTaskToReadyList
                0x000000000800b6ec       0xe0 ./Middlewares/Third_Party/FreeRTOS/Source/tasks.o
 .text.vTaskDelay
                0x000000000800b7cc       0x68 ./Middlewares/Third_Party/FreeRTOS/Source/tasks.o
                0x000000000800b7cc                vTaskDelay
 .text.vTaskStartScheduler
                0x000000000800b834       0xd0 ./Middlewares/Third_Party/FreeRTOS/Source/tasks.o
                0x000000000800b834                vTaskStartScheduler
 .text.vTaskSuspendAll
                0x000000000800b904       0x1c ./Middlewares/Third_Party/FreeRTOS/Source/tasks.o
                0x000000000800b904                vTaskSuspendAll
 .text.xTaskResumeAll
                0x000000000800b920      0x13c ./Middlewares/Third_Party/FreeRTOS/Source/tasks.o
                0x000000000800b920                xTaskResumeAll
 .text.xTaskGetTickCount
                0x000000000800ba5c       0x20 ./Middlewares/Third_Party/FreeRTOS/Source/tasks.o
                0x000000000800ba5c                xTaskGetTickCount
 .text.xTaskIncrementTick
                0x000000000800ba7c      0x174 ./Middlewares/Third_Party/FreeRTOS/Source/tasks.o
                0x000000000800ba7c                xTaskIncrementTick
 .text.vTaskSwitchContext
                0x000000000800bbf0       0xf0 ./Middlewares/Third_Party/FreeRTOS/Source/tasks.o
                0x000000000800bbf0                vTaskSwitchContext
 .text.vTaskPlaceOnEventList
                0x000000000800bce0       0x48 ./Middlewares/Third_Party/FreeRTOS/Source/tasks.o
                0x000000000800bce0                vTaskPlaceOnEventList
 .text.vTaskPlaceOnEventListRestricted
                0x000000000800bd28       0x58 ./Middlewares/Third_Party/FreeRTOS/Source/tasks.o
                0x000000000800bd28                vTaskPlaceOnEventListRestricted
 .text.xTaskRemoveFromEventList
                0x000000000800bd80       0xc8 ./Middlewares/Third_Party/FreeRTOS/Source/tasks.o
                0x000000000800bd80                xTaskRemoveFromEventList
 .text.vTaskInternalSetTimeOutState
                0x000000000800be48       0x2c ./Middlewares/Third_Party/FreeRTOS/Source/tasks.o
                0x000000000800be48                vTaskInternalSetTimeOutState
 .text.xTaskCheckForTimeOut
                0x000000000800be74       0xc4 ./Middlewares/Third_Party/FreeRTOS/Source/tasks.o
                0x000000000800be74                xTaskCheckForTimeOut
 .text.vTaskMissedYield
                0x000000000800bf38       0x18 ./Middlewares/Third_Party/FreeRTOS/Source/tasks.o
                0x000000000800bf38                vTaskMissedYield
 .text.prvIdleTask
                0x000000000800bf50       0x30 ./Middlewares/Third_Party/FreeRTOS/Source/tasks.o
 .text.prvInitialiseTaskLists
                0x000000000800bf80       0x80 ./Middlewares/Third_Party/FreeRTOS/Source/tasks.o
 .text.prvCheckTasksWaitingTermination
                0x000000000800c000       0x5c ./Middlewares/Third_Party/FreeRTOS/Source/tasks.o
 .text.prvDeleteTCB
                0x000000000800c05c       0x5e ./Middlewares/Third_Party/FreeRTOS/Source/tasks.o
 *fill*         0x000000000800c0ba        0x2 
 .text.prvResetNextTaskUnblockTime
                0x000000000800c0bc       0x40 ./Middlewares/Third_Party/FreeRTOS/Source/tasks.o
 .text.xTaskGetCurrentTaskHandle
                0x000000000800c0fc       0x20 ./Middlewares/Third_Party/FreeRTOS/Source/tasks.o
                0x000000000800c0fc                xTaskGetCurrentTaskHandle
 .text.xTaskGetSchedulerState
                0x000000000800c11c       0x3c ./Middlewares/Third_Party/FreeRTOS/Source/tasks.o
                0x000000000800c11c                xTaskGetSchedulerState
 .text.xTaskPriorityInherit
                0x000000000800c158       0xd0 ./Middlewares/Third_Party/FreeRTOS/Source/tasks.o
                0x000000000800c158                xTaskPriorityInherit
 .text.xTaskPriorityDisinherit
                0x000000000800c228       0xdc ./Middlewares/Third_Party/FreeRTOS/Source/tasks.o
                0x000000000800c228                xTaskPriorityDisinherit
 .text.vTaskPriorityDisinheritAfterTimeout
                0x000000000800c304      0x104 ./Middlewares/Third_Party/FreeRTOS/Source/tasks.o
                0x000000000800c304                vTaskPriorityDisinheritAfterTimeout
 .text.pvTaskIncrementMutexHeldCount
                0x000000000800c408       0x28 ./Middlewares/Third_Party/FreeRTOS/Source/tasks.o
                0x000000000800c408                pvTaskIncrementMutexHeldCount
 .text.prvAddCurrentTaskToDelayedList
                0x000000000800c430       0xa8 ./Middlewares/Third_Party/FreeRTOS/Source/tasks.o
 .text.xTimerCreateTimerTask
                0x000000000800c4d8       0x90 ./Middlewares/Third_Party/FreeRTOS/Source/timers.o
                0x000000000800c4d8                xTimerCreateTimerTask
 .text.xTimerGenericCommand
                0x000000000800c568       0x9c ./Middlewares/Third_Party/FreeRTOS/Source/timers.o
                0x000000000800c568                xTimerGenericCommand
 .text.prvProcessExpiredTimer
                0x000000000800c604       0x98 ./Middlewares/Third_Party/FreeRTOS/Source/timers.o
 .text.prvTimerTask
                0x000000000800c69c       0x24 ./Middlewares/Third_Party/FreeRTOS/Source/timers.o
 .text.prvProcessTimerOrBlockTask
                0x000000000800c6c0       0x9c ./Middlewares/Third_Party/FreeRTOS/Source/timers.o
 .text.prvGetNextExpireTime
                0x000000000800c75c       0x48 ./Middlewares/Third_Party/FreeRTOS/Source/timers.o
 .text.prvSampleTimeNow
                0x000000000800c7a4       0x40 ./Middlewares/Third_Party/FreeRTOS/Source/timers.o
 .text.prvInsertTimerInActiveList
                0x000000000800c7e4       0x84 ./Middlewares/Third_Party/FreeRTOS/Source/timers.o
 .text.prvProcessReceivedCommands
                0x000000000800c868      0x1c4 ./Middlewares/Third_Party/FreeRTOS/Source/timers.o
 .text.prvSwitchTimerLists
                0x000000000800ca2c       0xc8 ./Middlewares/Third_Party/FreeRTOS/Source/timers.o
 .text.prvCheckForValidListAndQueue
                0x000000000800caf4       0x80 ./Middlewares/Third_Party/FreeRTOS/Source/timers.o
 .text.pxPortInitialiseStack
                0x000000000800cb74       0x68 ./Middlewares/Third_Party/FreeRTOS/Source/portable/GCC/ARM_CM4F/port.o
                0x000000000800cb74                pxPortInitialiseStack
 .text.prvTaskExitError
                0x000000000800cbdc       0x58 ./Middlewares/Third_Party/FreeRTOS/Source/portable/GCC/ARM_CM4F/port.o
 *fill*         0x000000000800cc34        0xc 
 .text.SVC_Handler
                0x000000000800cc40       0x28 ./Middlewares/Third_Party/FreeRTOS/Source/portable/GCC/ARM_CM4F/port.o
                0x000000000800cc40                SVC_Handler
 .text.prvPortStartFirstTask
                0x000000000800cc68       0x28 ./Middlewares/Third_Party/FreeRTOS/Source/portable/GCC/ARM_CM4F/port.o
 .text.xPortStartScheduler
                0x000000000800cc90      0x144 ./Middlewares/Third_Party/FreeRTOS/Source/portable/GCC/ARM_CM4F/port.o
                0x000000000800cc90                xPortStartScheduler
 .text.vPortEnterCritical
                0x000000000800cdd4       0x60 ./Middlewares/Third_Party/FreeRTOS/Source/portable/GCC/ARM_CM4F/port.o
                0x000000000800cdd4                vPortEnterCritical
 .text.vPortExitCritical
                0x000000000800ce34       0x54 ./Middlewares/Third_Party/FreeRTOS/Source/portable/GCC/ARM_CM4F/port.o
                0x000000000800ce34                vPortExitCritical
 *fill*         0x000000000800ce88        0x8 
 .text.PendSV_Handler
                0x000000000800ce90       0x68 ./Middlewares/Third_Party/FreeRTOS/Source/portable/GCC/ARM_CM4F/port.o
                0x000000000800ce90                PendSV_Handler
 .text.xPortSysTickHandler
                0x000000000800cef8       0x44 ./Middlewares/Third_Party/FreeRTOS/Source/portable/GCC/ARM_CM4F/port.o
                0x000000000800cef8                xPortSysTickHandler
 .text.vPortSetupTimerInterrupt
                0x000000000800cf3c       0x48 ./Middlewares/Third_Party/FreeRTOS/Source/portable/GCC/ARM_CM4F/port.o
                0x000000000800cf3c                vPortSetupTimerInterrupt
 .text.vPortEnableVFP
                0x000000000800cf84       0x14 ./Middlewares/Third_Party/FreeRTOS/Source/portable/GCC/ARM_CM4F/port.o
 .text.vPortValidateInterruptPriority
                0x000000000800cf98       0x80 ./Middlewares/Third_Party/FreeRTOS/Source/portable/GCC/ARM_CM4F/port.o
                0x000000000800cf98                vPortValidateInterruptPriority
 .text.pvPortMalloc
                0x000000000800d018      0x198 ./Middlewares/Third_Party/FreeRTOS/Source/portable/MemMang/heap_4.o
                0x000000000800d018                pvPortMalloc
 .text.vPortFree
                0x000000000800d1b0       0xc4 ./Middlewares/Third_Party/FreeRTOS/Source/portable/MemMang/heap_4.o
                0x000000000800d1b0                vPortFree
 .text.prvHeapInit
                0x000000000800d274       0xc4 ./Middlewares/Third_Party/FreeRTOS/Source/portable/MemMang/heap_4.o
 .text.prvInsertBlockIntoFreeList
                0x000000000800d338       0xb4 ./Middlewares/Third_Party/FreeRTOS/Source/portable/MemMang/heap_4.o
 .text.MX_USB_DEVICE_Init
                0x000000000800d3ec       0x60 ./USB_DEVICE/App/usb_device.o
                0x000000000800d3ec                MX_USB_DEVICE_Init
 .text.CDC_Init_FS
                0x000000000800d44c       0x28 ./USB_DEVICE/App/usbd_cdc_if.o
 .text.CDC_DeInit_FS
                0x000000000800d474       0x10 ./USB_DEVICE/App/usbd_cdc_if.o
 .text.CDC_Control_FS
                0x000000000800d484       0xbc ./USB_DEVICE/App/usbd_cdc_if.o
 .text.CDC_Receive_FS
                0x000000000800d540       0x28 ./USB_DEVICE/App/usbd_cdc_if.o
 .text.CDC_Transmit_FS
                0x000000000800d568       0x4c ./USB_DEVICE/App/usbd_cdc_if.o
                0x000000000800d568                CDC_Transmit_FS
 .text.CDC_TransmitCplt_FS
                0x000000000800d5b4       0x22 ./USB_DEVICE/App/usbd_cdc_if.o
 *fill*         0x000000000800d5d6        0x2 
 .text.USBD_FS_DeviceDescriptor
                0x000000000800d5d8       0x24 ./USB_DEVICE/App/usbd_desc.o
                0x000000000800d5d8                USBD_FS_DeviceDescriptor
 .text.USBD_FS_LangIDStrDescriptor
                0x000000000800d5fc       0x24 ./USB_DEVICE/App/usbd_desc.o
                0x000000000800d5fc                USBD_FS_LangIDStrDescriptor
 .text.USBD_FS_ProductStrDescriptor
                0x000000000800d620       0x3c ./USB_DEVICE/App/usbd_desc.o
                0x000000000800d620                USBD_FS_ProductStrDescriptor
 .text.USBD_FS_ManufacturerStrDescriptor
                0x000000000800d65c       0x28 ./USB_DEVICE/App/usbd_desc.o
                0x000000000800d65c                USBD_FS_ManufacturerStrDescriptor
 .text.USBD_FS_SerialStrDescriptor
                0x000000000800d684       0x24 ./USB_DEVICE/App/usbd_desc.o
                0x000000000800d684                USBD_FS_SerialStrDescriptor
 .text.USBD_FS_ConfigStrDescriptor
                0x000000000800d6a8       0x3c ./USB_DEVICE/App/usbd_desc.o
                0x000000000800d6a8                USBD_FS_ConfigStrDescriptor
 .text.USBD_FS_InterfaceStrDescriptor
                0x000000000800d6e4       0x3c ./USB_DEVICE/App/usbd_desc.o
                0x000000000800d6e4                USBD_FS_InterfaceStrDescriptor
 .text.Get_SerialNum
                0x000000000800d720       0x58 ./USB_DEVICE/App/usbd_desc.o
 .text.IntToUnicode
                0x000000000800d778       0x7e ./USB_DEVICE/App/usbd_desc.o
 *fill*         0x000000000800d7f6        0x2 
 .text.HAL_PCD_MspInit
                0x000000000800d7f8       0xa8 ./USB_DEVICE/Target/usbd_conf.o
                0x000000000800d7f8                HAL_PCD_MspInit
 .text.HAL_PCD_SetupStageCallback
                0x000000000800d8a0       0x24 ./USB_DEVICE/Target/usbd_conf.o
                0x000000000800d8a0                HAL_PCD_SetupStageCallback
 .text.HAL_PCD_DataOutStageCallback
                0x000000000800d8c4       0x36 ./USB_DEVICE/Target/usbd_conf.o
                0x000000000800d8c4                HAL_PCD_DataOutStageCallback
 .text.HAL_PCD_DataInStageCallback
                0x000000000800d8fa       0x34 ./USB_DEVICE/Target/usbd_conf.o
                0x000000000800d8fa                HAL_PCD_DataInStageCallback
 .text.HAL_PCD_SOFCallback
                0x000000000800d92e       0x1c ./USB_DEVICE/Target/usbd_conf.o
                0x000000000800d92e                HAL_PCD_SOFCallback
 .text.HAL_PCD_ResetCallback
                0x000000000800d94a       0x50 ./USB_DEVICE/Target/usbd_conf.o
                0x000000000800d94a                HAL_PCD_ResetCallback
 *fill*         0x000000000800d99a        0x2 
 .text.HAL_PCD_SuspendCallback
                0x000000000800d99c       0x4c ./USB_DEVICE/Target/usbd_conf.o
                0x000000000800d99c                HAL_PCD_SuspendCallback
 .text.HAL_PCD_ResumeCallback
                0x000000000800d9e8       0x1c ./USB_DEVICE/Target/usbd_conf.o
                0x000000000800d9e8                HAL_PCD_ResumeCallback
 .text.HAL_PCD_ISOOUTIncompleteCallback
                0x000000000800da04       0x24 ./USB_DEVICE/Target/usbd_conf.o
                0x000000000800da04                HAL_PCD_ISOOUTIncompleteCallback
 .text.HAL_PCD_ISOINIncompleteCallback
                0x000000000800da28       0x24 ./USB_DEVICE/Target/usbd_conf.o
                0x000000000800da28                HAL_PCD_ISOINIncompleteCallback
 .text.HAL_PCD_ConnectCallback
                0x000000000800da4c       0x1c ./USB_DEVICE/Target/usbd_conf.o
                0x000000000800da4c                HAL_PCD_ConnectCallback
 .text.HAL_PCD_DisconnectCallback
                0x000000000800da68       0x1c ./USB_DEVICE/Target/usbd_conf.o
                0x000000000800da68                HAL_PCD_DisconnectCallback
 .text.USBD_LL_Init
                0x000000000800da84       0x98 ./USB_DEVICE/Target/usbd_conf.o
                0x000000000800da84                USBD_LL_Init
 .text.USBD_LL_Start
                0x000000000800db1c       0x36 ./USB_DEVICE/Target/usbd_conf.o
                0x000000000800db1c                USBD_LL_Start
 .text.USBD_LL_OpenEP
                0x000000000800db52       0x4c ./USB_DEVICE/Target/usbd_conf.o
                0x000000000800db52                USBD_LL_OpenEP
 .text.USBD_LL_CloseEP
                0x000000000800db9e       0x3e ./USB_DEVICE/Target/usbd_conf.o
                0x000000000800db9e                USBD_LL_CloseEP
 .text.USBD_LL_StallEP
                0x000000000800dbdc       0x3e ./USB_DEVICE/Target/usbd_conf.o
                0x000000000800dbdc                USBD_LL_StallEP
 .text.USBD_LL_ClearStallEP
                0x000000000800dc1a       0x3e ./USB_DEVICE/Target/usbd_conf.o
                0x000000000800dc1a                USBD_LL_ClearStallEP
 .text.USBD_LL_IsStallEP
                0x000000000800dc58       0x58 ./USB_DEVICE/Target/usbd_conf.o
                0x000000000800dc58                USBD_LL_IsStallEP
 .text.USBD_LL_SetUSBAddress
                0x000000000800dcb0       0x3e ./USB_DEVICE/Target/usbd_conf.o
                0x000000000800dcb0                USBD_LL_SetUSBAddress
 .text.USBD_LL_Transmit
                0x000000000800dcee       0x42 ./USB_DEVICE/Target/usbd_conf.o
                0x000000000800dcee                USBD_LL_Transmit
 .text.USBD_LL_PrepareReceive
                0x000000000800dd30       0x42 ./USB_DEVICE/Target/usbd_conf.o
                0x000000000800dd30                USBD_LL_PrepareReceive
 .text.USBD_LL_GetRxDataSize
                0x000000000800dd72       0x26 ./USB_DEVICE/Target/usbd_conf.o
                0x000000000800dd72                USBD_LL_GetRxDataSize
 .text.USBD_static_malloc
                0x000000000800dd98       0x1c ./USB_DEVICE/Target/usbd_conf.o
                0x000000000800dd98                USBD_static_malloc
 .text.USBD_static_free
                0x000000000800ddb4       0x14 ./USB_DEVICE/Target/usbd_conf.o
                0x000000000800ddb4                USBD_static_free
 .text.USBD_Get_USB_Status
                0x000000000800ddc8       0x58 ./USB_DEVICE/Target/usbd_conf.o
                0x000000000800ddc8                USBD_Get_USB_Status
 .text.__errno  0x000000000800de20        0xc c:/st/stm32cubeide_1.10.0/stm32cubeide/plugins/com.st.stm32cube.ide.mcu.externaltools.gnu-tools-for-stm32.10.3-2021.10.win32_1.0.0.202111181127/tools/bin/../lib/gcc/arm-none-eabi/10.3.1/../../../../arm-none-eabi/lib/thumb/v7e-m+fp/hard\libc_nano.a(lib_a-errno.o)
                0x000000000800de20                __errno
 .text.__libc_init_array
                0x000000000800de2c       0x48 c:/st/stm32cubeide_1.10.0/stm32cubeide/plugins/com.st.stm32cube.ide.mcu.externaltools.gnu-tools-for-stm32.10.3-2021.10.win32_1.0.0.202111181127/tools/bin/../lib/gcc/arm-none-eabi/10.3.1/../../../../arm-none-eabi/lib/thumb/v7e-m+fp/hard\libc_nano.a(lib_a-init.o)
                0x000000000800de2c                __libc_init_array
 .text.memcpy   0x000000000800de74       0x1c c:/st/stm32cubeide_1.10.0/stm32cubeide/plugins/com.st.stm32cube.ide.mcu.externaltools.gnu-tools-for-stm32.10.3-2021.10.win32_1.0.0.202111181127/tools/bin/../lib/gcc/arm-none-eabi/10.3.1/../../../../arm-none-eabi/lib/thumb/v7e-m+fp/hard\libc_nano.a(lib_a-memcpy-stub.o)
                0x000000000800de74                memcpy
 .text.memset   0x000000000800de90       0x10 c:/st/stm32cubeide_1.10.0/stm32cubeide/plugins/com.st.stm32cube.ide.mcu.externaltools.gnu-tools-for-stm32.10.3-2021.10.win32_1.0.0.202111181127/tools/bin/../lib/gcc/arm-none-eabi/10.3.1/../../../../arm-none-eabi/lib/thumb/v7e-m+fp/hard\libc_nano.a(lib_a-memset.o)
                0x000000000800de90                memset
 .text.__cvt    0x000000000800dea0       0xc4 c:/st/stm32cubeide_1.10.0/stm32cubeide/plugins/com.st.stm32cube.ide.mcu.externaltools.gnu-tools-for-stm32.10.3-2021.10.win32_1.0.0.202111181127/tools/bin/../lib/gcc/arm-none-eabi/10.3.1/../../../../arm-none-eabi/lib/thumb/v7e-m+fp/hard\libc_nano.a(lib_a-nano-vfprintf_float.o)
                0x000000000800dea0                __cvt
 .text.__exponent
                0x000000000800df64       0x7c c:/st/stm32cubeide_1.10.0/stm32cubeide/plugins/com.st.stm32cube.ide.mcu.externaltools.gnu-tools-for-stm32.10.3-2021.10.win32_1.0.0.202111181127/tools/bin/../lib/gcc/arm-none-eabi/10.3.1/../../../../arm-none-eabi/lib/thumb/v7e-m+fp/hard\libc_nano.a(lib_a-nano-vfprintf_float.o)
                0x000000000800df64                __exponent
 .text._printf_float
                0x000000000800dfe0      0x46c c:/st/stm32cubeide_1.10.0/stm32cubeide/plugins/com.st.stm32cube.ide.mcu.externaltools.gnu-tools-for-stm32.10.3-2021.10.win32_1.0.0.202111181127/tools/bin/../lib/gcc/arm-none-eabi/10.3.1/../../../../arm-none-eabi/lib/thumb/v7e-m+fp/hard\libc_nano.a(lib_a-nano-vfprintf_float.o)
                0x000000000800dfe0                _printf_float
 .text._printf_common
                0x000000000800e44c       0xda c:/st/stm32cubeide_1.10.0/stm32cubeide/plugins/com.st.stm32cube.ide.mcu.externaltools.gnu-tools-for-stm32.10.3-2021.10.win32_1.0.0.202111181127/tools/bin/../lib/gcc/arm-none-eabi/10.3.1/../../../../arm-none-eabi/lib/thumb/v7e-m+fp/hard\libc_nano.a(lib_a-nano-vfprintf_i.o)
                0x000000000800e44c                _printf_common
 *fill*         0x000000000800e526        0x2 
 .text._printf_i
                0x000000000800e528      0x24c c:/st/stm32cubeide_1.10.0/stm32cubeide/plugins/com.st.stm32cube.ide.mcu.externaltools.gnu-tools-for-stm32.10.3-2021.10.win32_1.0.0.202111181127/tools/bin/../lib/gcc/arm-none-eabi/10.3.1/../../../../arm-none-eabi/lib/thumb/v7e-m+fp/hard\libc_nano.a(lib_a-nano-vfprintf_i.o)
                0x000000000800e528                _printf_i
 .text.snprintf
                0x000000000800e774       0x68 c:/st/stm32cubeide_1.10.0/stm32cubeide/plugins/com.st.stm32cube.ide.mcu.externaltools.gnu-tools-for-stm32.10.3-2021.10.win32_1.0.0.202111181127/tools/bin/../lib/gcc/arm-none-eabi/10.3.1/../../../../arm-none-eabi/lib/thumb/v7e-m+fp/hard\libc_nano.a(lib_a-snprintf.o)
                0x000000000800e774                sniprintf
                0x000000000800e774                snprintf
 .text.sprintf  0x000000000800e7dc       0x40 c:/st/stm32cubeide_1.10.0/stm32cubeide/plugins/com.st.stm32cube.ide.mcu.externaltools.gnu-tools-for-stm32.10.3-2021.10.win32_1.0.0.202111181127/tools/bin/../lib/gcc/arm-none-eabi/10.3.1/../../../../arm-none-eabi/lib/thumb/v7e-m+fp/hard\libc_nano.a(lib_a-sprintf.o)
                0x000000000800e7dc                siprintf
                0x000000000800e7dc                sprintf
 .text.quorem   0x000000000800e81c      0x116 c:/st/stm32cubeide_1.10.0/stm32cubeide/plugins/com.st.stm32cube.ide.mcu.externaltools.gnu-tools-for-stm32.10.3-2021.10.win32_1.0.0.202111181127/tools/bin/../lib/gcc/arm-none-eabi/10.3.1/../../../../arm-none-eabi/lib/thumb/v7e-m+fp/hard\libc_nano.a(lib_a-dtoa.o)
 *fill*         0x000000000800e932        0x6 
 .text._dtoa_r  0x000000000800e938      0xbdc c:/st/stm32cubeide_1.10.0/stm32cubeide/plugins/com.st.stm32cube.ide.mcu.externaltools.gnu-tools-for-stm32.10.3-2021.10.win32_1.0.0.202111181127/tools/bin/../lib/gcc/arm-none-eabi/10.3.1/../../../../arm-none-eabi/lib/thumb/v7e-m+fp/hard\libc_nano.a(lib_a-dtoa.o)
                0x000000000800e938                _dtoa_r
 .text._localeconv_r
                0x000000000800f514        0x8 c:/st/stm32cubeide_1.10.0/stm32cubeide/plugins/com.st.stm32cube.ide.mcu.externaltools.gnu-tools-for-stm32.10.3-2021.10.win32_1.0.0.202111181127/tools/bin/../lib/gcc/arm-none-eabi/10.3.1/../../../../arm-none-eabi/lib/thumb/v7e-m+fp/hard\libc_nano.a(lib_a-localeconv.o)
                0x000000000800f514                _localeconv_r
 .text.malloc   0x000000000800f51c       0x10 c:/st/stm32cubeide_1.10.0/stm32cubeide/plugins/com.st.stm32cube.ide.mcu.externaltools.gnu-tools-for-stm32.10.3-2021.10.win32_1.0.0.202111181127/tools/bin/../lib/gcc/arm-none-eabi/10.3.1/../../../../arm-none-eabi/lib/thumb/v7e-m+fp/hard\libc_nano.a(lib_a-malloc.o)
                0x000000000800f51c                malloc
 .text._Balloc  0x000000000800f52c       0x80 c:/st/stm32cubeide_1.10.0/stm32cubeide/plugins/com.st.stm32cube.ide.mcu.externaltools.gnu-tools-for-stm32.10.3-2021.10.win32_1.0.0.202111181127/tools/bin/../lib/gcc/arm-none-eabi/10.3.1/../../../../arm-none-eabi/lib/thumb/v7e-m+fp/hard\libc_nano.a(lib_a-mprec.o)
                0x000000000800f52c                _Balloc
 .text._Bfree   0x000000000800f5ac       0x44 c:/st/stm32cubeide_1.10.0/stm32cubeide/plugins/com.st.stm32cube.ide.mcu.externaltools.gnu-tools-for-stm32.10.3-2021.10.win32_1.0.0.202111181127/tools/bin/../lib/gcc/arm-none-eabi/10.3.1/../../../../arm-none-eabi/lib/thumb/v7e-m+fp/hard\libc_nano.a(lib_a-mprec.o)
                0x000000000800f5ac                _Bfree
 .text.__multadd
                0x000000000800f5f0       0x8c c:/st/stm32cubeide_1.10.0/stm32cubeide/plugins/com.st.stm32cube.ide.mcu.externaltools.gnu-tools-for-stm32.10.3-2021.10.win32_1.0.0.202111181127/tools/bin/../lib/gcc/arm-none-eabi/10.3.1/../../../../arm-none-eabi/lib/thumb/v7e-m+fp/hard\libc_nano.a(lib_a-mprec.o)
                0x000000000800f5f0                __multadd
 .text.__hi0bits
                0x000000000800f67c       0x40 c:/st/stm32cubeide_1.10.0/stm32cubeide/plugins/com.st.stm32cube.ide.mcu.externaltools.gnu-tools-for-stm32.10.3-2021.10.win32_1.0.0.202111181127/tools/bin/../lib/gcc/arm-none-eabi/10.3.1/../../../../arm-none-eabi/lib/thumb/v7e-m+fp/hard\libc_nano.a(lib_a-mprec.o)
                0x000000000800f67c                __hi0bits
 .text.__lo0bits
                0x000000000800f6bc       0x5e c:/st/stm32cubeide_1.10.0/stm32cubeide/plugins/com.st.stm32cube.ide.mcu.externaltools.gnu-tools-for-stm32.10.3-2021.10.win32_1.0.0.202111181127/tools/bin/../lib/gcc/arm-none-eabi/10.3.1/../../../../arm-none-eabi/lib/thumb/v7e-m+fp/hard\libc_nano.a(lib_a-mprec.o)
                0x000000000800f6bc                __lo0bits
 *fill*         0x000000000800f71a        0x2 
 .text.__i2b    0x000000000800f71c       0x2c c:/st/stm32cubeide_1.10.0/stm32cubeide/plugins/com.st.stm32cube.ide.mcu.externaltools.gnu-tools-for-stm32.10.3-2021.10.win32_1.0.0.202111181127/tools/bin/../lib/gcc/arm-none-eabi/10.3.1/../../../../arm-none-eabi/lib/thumb/v7e-m+fp/hard\libc_nano.a(lib_a-mprec.o)
                0x000000000800f71c                __i2b
 .text.__multiply
                0x000000000800f748      0x154 c:/st/stm32cubeide_1.10.0/stm32cubeide/plugins/com.st.stm32cube.ide.mcu.externaltools.gnu-tools-for-stm32.10.3-2021.10.win32_1.0.0.202111181127/tools/bin/../lib/gcc/arm-none-eabi/10.3.1/../../../../arm-none-eabi/lib/thumb/v7e-m+fp/hard\libc_nano.a(lib_a-mprec.o)
                0x000000000800f748                __multiply
 .text.__pow5mult
                0x000000000800f89c       0xb4 c:/st/stm32cubeide_1.10.0/stm32cubeide/plugins/com.st.stm32cube.ide.mcu.externaltools.gnu-tools-for-stm32.10.3-2021.10.win32_1.0.0.202111181127/tools/bin/../lib/gcc/arm-none-eabi/10.3.1/../../../../arm-none-eabi/lib/thumb/v7e-m+fp/hard\libc_nano.a(lib_a-mprec.o)
                0x000000000800f89c                __pow5mult
 .text.__lshift
                0x000000000800f950       0xe0 c:/st/stm32cubeide_1.10.0/stm32cubeide/plugins/com.st.stm32cube.ide.mcu.externaltools.gnu-tools-for-stm32.10.3-2021.10.win32_1.0.0.202111181127/tools/bin/../lib/gcc/arm-none-eabi/10.3.1/../../../../arm-none-eabi/lib/thumb/v7e-m+fp/hard\libc_nano.a(lib_a-mprec.o)
                0x000000000800f950                __lshift
 .text.__mcmp   0x000000000800fa30       0x38 c:/st/stm32cubeide_1.10.0/stm32cubeide/plugins/com.st.stm32cube.ide.mcu.externaltools.gnu-tools-for-stm32.10.3-2021.10.win32_1.0.0.202111181127/tools/bin/../lib/gcc/arm-none-eabi/10.3.1/../../../../arm-none-eabi/lib/thumb/v7e-m+fp/hard\libc_nano.a(lib_a-mprec.o)
                0x000000000800fa30                __mcmp
 .text.__mdiff  0x000000000800fa68      0x114 c:/st/stm32cubeide_1.10.0/stm32cubeide/plugins/com.st.stm32cube.ide.mcu.externaltools.gnu-tools-for-stm32.10.3-2021.10.win32_1.0.0.202111181127/tools/bin/../lib/gcc/arm-none-eabi/10.3.1/../../../../arm-none-eabi/lib/thumb/v7e-m+fp/hard\libc_nano.a(lib_a-mprec.o)
                0x000000000800fa68                __mdiff
 .text.__d2b    0x000000000800fb7c       0xb8 c:/st/stm32cubeide_1.10.0/stm32cubeide/plugins/com.st.stm32cube.ide.mcu.externaltools.gnu-tools-for-stm32.10.3-2021.10.win32_1.0.0.202111181127/tools/bin/../lib/gcc/arm-none-eabi/10.3.1/../../../../arm-none-eabi/lib/thumb/v7e-m+fp/hard\libc_nano.a(lib_a-mprec.o)
                0x000000000800fb7c                __d2b
 .text._calloc_r
                0x000000000800fc34       0x2c c:/st/stm32cubeide_1.10.0/stm32cubeide/plugins/com.st.stm32cube.ide.mcu.externaltools.gnu-tools-for-stm32.10.3-2021.10.win32_1.0.0.202111181127/tools/bin/../lib/gcc/arm-none-eabi/10.3.1/../../../../arm-none-eabi/lib/thumb/v7e-m+fp/hard\libc_nano.a(lib_a-nano-callocr.o)
                0x000000000800fc34                _calloc_r
 .text._free_r  0x000000000800fc60       0x98 c:/st/stm32cubeide_1.10.0/stm32cubeide/plugins/com.st.stm32cube.ide.mcu.externaltools.gnu-tools-for-stm32.10.3-2021.10.win32_1.0.0.202111181127/tools/bin/../lib/gcc/arm-none-eabi/10.3.1/../../../../arm-none-eabi/lib/thumb/v7e-m+fp/hard\libc_nano.a(lib_a-nano-freer.o)
                0x000000000800fc60                _free_r
 .text.sbrk_aligned
                0x000000000800fcf8       0x40 c:/st/stm32cubeide_1.10.0/stm32cubeide/plugins/com.st.stm32cube.ide.mcu.externaltools.gnu-tools-for-stm32.10.3-2021.10.win32_1.0.0.202111181127/tools/bin/../lib/gcc/arm-none-eabi/10.3.1/../../../../arm-none-eabi/lib/thumb/v7e-m+fp/hard\libc_nano.a(lib_a-nano-mallocr.o)
 .text._malloc_r
                0x000000000800fd38       0xe8 c:/st/stm32cubeide_1.10.0/stm32cubeide/plugins/com.st.stm32cube.ide.mcu.externaltools.gnu-tools-for-stm32.10.3-2021.10.win32_1.0.0.202111181127/tools/bin/../lib/gcc/arm-none-eabi/10.3.1/../../../../arm-none-eabi/lib/thumb/v7e-m+fp/hard\libc_nano.a(lib_a-nano-mallocr.o)
                0x000000000800fd38                _malloc_r
 .text.__ssputs_r
                0x000000000800fe20       0xb6 c:/st/stm32cubeide_1.10.0/stm32cubeide/plugins/com.st.stm32cube.ide.mcu.externaltools.gnu-tools-for-stm32.10.3-2021.10.win32_1.0.0.202111181127/tools/bin/../lib/gcc/arm-none-eabi/10.3.1/../../../../arm-none-eabi/lib/thumb/v7e-m+fp/hard\libc_nano.a(lib_a-nano-svfprintf.o)
                0x000000000800fe20                __ssputs_r
 *fill*         0x000000000800fed6        0x2 
 .text._svfprintf_r